Archive member included to satisfy reference by file (symbol)

c:/devkitPro/libogc/lib/wii\libwiiuse.a(wpad.o)
                              gxsprites.o (WPAD_Init)
c:/devkitPro/libogc/lib/wii\libwiiuse.a(motion_plus.o)
                              c:/devkitPro/libogc/lib/wii\libwiiuse.a(wpad.o) (wiiuse_set_motion_plus)
c:/devkitPro/libogc/lib/wii\libwiiuse.a(dynamics.o)
                              c:/devkitPro/libogc/lib/wii\libwiiuse.a(wpad.o) (calculate_gforce)
c:/devkitPro/libogc/lib/wii\libwiiuse.a(io.o)
                              c:/devkitPro/libogc/lib/wii\libwiiuse.a(motion_plus.o) (wiiuse_disable_expansion)
c:/devkitPro/libogc/lib/wii\libwiiuse.a(io_wii.o)
                              c:/devkitPro/libogc/lib/wii\libwiiuse.a(wpad.o) (__wiiuse_sensorbar_enable)
c:/devkitPro/libogc/lib/wii\libwiiuse.a(ir.o)
                              c:/devkitPro/libogc/lib/wii\libwiiuse.a(motion_plus.o) (wiiuse_set_ir_mode)
c:/devkitPro/libogc/lib/wii\libwiiuse.a(nunchuk.o)
                              c:/devkitPro/libogc/lib/wii\libwiiuse.a(io.o) (nunchuk_handshake)
c:/devkitPro/libogc/lib/wii\libwiiuse.a(wiiboard.o)
                              c:/devkitPro/libogc/lib/wii\libwiiuse.a(io.o) (wii_board_handshake)
c:/devkitPro/libogc/lib/wii\libwiiuse.a(wiiuse.o)
                              c:/devkitPro/libogc/lib/wii\libwiiuse.a(wpad.o) (wiiuse_init)
c:/devkitPro/libogc/lib/wii\libwiiuse.a(speaker.o)
                              c:/devkitPro/libogc/lib/wii\libwiiuse.a(wpad.o) (wencdata)
c:/devkitPro/libogc/lib/wii\libwiiuse.a(classic.o)
                              c:/devkitPro/libogc/lib/wii\libwiiuse.a(io.o) (classic_ctrl_handshake)
c:/devkitPro/libogc/lib/wii\libwiiuse.a(events.o)
                              c:/devkitPro/libogc/lib/wii\libwiiuse.a(io_wii.o) (parse_event)
c:/devkitPro/libogc/lib/wii\libwiiuse.a(guitar_hero_3.o)
                              c:/devkitPro/libogc/lib/wii\libwiiuse.a(io.o) (guitar_hero_3_handshake)
c:/devkitPro/libogc/lib/wii\libbte.a(bte.o)
                              c:/devkitPro/libogc/lib/wii\libwiiuse.a(wpad.o) (BTE_Init)
c:/devkitPro/libogc/lib/wii\libbte.a(hci.o)
                              c:/devkitPro/libogc/lib/wii\libbte.a(bte.o) (hci_init)
c:/devkitPro/libogc/lib/wii\libbte.a(l2cap.o)
                              c:/devkitPro/libogc/lib/wii\libbte.a(bte.o) (l2cap_init)
c:/devkitPro/libogc/lib/wii\libbte.a(btmemb.o)
                              c:/devkitPro/libogc/lib/wii\libbte.a(bte.o) (btmemb_init)
c:/devkitPro/libogc/lib/wii\libbte.a(btmemr.o)
                              c:/devkitPro/libogc/lib/wii\libbte.a(hci.o) (btmemr_init)
c:/devkitPro/libogc/lib/wii\libbte.a(btpbuf.o)
                              c:/devkitPro/libogc/lib/wii\libbte.a(hci.o) (btpbuf_init)
c:/devkitPro/libogc/lib/wii\libbte.a(physbusif.o)
                              c:/devkitPro/libogc/lib/wii\libbte.a(bte.o) (physbusif_init)
c:/devkitPro/libogc/lib/wii\libogc.a(lwp_queue.o)
                              c:/devkitPro/libogc/lib/wii\libwiiuse.a(io_wii.o) (__lwp_queue_initialize)
c:/devkitPro/libogc/lib/wii\libogc.a(lwp_threads.o)
                              c:/devkitPro/libogc/lib/wii\libwiiuse.a(wpad.o) (_thread_dispatch_disable_level)
c:/devkitPro/libogc/lib/wii\libogc.a(lwp.o)
                              c:/devkitPro/libogc/lib/wii\libbte.a(bte.o) (LWP_InitQueue)
c:/devkitPro/libogc/lib/wii\libogc.a(lwp_handler.o)
                              c:/devkitPro/libogc/lib/wii\libogc.a(lwp_threads.o) (_cpu_context_save_fp)
c:/devkitPro/libogc/lib/wii\libogc.a(lwp_stack.o)
                              c:/devkitPro/libogc/lib/wii\libogc.a(lwp_threads.o) (__lwp_stack_allocate)
c:/devkitPro/libogc/lib/wii\libogc.a(lwp_watchdog.o)
                              c:/devkitPro/libogc/lib/wii\libogc.a(lwp_threads.o) (_wd_ticks_queue)
c:/devkitPro/libogc/lib/wii\libogc.a(lwp_wkspace.o)
                              c:/devkitPro/libogc/lib/wii\libwiiuse.a(motion_plus.o) (__wkspace_heap)
c:/devkitPro/libogc/lib/wii\libogc.a(lwp_objmgr.o)
                              c:/devkitPro/libogc/lib/wii\libogc.a(lwp.o) (__lwp_objmgr_initinfo)
c:/devkitPro/libogc/lib/wii\libogc.a(lwp_heap.o)
                              c:/devkitPro/libogc/lib/wii\libogc.a(lwp_wkspace.o) (__lwp_heap_init)
c:/devkitPro/libogc/lib/wii\libogc.a(sys_state.o)
                              c:/devkitPro/libogc/lib/wii\libogc.a(lwp_threads.o) (_sys_state_curr)
c:/devkitPro/libogc/lib/wii\libogc.a(irq.o)
                              c:/devkitPro/libogc/lib/wii\libwiiuse.a(io_wii.o) (IRQ_Disable)
c:/devkitPro/libogc/lib/wii\libogc.a(video.o)
                              gxsprites.o (VIDEO_Configure)
c:/devkitPro/libogc/lib/wii\libogc.a(system.o)
                              c:/devkitPro/libogc/lib/wii\libwiiuse.a(wpad.o) (__SYS_DoPowerCB)
c:/devkitPro/libogc/lib/wii\libogc.a(system_asm.o)
                              c:/devkitPro/libogc/lib/wii\libbte.a(bte.o) (SYS_SwitchFiber)
[...]
Memory Configuration

Name             Origin             Length             Attributes
*default*        0x00000000         0xffffffff

Linker script and memory map

                0x00003400                . = 0x3400

.stub
 *(.stub)
                0x80004000                . = 0x80004000

.init           0x80004000      0x194
 *crt0.o(*.init)
 .init          0x80004000      0x170 c:/devkitPro/libogc/lib/wii\libogc.a(ogc_crt0.o)
                0x80004000                _start
                0x80004140                _memset
 *(.init)
 .init          0x80004170        0xc c:/devkitpro/devkitppc/bin/../lib/gcc/powerpc-eabi/6.3.0/ecrti.o
                0x80004170                __init
 .init          0x8000417c        0x4 c:/devkitpro/devkitppc/bin/../lib/gcc/powerpc-eabi/6.3.0/crtbegin.o
 .init          0x80004180        0x4 c:/devkitpro/devkitppc/bin/../lib/gcc/powerpc-eabi/6.3.0/crtend.o
 .init          0x80004184       0x10 c:/devkitpro/devkitppc/bin/../lib/gcc/powerpc-eabi/6.3.0/ecrtn.o

.rela.dyn       0x80004194        0x0
 .rela.iplt     0x80004194        0x0 c:/devkitpro/devkitppc/bin/../lib/gcc/powerpc-eabi/6.3.0/crtbegin.o

.plt
 *(.plt)

.interp
 *(.interp)

.hash
 *(.hash)

.dynsym
 *(.dynsym)

.dynstr
 *(.dynstr)

.gnu.version
 *(.gnu.version)

.gnu.version_d
 *(.gnu.version_d)

.gnu.version_r
 *(.gnu.version_r)

.rel.init
 *(.rel.init)

.rela.init      0x80004194        0x0
 *(.rela.init)
 .rela.init     0x80004194        0x0 c:/devkitpro/devkitppc/bin/../lib/gcc/powerpc-eabi/6.3.0/crtbegin.o

.rel.text
 *(.rel.text .rel.text.* .rel.gnu.linkonce.t.*)

.rela.text      0x80004194        0x0
 *(.rela.text .rela.text.* .rela.gnu.linkonce.t.*)
 .rela.text.deregister_tm_clones
                0x80004194        0x0 c:/devkitpro/devkitppc/bin/../lib/gcc/powerpc-eabi/6.3.0/crtbegin.o
 .rela.text.register_tm_clones
                0x80004194        0x0 c:/devkitpro/devkitppc/bin/../lib/gcc/powerpc-eabi/6.3.0/crtbegin.o
 .rela.text.__do_global_dtors_aux
                0x80004194        0x0 c:/devkitpro/devkitppc/bin/../lib/gcc/powerpc-eabi/6.3.0/crtbegin.o
 .rela.text.frame_dummy
                0x80004194        0x0 c:/devkitpro/devkitppc/bin/../lib/gcc/powerpc-eabi/6.3.0/crtbegin.o
 .rela.text.drawSpriteTex
                0x80004194        0x0 c:/devkitpro/devkitppc/bin/../lib/gcc/powerpc-eabi/6.3.0/crtbegin.o
 .rela.text.startup.main
                0x80004194        0x0 c:/devkitpro/devkitppc/bin/../lib/gcc/powerpc-eabi/6.3.0/crtbegin.o
 .rela.text.wiiuse_probe_motion_plus_check1
                0x80004194        0x0 c:/devkitpro/devkitppc/bin/../lib/gcc/powerpc-eabi/6.3.0/crtbegin.o
 .rela.text.wiiuse_probe_motion_plus
                0x80004194        0x0 c:/devkitpro/devkitppc/bin/../lib/gcc/powerpc-eabi/6.3.0/crtbegin.o
 .rela.text.wiiuse_handshake
                0x80004194        0x0 c:/devkitpro/devkitppc/bin/../lib/gcc/powerpc-eabi/6.3.0/crtbegin.o
 .rela.text.wiiuse_handshake_expansion
                0x80004194        0x0 c:/devkitpro/devkitppc/bin/../lib/gcc/powerpc-eabi/6.3.0/crtbegin.o
 .rela.text.wiiuse_init_cmd_queue
                0x80004194        0x0 c:/devkitpro/devkitppc/bin/../lib/gcc/powerpc-eabi/6.3.0/crtbegin.o
 .rela.text.wiiuse_init
                0x80004194        0x0 c:/devkitpro/devkitppc/bin/../lib/gcc/powerpc-eabi/6.3.0/crtbegin.o
 .rela.text.bt_alarmhandler
                0x80004194        0x0 c:/devkitpro/devkitppc/bin/../lib/gcc/powerpc-eabi/6.3.0/crtbegin.o
 .rela.text.__lwp_rotate_readyqueue
                0x80004194        0x0 c:/devkitpro/devkitppc/bin/../lib/gcc/powerpc-eabi/6.3.0/crtbegin.o
 .rela.text.__lwp_thread_tickle_timeslice
                0x80004194        0x0 c:/devkitpro/devkitppc/bin/../lib/gcc/powerpc-eabi/6.3.0/crtbegin.o
 .rela.text.__lwp_thread_setstate
                0x80004194        0x0 c:/devkitpro/devkitppc/bin/../lib/gcc/powerpc-eabi/6.3.0/crtbegin.o
 .rela.text.__lwp_thread_setpriority
                0x80004194        0x0 c:/devkitpro/devkitppc/bin/../lib/gcc/powerpc-eabi/6.3.0/crtbegin.o
 .rela.text.__lwp_thread_suspend
                0x80004194        0x0 c:/devkitpro/devkitppc/bin/../lib/gcc/powerpc-eabi/6.3.0/crtbegin.o
 .rela.text.__lwp_thread_changepriority
                0x80004194        0x0 c:/devkitpro/devkitppc/bin/../lib/gcc/powerpc-eabi/6.3.0/crtbegin.o
 .rela.text.__lwp_thread_ready
                0x80004194        0x0 c:/devkitpro/devkitppc/bin/../lib/gcc/powerpc-eabi/6.3.0/crtbegin.o
 .rela.text.__lwp_thread_init
                0x80004194        0x0 c:/devkitpro/devkitppc/bin/../lib/gcc/powerpc-eabi/6.3.0/crtbegin.o
 .rela.text.__lwp_thread_close
                0x80004194        0x0 c:/devkitpro/devkitppc/bin/../lib/gcc/powerpc-eabi/6.3.0/crtbegin.o
 .rela.text.__lwp_thread_closeall
                0x80004194        0x0 c:/devkitpro/devkitppc/bin/../lib/gcc/powerpc-eabi/6.3.0/crtbegin.o
 .rela.text.__lwp_thread_startmultitasking
                0x80004194        0x0 c:/devkitpro/devkitppc/bin/../lib/gcc/powerpc-eabi/6.3.0/crtbegin.o
 .rela.text.__lwp_thread_stopmultitasking
                0x80004194        0x0 c:/devkitpro/devkitppc/bin/../lib/gcc/powerpc-eabi/6.3.0/crtbegin.o
 .rela.text.__lwp_thread_coreinit
                0x80004194        0x0 c:/devkitpro/devkitppc/bin/../lib/gcc/powerpc-eabi/6.3.0/crtbegin.o
 .rela.text.__lwp_sysinit
                0x80004194        0x0 c:/devkitpro/devkitppc/bin/../lib/gcc/powerpc-eabi/6.3.0/crtbegin.o
 .rela.text.__lwp_thread_isalive
                0x80004194        0x0 c:/devkitpro/devkitppc/bin/../lib/gcc/powerpc-eabi/6.3.0/crtbegin.o
 .rela.text.__lwp_thread_exists
                0x80004194        0x0 c:/devkitpro/devkitppc/bin/../lib/gcc/powerpc-eabi/6.3.0/crtbegin.o
 .rela.text.__lwp_thread_context
                0x80004194        0x0 c:/devkitpro/devkitppc/bin/../lib/gcc/powerpc-eabi/6.3.0/crtbegin.o
 .rela.text.LWP_CreateThread
                0x80004194        0x0 c:/devkitpro/devkitppc/bin/../lib/gcc/powerpc-eabi/6.3.0/crtbegin.o
 .rela.text.LWP_SuspendThread
                0x80004194        0x0 c:/devkitpro/devkitppc/bin/../lib/gcc/powerpc-eabi/6.3.0/crtbegin.o
 .rela.text.LWP_ResumeThread
                0x80004194        0x0 c:/devkitpro/devkitppc/bin/../lib/gcc/powerpc-eabi/6.3.0/crtbegin.o
 .rela.text.LWP_SetThreadPriority
                0x80004194        0x0 c:/devkitpro/devkitppc/bin/../lib/gcc/powerpc-eabi/6.3.0/crtbegin.o
 .rela.text.LWP_ThreadIsSuspended
                0x80004194        0x0 c:/devkitpro/devkitppc/bin/../lib/gcc/powerpc-eabi/6.3.0/crtbegin.o
 .rela.text.LWP_JoinThread
                0x80004194        0x0 c:/devkitpro/devkitppc/bin/../lib/gcc/powerpc-eabi/6.3.0/crtbegin.o
 .rela.text.LWP_InitQueue
                0x80004194        0x0 c:/devkitpro/devkitppc/bin/../lib/gcc/powerpc-eabi/6.3.0/crtbegin.o
 .rela.text.LWP_CloseQueue
                0x80004194        0x0 c:/devkitpro/devkitppc/bin/../lib/gcc/powerpc-eabi/6.3.0/crtbegin.o
 .rela.text.LWP_ThreadSleep
                0x80004194        0x0 c:/devkitpro/devkitppc/bin/../lib/gcc/powerpc-eabi/6.3.0/crtbegin.o
 .rela.text.LWP_ThreadBroadcast
                0x80004194        0x0 c:/devkitpro/devkitppc/bin/../lib/gcc/powerpc-eabi/6.3.0/crtbegin.o
 .rela.text.LWP_ThreadSignal
                0x80004194        0x0 c:/devkitpro/devkitppc/bin/../lib/gcc/powerpc-eabi/6.3.0/crtbegin.o
 .rela.text.__lwp_stack_allocate
                0x80004194        0x0 c:/devkitpro/devkitppc/bin/../lib/gcc/powerpc-eabi/6.3.0/crtbegin.o
 .rela.text.__lwp_stack_free
                0x80004194        0x0 c:/devkitpro/devkitppc/bin/../lib/gcc/powerpc-eabi/6.3.0/crtbegin.o
 .rela.text.__lwp_watchdog_init
                0x80004194        0x0 c:/devkitpro/devkitppc/bin/../lib/gcc/powerpc-eabi/6.3.0/crtbegin.o
 .rela.text.__lwp_wd_tickle
                0x80004194        0x0 c:/devkitpro/devkitppc/bin/../lib/gcc/powerpc-eabi/6.3.0/crtbegin.o
 .rela.text.__lwp_wkspace_heapfree
                0x80004194        0x0 c:/devkitpro/devkitppc/bin/../lib/gcc/powerpc-eabi/6.3.0/crtbegin.o
 .rela.text.__lwp_wkspace_heapused
                0x80004194        0x0 c:/devkitpro/devkitppc/bin/../lib/gcc/powerpc-eabi/6.3.0/crtbegin.o
 .rela.text.__lwp_wkspace_init
                0x80004194        0x0 c:/devkitpro/devkitppc/bin/../lib/gcc/powerpc-eabi/6.3.0/crtbegin.o
 .rela.text.__lwp_objmgr_initinfo
                0x80004194        0x0 c:/devkitpro/devkitppc/bin/../lib/gcc/powerpc-eabi/6.3.0/crtbegin.o
 .rela.text.__irq_init
                0x80004194        0x0 c:/devkitpro/devkitppc/bin/../lib/gcc/powerpc-eabi/6.3.0/crtbegin.o
 .rela.text.__call_resetfuncs
                0x80004194        0x0 c:/devkitpro/devkitppc/bin/../lib/gcc/powerpc-eabi/6.3.0/crtbegin.o
 .rela.text.__unlocksram
                0x80004194        0x0 c:/devkitpro/devkitppc/bin/../lib/gcc/powerpc-eabi/6.3.0/crtbegin.o
 .rela.text.__sram_writecallback
                0x80004194        0x0 c:/devkitpro/devkitppc/bin/../lib/gcc/powerpc-eabi/6.3.0/crtbegin.o
 .rela.text.__sys_alarmhandler
                0x80004194        0x0 c:/devkitpro/devkitppc/bin/../lib/gcc/powerpc-eabi/6.3.0/crtbegin.o
 .rela.text.__sram_read.constprop.10
                0x80004194        0x0 c:/devkitpro/devkitppc/bin/../lib/gcc/powerpc-eabi/6.3.0/crtbegin.o
 .rela.text.__sram_init
                0x80004194        0x0 c:/devkitpro/devkitppc/bin/../lib/gcc/powerpc-eabi/6.3.0/crtbegin.o
 .rela.text.__SYS_LockSram
                0x80004194        0x0 c:/devkitpro/devkitppc/bin/../lib/gcc/powerpc-eabi/6.3.0/crtbegin.o
 .rela.text.__SYS_LockSramEx
                0x80004194        0x0 c:/devkitpro/devkitppc/bin/../lib/gcc/powerpc-eabi/6.3.0/crtbegin.o
 .rela.text.__SYS_SyncSram
                0x80004194        0x0 c:/devkitpro/devkitppc/bin/../lib/gcc/powerpc-eabi/6.3.0/crtbegin.o
 .rela.text.__SYS_SetBootTime
                0x80004194        0x0 c:/devkitpro/devkitppc/bin/../lib/gcc/powerpc-eabi/6.3.0/crtbegin.o
 .rela.text.SYS_Init
                0x80004194        0x0 c:/devkitpro/devkitppc/bin/../lib/gcc/powerpc-eabi/6.3.0/crtbegin.o
 .rela.text.SYS_SetAlarm
                0x80004194        0x0 c:/devkitpro/devkitppc/bin/../lib/gcc/powerpc-eabi/6.3.0/crtbegin.o
 .rela.text.SYS_SetPeriodicAlarm
                0x80004194        0x0 c:/devkitpro/devkitppc/bin/../lib/gcc/powerpc-eabi/6.3.0/crtbegin.o
 .rela.text.SYS_RemoveAlarm
                0x80004194        0x0 c:/devkitpro/devkitppc/bin/../lib/gcc/powerpc-eabi/6.3.0/crtbegin.o
 .rela.text.SYS_CancelAlarm
                0x80004194        0x0 c:/devkitpro/devkitppc/bin/../lib/gcc/powerpc-eabi/6.3.0/crtbegin.o
 .rela.text.SYS_SetWirelessID
                0x80004194        0x0 c:/devkitpro/devkitppc/bin/../lib/gcc/powerpc-eabi/6.3.0/crtbegin.o
 .rela.text.SYS_GetWirelessID
                0x80004194        0x0 c:/devkitpro/devkitppc/bin/../lib/gcc/powerpc-eabi/6.3.0/crtbegin.o
 .rela.text.__lwp_cond_waitsupp.constprop.4
                0x80004194        0x0 c:/devkitpro/devkitppc/bin/../lib/gcc/powerpc-eabi/6.3.0/crtbegin.o
 .rela.text.__lwp_cond_signalsupp
                0x80004194        0x0 c:/devkitpro/devkitppc/bin/../lib/gcc/powerpc-eabi/6.3.0/crtbegin.o
 .rela.text.__lwp_cond_init
                0x80004194        0x0 c:/devkitpro/devkitppc/bin/../lib/gcc/powerpc-eabi/6.3.0/crtbegin.o
 .rela.text.LWP_CondInit
                0x80004194        0x0 c:/devkitpro/devkitppc/bin/../lib/gcc/powerpc-eabi/6.3.0/crtbegin.o
 .rela.text.LWP_CondDestroy
                0x80004194        0x0 c:/devkitpro/devkitppc/bin/../lib/gcc/powerpc-eabi/6.3.0/crtbegin.o
 .rela.text.__GX_InitRevBits
                0x80004194        0x0 c:/devkitpro/devkitppc/bin/../lib/gcc/powerpc-eabi/6.3.0/crtbegin.o
 .rela.text.__GX_CleanGPFifo
                0x80004194        0x0 c:/devkitpro/devkitppc/bin/../lib/gcc/powerpc-eabi/6.3.0/crtbegin.o
 .rela.text.__GXDefTexRegionCallback
                0x80004194        0x0 c:/devkitpro/devkitppc/bin/../lib/gcc/powerpc-eabi/6.3.0/crtbegin.o
 .rela.text.__GXDefTlutRegionCallback
                0x80004194        0x0 c:/devkitpro/devkitppc/bin/../lib/gcc/powerpc-eabi/6.3.0/crtbegin.o
 .rela.text.__SetSURegs
                0x80004194        0x0 c:/devkitpro/devkitppc/bin/../lib/gcc/powerpc-eabi/6.3.0/crtbegin.o
 .rela.text.__GXCPInterruptHandler
                0x80004194        0x0 c:/devkitpro/devkitppc/bin/../lib/gcc/powerpc-eabi/6.3.0/crtbegin.o
 .rela.text.__GX_Abort
                0x80004194        0x0 c:/devkitpro/devkitppc/bin/../lib/gcc/powerpc-eabi/6.3.0/crtbegin.o
 .rela.text.GX_SetTexCoordGen2.part.7
                0x80004194        0x0 c:/devkitpro/devkitppc/bin/../lib/gcc/powerpc-eabi/6.3.0/crtbegin.o
 .rela.text.__GX_SetDirtyState
                0x80004194        0x0 c:/devkitpro/devkitppc/bin/../lib/gcc/powerpc-eabi/6.3.0/crtbegin.o
 .rela.text.GX_SetCPUFifo
                0x80004194        0x0 c:/devkitpro/devkitppc/bin/../lib/gcc/powerpc-eabi/6.3.0/crtbegin.o
 .rela.text.GX_SetGPFifo
                0x80004194        0x0 c:/devkitpro/devkitppc/bin/../lib/gcc/powerpc-eabi/6.3.0/crtbegin.o
 .rela.text.GX_RestoreWriteGatherPipe
                0x80004194        0x0 c:/devkitpro/devkitppc/bin/../lib/gcc/powerpc-eabi/6.3.0/crtbegin.o
 .rela.text.GX_Flush
                0x80004194        0x0 c:/devkitpro/devkitppc/bin/../lib/gcc/powerpc-eabi/6.3.0/crtbegin.o
 .rela.text.GX_RedirectWriteGatherPipe
                0x80004194        0x0 c:/devkitpro/devkitppc/bin/../lib/gcc/powerpc-eabi/6.3.0/crtbegin.o
 .rela.text.__gx_onreset
                0x80004194        0x0 c:/devkitpro/devkitppc/bin/../lib/gcc/powerpc-eabi/6.3.0/crtbegin.o
 .rela.text.GX_EnableBreakPt
                0x80004194        0x0 c:/devkitpro/devkitppc/bin/../lib/gcc/powerpc-eabi/6.3.0/crtbegin.o
 .rela.text.GX_DisableBreakPt
                0x80004194        0x0 c:/devkitpro/devkitppc/bin/../lib/gcc/powerpc-eabi/6.3.0/crtbegin.o
 .rela.text.GX_AbortFrame
                0x80004194        0x0 c:/devkitpro/devkitppc/bin/../lib/gcc/powerpc-eabi/6.3.0/crtbegin.o
 .rela.text.GX_PixModeSync
                0x80004194        0x0 c:/devkitpro/devkitppc/bin/../lib/gcc/powerpc-eabi/6.3.0/crtbegin.o
 .rela.text.GX_SetMisc
                0x80004194        0x0 c:/devkitpro/devkitppc/bin/../lib/gcc/powerpc-eabi/6.3.0/crtbegin.o
 .rela.text.GX_SetCopyClamp
                0x80004194        0x0 c:/devkitpro/devkitppc/bin/../lib/gcc/powerpc-eabi/6.3.0/crtbegin.o
 .rela.text.GX_SetDispCopyGamma
                0x80004194        0x0 c:/devkitpro/devkitppc/bin/../lib/gcc/powerpc-eabi/6.3.0/crtbegin.o
 .rela.text.GX_SetDispCopyFrame2Field
                0x80004194        0x0 c:/devkitpro/devkitppc/bin/../lib/gcc/powerpc-eabi/6.3.0/crtbegin.o
 .rela.text.GX_SetDispCopyYScale
                0x80004194        0x0 c:/devkitpro/devkitppc/bin/../lib/gcc/powerpc-eabi/6.3.0/crtbegin.o
 .rela.text.GX_SetDispCopyDst
                0x80004194        0x0 c:/devkitpro/devkitppc/bin/../lib/gcc/powerpc-eabi/6.3.0/crtbegin.o
 .rela.text.GX_SetDispCopySrc
                0x80004194        0x0 c:/devkitpro/devkitppc/bin/../lib/gcc/powerpc-eabi/6.3.0/crtbegin.o
 .rela.text.GX_CopyDisp
                0x80004194        0x0 c:/devkitpro/devkitppc/bin/../lib/gcc/powerpc-eabi/6.3.0/crtbegin.o
 .rela.text.GX_CopyTex
                0x80004194        0x0 c:/devkitpro/devkitppc/bin/../lib/gcc/powerpc-eabi/6.3.0/crtbegin.o
 .rela.text.GX_SetTexCopySrc
                0x80004194        0x0 c:/devkitpro/devkitppc/bin/../lib/gcc/powerpc-eabi/6.3.0/crtbegin.o
 .rela.text.GX_SetTexCopyDst
                0x80004194        0x0 c:/devkitpro/devkitppc/bin/../lib/gcc/powerpc-eabi/6.3.0/crtbegin.o
 .rela.text.GX_BeginDispList
                0x80004194        0x0 c:/devkitpro/devkitppc/bin/../lib/gcc/powerpc-eabi/6.3.0/crtbegin.o
 .rela.text.GX_EndDispList
                0x80004194        0x0 c:/devkitpro/devkitppc/bin/../lib/gcc/powerpc-eabi/6.3.0/crtbegin.o
 .rela.text.GX_CallDispList
                0x80004194        0x0 c:/devkitpro/devkitppc/bin/../lib/gcc/powerpc-eabi/6.3.0/crtbegin.o
 .rela.text.GX_SetChanCtrl
                0x80004194        0x0 c:/devkitpro/devkitppc/bin/../lib/gcc/powerpc-eabi/6.3.0/crtbegin.o
 .rela.text.GX_SetChanAmbColor
                0x80004194        0x0 c:/devkitpro/devkitppc/bin/../lib/gcc/powerpc-eabi/6.3.0/crtbegin.o
 .rela.text.GX_SetChanMatColor
                0x80004194        0x0 c:/devkitpro/devkitppc/bin/../lib/gcc/powerpc-eabi/6.3.0/crtbegin.o
 .rela.text.GX_SetVtxDesc
                0x80004194        0x0 c:/devkitpro/devkitppc/bin/../lib/gcc/powerpc-eabi/6.3.0/crtbegin.o
 .rela.text.GX_SetVtxDescv
                0x80004194        0x0 c:/devkitpro/devkitppc/bin/../lib/gcc/powerpc-eabi/6.3.0/crtbegin.o
 .rela.text.GX_GetVtxDescv
                0x80004194        0x0 c:/devkitpro/devkitppc/bin/../lib/gcc/powerpc-eabi/6.3.0/crtbegin.o
 .rela.text.GX_SetVtxAttrFmt
                0x80004194        0x0 c:/devkitpro/devkitppc/bin/../lib/gcc/powerpc-eabi/6.3.0/crtbegin.o
 .rela.text.GX_SetVtxAttrFmtv
                0x80004194        0x0 c:/devkitpro/devkitppc/bin/../lib/gcc/powerpc-eabi/6.3.0/crtbegin.o
 .rela.text.GX_Begin
                0x80004194        0x0 c:/devkitpro/devkitppc/bin/../lib/gcc/powerpc-eabi/6.3.0/crtbegin.o
 .rela.text.GX_SetCurrentMtx
                0x80004194        0x0 c:/devkitpro/devkitppc/bin/../lib/gcc/powerpc-eabi/6.3.0/crtbegin.o
 .rela.text.GX_SetNumTexGens
                0x80004194        0x0 c:/devkitpro/devkitppc/bin/../lib/gcc/powerpc-eabi/6.3.0/crtbegin.o
 .rela.text.GX_SetZMode
                0x80004194        0x0 c:/devkitpro/devkitppc/bin/../lib/gcc/powerpc-eabi/6.3.0/crtbegin.o
 .rela.text.GX_LoadTexObjPreloaded
                0x80004194        0x0 c:/devkitpro/devkitppc/bin/../lib/gcc/powerpc-eabi/6.3.0/crtbegin.o
 .rela.text.GX_PreloadEntireTexture
                0x80004194        0x0 c:/devkitpro/devkitppc/bin/../lib/gcc/powerpc-eabi/6.3.0/crtbegin.o
 .rela.text.GX_InvalidateTexAll
                0x80004194        0x0 c:/devkitpro/devkitppc/bin/../lib/gcc/powerpc-eabi/6.3.0/crtbegin.o
 .rela.text.GX_InvalidateTexRegion
                0x80004194        0x0 c:/devkitpro/devkitppc/bin/../lib/gcc/powerpc-eabi/6.3.0/crtbegin.o
 .rela.text.GX_LoadTlut
                0x80004194        0x0 c:/devkitpro/devkitppc/bin/../lib/gcc/powerpc-eabi/6.3.0/crtbegin.o
 .rela.text.GX_SetTexCoordScaleManually
                0x80004194        0x0 c:/devkitpro/devkitppc/bin/../lib/gcc/powerpc-eabi/6.3.0/crtbegin.o
 .rela.text.GX_SetTexCoordCylWrap
                0x80004194        0x0 c:/devkitpro/devkitppc/bin/../lib/gcc/powerpc-eabi/6.3.0/crtbegin.o
 .rela.text.GX_SetTexCoordBias
                0x80004194        0x0 c:/devkitpro/devkitppc/bin/../lib/gcc/powerpc-eabi/6.3.0/crtbegin.o
 .rela.text.GX_SetBlendMode
                0x80004194        0x0 c:/devkitpro/devkitppc/bin/../lib/gcc/powerpc-eabi/6.3.0/crtbegin.o
 .rela.text.GX_ClearVtxDesc
                0x80004194        0x0 c:/devkitpro/devkitppc/bin/../lib/gcc/powerpc-eabi/6.3.0/crtbegin.o
 .rela.text.GX_SetLineWidth
                0x80004194        0x0 c:/devkitpro/devkitppc/bin/../lib/gcc/powerpc-eabi/6.3.0/crtbegin.o
 .rela.text.GX_SetPointSize
                0x80004194        0x0 c:/devkitpro/devkitppc/bin/../lib/gcc/powerpc-eabi/6.3.0/crtbegin.o
 .rela.text.GX_SetTevColorIn
                0x80004194        0x0 c:/devkitpro/devkitppc/bin/../lib/gcc/powerpc-eabi/6.3.0/crtbegin.o
 .rela.text.GX_SetTevAlphaIn
                0x80004194        0x0 c:/devkitpro/devkitppc/bin/../lib/gcc/powerpc-eabi/6.3.0/crtbegin.o
 .rela.text.GX_SetTevColorOp
                0x80004194        0x0 c:/devkitpro/devkitppc/bin/../lib/gcc/powerpc-eabi/6.3.0/crtbegin.o
 .rela.text.GX_SetTevAlphaOp
                0x80004194        0x0 c:/devkitpro/devkitppc/bin/../lib/gcc/powerpc-eabi/6.3.0/crtbegin.o
 .rela.text.GX_SetTevOp
                0x80004194        0x0 c:/devkitpro/devkitppc/bin/../lib/gcc/powerpc-eabi/6.3.0/crtbegin.o
 .rela.text.GX_SetCullMode
                0x80004194        0x0 c:/devkitpro/devkitppc/bin/../lib/gcc/powerpc-eabi/6.3.0/crtbegin.o
 .rela.text.GX_SetCoPlanar
                0x80004194        0x0 c:/devkitpro/devkitppc/bin/../lib/gcc/powerpc-eabi/6.3.0/crtbegin.o
 .rela.text.GX_EnableTexOffsets
                0x80004194        0x0 c:/devkitpro/devkitppc/bin/../lib/gcc/powerpc-eabi/6.3.0/crtbegin.o
 .rela.text.GX_SetScissor
                0x80004194        0x0 c:/devkitpro/devkitppc/bin/../lib/gcc/powerpc-eabi/6.3.0/crtbegin.o
 .rela.text.GX_SetNumChans
                0x80004194        0x0 c:/devkitpro/devkitppc/bin/../lib/gcc/powerpc-eabi/6.3.0/crtbegin.o
 .rela.text.GX_SetTevOrder
                0x80004194        0x0 c:/devkitpro/devkitppc/bin/../lib/gcc/powerpc-eabi/6.3.0/crtbegin.o
 .rela.text.GX_SetNumTevStages
                0x80004194        0x0 c:/devkitpro/devkitppc/bin/../lib/gcc/powerpc-eabi/6.3.0/crtbegin.o
 .rela.text.GX_SetTevKColorSel
                0x80004194        0x0 c:/devkitpro/devkitppc/bin/../lib/gcc/powerpc-eabi/6.3.0/crtbegin.o
 .rela.text.GX_SetTevKAlphaSel
                0x80004194        0x0 c:/devkitpro/devkitppc/bin/../lib/gcc/powerpc-eabi/6.3.0/crtbegin.o
 .rela.text.GX_SetTevSwapMode
                0x80004194        0x0 c:/devkitpro/devkitppc/bin/../lib/gcc/powerpc-eabi/6.3.0/crtbegin.o
 .rela.text.GX_SetTevSwapModeTable
                0x80004194        0x0 c:/devkitpro/devkitppc/bin/../lib/gcc/powerpc-eabi/6.3.0/crtbegin.o
 .rela.text.GX_SetNumIndStages
                0x80004194        0x0 c:/devkitpro/devkitppc/bin/../lib/gcc/powerpc-eabi/6.3.0/crtbegin.o
 .rela.text.GX_SetIndTexCoordScale
                0x80004194        0x0 c:/devkitpro/devkitppc/bin/../lib/gcc/powerpc-eabi/6.3.0/crtbegin.o
 .rela.text.GX_SetColorUpdate
                0x80004194        0x0 c:/devkitpro/devkitppc/bin/../lib/gcc/powerpc-eabi/6.3.0/crtbegin.o
 .rela.text.GX_SetAlphaUpdate
                0x80004194        0x0 c:/devkitpro/devkitppc/bin/../lib/gcc/powerpc-eabi/6.3.0/crtbegin.o
 .rela.text.GX_SetZCompLoc
                0x80004194        0x0 c:/devkitpro/devkitppc/bin/../lib/gcc/powerpc-eabi/6.3.0/crtbegin.o
 .rela.text.GX_SetPixelFmt
                0x80004194        0x0 c:/devkitpro/devkitppc/bin/../lib/gcc/powerpc-eabi/6.3.0/crtbegin.o
 .rela.text.GX_SetDither
                0x80004194        0x0 c:/devkitpro/devkitppc/bin/../lib/gcc/powerpc-eabi/6.3.0/crtbegin.o
 .rela.text.GX_SetDstAlpha
                0x80004194        0x0 c:/devkitpro/devkitppc/bin/../lib/gcc/powerpc-eabi/6.3.0/crtbegin.o
 .rela.text.GX_SetFieldMode
                0x80004194        0x0 c:/devkitpro/devkitppc/bin/../lib/gcc/powerpc-eabi/6.3.0/crtbegin.o
 .rela.text.GX_SetIndTexOrder
                0x80004194        0x0 c:/devkitpro/devkitppc/bin/../lib/gcc/powerpc-eabi/6.3.0/crtbegin.o
 .rela.text.GX_SetGPMetric
                0x80004194        0x0 c:/devkitpro/devkitppc/bin/../lib/gcc/powerpc-eabi/6.3.0/crtbegin.o
 .rela.text.GX_Init
                0x80004194        0x0 c:/devkitpro/devkitppc/bin/../lib/gcc/powerpc-eabi/6.3.0/crtbegin.o
 .rela.text.GX_ReadGPMetric
                0x80004194        0x0 c:/devkitpro/devkitppc/bin/../lib/gcc/powerpc-eabi/6.3.0/crtbegin.o
 .rela.text.c_decrementer_handler
                0x80004194        0x0 c:/devkitpro/devkitppc/bin/../lib/gcc/powerpc-eabi/6.3.0/crtbegin.o
 .rela.text.__lwp_mqbox_init
                0x80004194        0x0 c:/devkitpro/devkitppc/bin/../lib/gcc/powerpc-eabi/6.3.0/crtbegin.o
 .rela.text.MQ_Init
                0x80004194        0x0 c:/devkitpro/devkitppc/bin/../lib/gcc/powerpc-eabi/6.3.0/crtbegin.o
 .rela.text.MQ_Close
                0x80004194        0x0 c:/devkitpro/devkitppc/bin/../lib/gcc/powerpc-eabi/6.3.0/crtbegin.o
 .rela.text.MQ_Send
                0x80004194        0x0 c:/devkitpro/devkitppc/bin/../lib/gcc/powerpc-eabi/6.3.0/crtbegin.o
 .rela.text.MQ_Receive
                0x80004194        0x0 c:/devkitpro/devkitppc/bin/../lib/gcc/powerpc-eabi/6.3.0/crtbegin.o
 .rela.text.MQ_Jam
                0x80004194        0x0 c:/devkitpro/devkitppc/bin/../lib/gcc/powerpc-eabi/6.3.0/crtbegin.o
 .rela.text.__ios_ioctlvformat_parse
                0x80004194        0x0 c:/devkitpro/devkitppc/bin/../lib/gcc/powerpc-eabi/6.3.0/crtbegin.o
 .rela.text.__ioctlvfmtCB
                0x80004194        0x0 c:/devkitpro/devkitppc/bin/../lib/gcc/powerpc-eabi/6.3.0/crtbegin.o
 .rela.text.IOS_IoctlvFormat
                0x80004194        0x0 c:/devkitpro/devkitppc/bin/../lib/gcc/powerpc-eabi/6.3.0/crtbegin.o
 .rela.text.IOS_IoctlvFormatAsync
                0x80004194        0x0 c:/devkitpro/devkitppc/bin/../lib/gcc/powerpc-eabi/6.3.0/crtbegin.o
 .rela.text.nanosleep
                0x80004194        0x0 c:/devkitpro/devkitppc/bin/../lib/gcc/powerpc-eabi/6.3.0/crtbegin.o
 .rela.text.__libc_delete_hook
                0x80004194        0x0 c:/devkitpro/devkitppc/bin/../lib/gcc/powerpc-eabi/6.3.0/crtbegin.o
 .rela.text.__libc_init
                0x80004194        0x0 c:/devkitpro/devkitppc/bin/../lib/gcc/powerpc-eabi/6.3.0/crtbegin.o
 .rela.text.__CheckARGV
                0x80004194        0x0 c:/devkitpro/devkitppc/bin/../lib/gcc/powerpc-eabi/6.3.0/crtbegin.o
 .rela.text.__lwp_priority_init
                0x80004194        0x0 c:/devkitpro/devkitppc/bin/../lib/gcc/powerpc-eabi/6.3.0/crtbegin.o
 .rela.text.__lwp_threadqueue_enqueuefifo
                0x80004194        0x0 c:/devkitpro/devkitppc/bin/../lib/gcc/powerpc-eabi/6.3.0/crtbegin.o
 .rela.text.__lwp_threadqueue_dequeuefifo
                0x80004194        0x0 c:/devkitpro/devkitppc/bin/../lib/gcc/powerpc-eabi/6.3.0/crtbegin.o
 .rela.text.__lwp_threadqueue_enqueuepriority
                0x80004194        0x0 c:/devkitpro/devkitppc/bin/../lib/gcc/powerpc-eabi/6.3.0/crtbegin.o
 .rela.text.__lwp_threadqueue_dequeuepriority
                0x80004194        0x0 c:/devkitpro/devkitppc/bin/../lib/gcc/powerpc-eabi/6.3.0/crtbegin.o
 .rela.text.__lwp_threadqueue_enqueue
                0x80004194        0x0 c:/devkitpro/devkitppc/bin/../lib/gcc/powerpc-eabi/6.3.0/crtbegin.o
 .rela.text.__lwp_threadqueue_extractfifo
                0x80004194        0x0 c:/devkitpro/devkitppc/bin/../lib/gcc/powerpc-eabi/6.3.0/crtbegin.o
 .rela.text.__lwp_threadqueue_extractpriority
                0x80004194        0x0 c:/devkitpro/devkitppc/bin/../lib/gcc/powerpc-eabi/6.3.0/crtbegin.o
 .rela.text.__lwpmq_initialize
                0x80004194        0x0 c:/devkitpro/devkitppc/bin/../lib/gcc/powerpc-eabi/6.3.0/crtbegin.o
 .rela.text.__lwpmq_close
                0x80004194        0x0 c:/devkitpro/devkitppc/bin/../lib/gcc/powerpc-eabi/6.3.0/crtbegin.o
 .rela.text.__systemcall_init
                0x80004194        0x0 c:/devkitpro/devkitppc/bin/../lib/gcc/powerpc-eabi/6.3.0/crtbegin.o
 .rela.text.__exception_init
                0x80004194        0x0 c:/devkitpro/devkitppc/bin/../lib/gcc/powerpc-eabi/6.3.0/crtbegin.o
 .rela.text.__exception_close
                0x80004194        0x0 c:/devkitpro/devkitppc/bin/../lib/gcc/powerpc-eabi/6.3.0/crtbegin.o
 .rela.text.__exception_sethandler
                0x80004194        0x0 c:/devkitpro/devkitppc/bin/../lib/gcc/powerpc-eabi/6.3.0/crtbegin.o
 .rela.text     0x80004194        0x0 c:/devkitpro/devkitppc/bin/../lib/gcc/powerpc-eabi/6.3.0/crtbegin.o
 .rela.text.__lwp_sema_init
                0x80004194        0x0 c:/devkitpro/devkitppc/bin/../lib/gcc/powerpc-eabi/6.3.0/crtbegin.o
 .rela.text.LWP_SemInit
                0x80004194        0x0 c:/devkitpro/devkitppc/bin/../lib/gcc/powerpc-eabi/6.3.0/crtbegin.o
 .rela.text.LWP_SemWait
                0x80004194        0x0 c:/devkitpro/devkitppc/bin/../lib/gcc/powerpc-eabi/6.3.0/crtbegin.o
 .rela.text.LWP_SemPost
                0x80004194        0x0 c:/devkitpro/devkitppc/bin/../lib/gcc/powerpc-eabi/6.3.0/crtbegin.o
 .rela.text.LWP_SemDestroy
                0x80004194        0x0 c:/devkitpro/devkitppc/bin/../lib/gcc/powerpc-eabi/6.3.0/crtbegin.o
 .rela.text.__lwp_mutex_locksupp.constprop.8
                0x80004194        0x0 c:/devkitpro/devkitppc/bin/../lib/gcc/powerpc-eabi/6.3.0/crtbegin.o
 .rela.text.__lwp_mutex_init
                0x80004194        0x0 c:/devkitpro/devkitppc/bin/../lib/gcc/powerpc-eabi/6.3.0/crtbegin.o
 .rela.text.LWP_MutexInit
                0x80004194        0x0 c:/devkitpro/devkitppc/bin/../lib/gcc/powerpc-eabi/6.3.0/crtbegin.o
 .rela.text.LWP_MutexDestroy
                0x80004194        0x0 c:/devkitpro/devkitppc/bin/../lib/gcc/powerpc-eabi/6.3.0/crtbegin.o
 .rela.text.LWP_MutexUnlock
                0x80004194        0x0 c:/devkitpro/devkitppc/bin/../lib/gcc/powerpc-eabi/6.3.0/crtbegin.o
 .rela.text.kprintf
                0x80004194        0x0 c:/devkitpro/devkitppc/bin/../lib/gcc/powerpc-eabi/6.3.0/crtbegin.o
 .rela.text.__console_init
                0x80004194        0x0 c:/devkitpro/devkitppc/bin/../lib/gcc/powerpc-eabi/6.3.0/crtbegin.o
 .rela.text.__console_init_ex
                0x80004194        0x0 c:/devkitpro/devkitppc/bin/../lib/gcc/powerpc-eabi/6.3.0/crtbegin.o
 .rela.text.CON_EnableGecko
                0x80004194        0x0 c:/devkitpro/devkitppc/bin/../lib/gcc/powerpc-eabi/6.3.0/crtbegin.o
 .rela.text.atangent
                0x80004194        0x0 c:/devkitpro/devkitppc/bin/../lib/gcc/powerpc-eabi/6.3.0/crtbegin.o
 .rela.text.atangentf
                0x80004194        0x0 c:/devkitpro/devkitppc/bin/../lib/gcc/powerpc-eabi/6.3.0/crtbegin.o
 .rela.text.sinef
                0x80004194        0x0 c:/devkitpro/devkitppc/bin/../lib/gcc/powerpc-eabi/6.3.0/crtbegin.o
 .rela.text.sqrtf
                0x80004194        0x0 c:/devkitpro/devkitppc/bin/../lib/gcc/powerpc-eabi/6.3.0/crtbegin.o
 .rela.text.tanf
                0x80004194        0x0 c:/devkitpro/devkitppc/bin/../lib/gcc/powerpc-eabi/6.3.0/crtbegin.o
 .rela.text._exit
                0x80004194        0x0 c:/devkitpro/devkitppc/bin/../lib/gcc/powerpc-eabi/6.3.0/crtbegin.o
 .rela.text.calloc
                0x80004194        0x0 c:/devkitpro/devkitppc/bin/../lib/gcc/powerpc-eabi/6.3.0/crtbegin.o
 .rela.text.__errno
                0x80004194        0x0 c:/devkitpro/devkitppc/bin/../lib/gcc/powerpc-eabi/6.3.0/crtbegin.o
 .rela.text.exit
                0x80004194        0x0 c:/devkitpro/devkitppc/bin/../lib/gcc/powerpc-eabi/6.3.0/crtbegin.o
 .rela.text.fclose
                0x80004194        0x0 c:/devkitpro/devkitppc/bin/../lib/gcc/powerpc-eabi/6.3.0/crtbegin.o
 .rela.text.fflush
                0x80004194        0x0 c:/devkitpro/devkitppc/bin/../lib/gcc/powerpc-eabi/6.3.0/crtbegin.o
 .rela.text.std.isra.0
                0x80004194        0x0 c:/devkitpro/devkitppc/bin/../lib/gcc/powerpc-eabi/6.3.0/crtbegin.o
 .rela.text._cleanup
                0x80004194        0x0 c:/devkitpro/devkitppc/bin/../lib/gcc/powerpc-eabi/6.3.0/crtbegin.o
 .rela.text.__sfp
                0x80004194        0x0 c:/devkitpro/devkitppc/bin/../lib/gcc/powerpc-eabi/6.3.0/crtbegin.o
 .rela.text.__fp_lock_all
                0x80004194        0x0 c:/devkitpro/devkitppc/bin/../lib/gcc/powerpc-eabi/6.3.0/crtbegin.o
 .rela.text.__fp_unlock_all
                0x80004194        0x0 c:/devkitpro/devkitppc/bin/../lib/gcc/powerpc-eabi/6.3.0/crtbegin.o
 .rela.text._fopen_r
                0x80004194        0x0 c:/devkitpro/devkitppc/bin/../lib/gcc/powerpc-eabi/6.3.0/crtbegin.o
 .rela.text.fopen
                0x80004194        0x0 c:/devkitpro/devkitppc/bin/../lib/gcc/powerpc-eabi/6.3.0/crtbegin.o
 .rela.text.fprintf
                0x80004194        0x0 c:/devkitpro/devkitppc/bin/../lib/gcc/powerpc-eabi/6.3.0/crtbegin.o
 .rela.text.fread
                0x80004194        0x0 c:/devkitpro/devkitppc/bin/../lib/gcc/powerpc-eabi/6.3.0/crtbegin.o
 .rela.text._malloc_trim_r
                0x80004194        0x0 c:/devkitpro/devkitppc/bin/../lib/gcc/powerpc-eabi/6.3.0/crtbegin.o
 .rela.text._free_r
                0x80004194        0x0 c:/devkitpro/devkitppc/bin/../lib/gcc/powerpc-eabi/6.3.0/crtbegin.o
 .rela.text.fseek
                0x80004194        0x0 c:/devkitpro/devkitppc/bin/../lib/gcc/powerpc-eabi/6.3.0/crtbegin.o
 .rela.text._fseeko_r
                0x80004194        0x0 c:/devkitpro/devkitppc/bin/../lib/gcc/powerpc-eabi/6.3.0/crtbegin.o
 .rela.text.fseeko
                0x80004194        0x0 c:/devkitpro/devkitppc/bin/../lib/gcc/powerpc-eabi/6.3.0/crtbegin.o
 .rela.text.fwrite
                0x80004194        0x0 c:/devkitpro/devkitppc/bin/../lib/gcc/powerpc-eabi/6.3.0/crtbegin.o
 .rela.text.__loadlocale
                0x80004194        0x0 c:/devkitpro/devkitppc/bin/../lib/gcc/powerpc-eabi/6.3.0/crtbegin.o
 .rela.text._dtoa_r
                0x80004194        0x0 c:/devkitpro/devkitppc/bin/../lib/gcc/powerpc-eabi/6.3.0/crtbegin.o
 .rela.text._findenv_r
                0x80004194        0x0 c:/devkitpro/devkitppc/bin/../lib/gcc/powerpc-eabi/6.3.0/crtbegin.o

.rel.fini
 *(.rel.fini)

.rela.fini
 *(.rela.fini)

.rel.rodata
 *(.rel.rodata .rel.rodata.* .rel.gnu.linkonce.r.*)

.rela.rodata    0x80004194        0x0
 *(.rela.rodata .rela.rodata.* .rela.gnu.linkonce.r.*)
 .rela.rodata.__C_locale
                0x80004194        0x0 c:/devkitpro/devkitppc/bin/../lib/gcc/powerpc-eabi/6.3.0/crtbegin.o

.rel.data
 *(.rel.data .rel.data.* .rel.gnu.linkonce.d.*)

.rela.data      0x80004194        0x0
 *(.rela.data .rela.data.* .rela.gnu.linkonce.d.*)
 .rela.data.__global_locale
                0x80004194        0x0 c:/devkitpro/devkitppc/bin/../lib/gcc/powerpc-eabi/6.3.0/crtbegin.o

.rel.tdata
 *(.rel.tdata .rel.tdata.* .rel.gnu.linkonce.td.*)

.rela.tdata
 *(.rela.tdata .rela.tdata.* .rela.gnu.linkonce.td.*)

.rel.tbss
 *(.rel.tbss .rel.tbss.* .rel.gnu.linkonce.tb.*)

.rela.tbss
 *(.rela.tbss .rela.tbss.* .rela.gnu.linkonce.tb.*)

.rel.ctors
 *(.rel.ctors)

.rela.ctors
 *(.rela.ctors)

.rel.dtors
 *(.rel.dtors)

.rela.dtors
 *(.rela.dtors)

.rel.got
 *(.rel.got)

.rela.got
 *(.rela.got)

.rela.got1
 *(.rela.got1)

.rela.got2      0x80004194        0x0
 *(.rela.got2)
 .rela.got2     0x80004194        0x0 c:/devkitpro/devkitppc/bin/../lib/gcc/powerpc-eabi/6.3.0/crtbegin.o

.rel.sdata
 *(.rel.sdata .rel.sdata.* .rel.gnu.linkonce.s.*)

.rela.sdata
 *(.rela.sdata .rela.sdata.* .rela.gnu.linkonce.s.*)

.rel.sbss
 *(.rel.sbss .rel.sbss.* .rel.gnu.linkonce.sb.*)

.rela.sbss
 *(.rela.sbss .rela.sbss.* .rel.gnu.linkonce.sb.*)

.rel.sdata2
 *(.rel.sdata2 .rel.sdata2.* .rel.gnu.linkonce.s2.*)

.rela.sdata2    0x80004194        0x0
 *(.rela.sdata2 .rela.sdata2.* .rela.gnu.linkonce.s2.*)
 .rela.sdata2.__sys_inIPL
                0x80004194        0x0 c:/devkitpro/devkitppc/bin/../lib/gcc/powerpc-eabi/6.3.0/crtbegin.o

.rel.sbss2
 *(.rel.sbss2 .rel.sbss2.* .rel.gnu.linkonce.sb2.*)

.rela.sbss2
 *(.rela.sbss2 .rela.sbss2.* .rela.gnu.linkonce.sb2.*)

.rel.bss
 *(.rel.bss .rel.bss.* .rel.gnu.linkonce.b.*)

.rela.bss
 *(.rela.bss .rela.bss.* .rela.gnu.linkonce.b.*)

.rel.plt
 *(.rel.plt)

.rela.plt
 *(.rela.plt)

.text           0x800041a0    0x3b080
 *(.text)
 .text          0x800041a0      0x44c c:/devkitPro/libogc/lib/wii\libogc.a(lwp_handler.o)
                0x800041a0                _cpu_context_save_fp
                0x800042e0                _cpu_context_restore_fp
                0x80004420                _cpu_context_switch
                0x80004500                _cpu_context_save
                0x80004580                _cpu_context_restore
 .text          0x800045ec      0x4a0 c:/devkitPro/libogc/lib/wii\libogc.a(system_asm.o)
                0x800045ec                __realmode
                0x80004604                __configBATS
                0x80004734                __InitFPRS
                0x80004860                __InitPS
                0x800048bc                __InitCache
                0x80004914                __InitSystem
                0x8000499c                __flush_cache
                0x800049d0                __reset
                0x80004a40                __InitBATS
                0x80004a5c                SYS_SwitchFiber
 .text          0x80004a8c      0x8dc c:/devkitPro/libogc/lib/wii\libogc.a(gu_psasm.o)
                0x80004a8c                ps_guMtxConcat
                0x80004b50                ps_guMtxIdentity
                0x80004b7c                ps_guMtxCopy
                0x80004bb0                ps_guMtxTranspose
                0x80004c00                ps_guMtxInverse
                0x80004cf8                ps_guMtxInvXpose
                0x80004dc0                ps_guMtxScale
                0x80004de8                ps_guMtxScaleApply
                0x80004e40                ps_guMtxApplyScale
                0x80004ea4                ps_guMtxTrans
                0x80004ed8                ps_guMtxTransApply
                0x80004f24                ps_guMtxApplyTrans
                0x80004fa0                ps_guMtxRotTrig
                0x80005050                __ps_guMtxRotAxisRadInternal
                0x80005110                ps_guMtxReflect
                0x80005180                ps_guVecAdd
                0x800051a4                ps_guVecSub
                0x800051c8                ps_guVecScale
                0x800051e4                ps_guVecNormalize
                0x80005228                ps_guVecCross
                0x80005264                ps_guVecDotProduct
                0x80005284                ps_guVecMultiply
                0x800052d8                ps_guVecMultiplySR
                0x80005348                ps_guQuatDotProduct
 .text          0x80005368      0x1ac c:/devkitPro/libogc/lib/wii\libogc.a(irq_handler.o)
                0x80005368                irq_exceptionhandler
 .text          0x80005514      0x4f4 c:/devkitPro/libogc/lib/wii\libogc.a(cache_asm.o)
                0x80005514                DCFlashInvalidate
                0x80005528                DCEnable
                0x8000553c                DCDisable
                0x80005550                DCFreeze
                0x80005564                DCUnfreeze
                0x80005578                DCTouchLoad
                0x80005580                DCBlockZero
                0x80005588                DCBlockStore
                0x80005590                DCBlockFlush
                0x80005598                DCBlockInvalidate
                0x800055a0                DCInvalidateRange
                0x800055d0                DCFlushRange
                0x80005604                DCStoreRange
                0x80005638                DCFlushRangeNoSync
                0x80005668                DCStoreRangeNoSync
                0x80005698                DCZeroRange
                0x800056c8                DCTouchRange
                0x800056f8                ICInvalidateRange
                0x80005730                ICFlashInvalidate
                0x80005744                ICEnable
                0x80005758                ICDisable
                0x8000576c                ICFreeze
                0x80005780                ICUnfreeze
                0x80005794                ICBlockInvalidate
                0x8000579c                ICSync
                0x800057a4                L2Init
                0x800057ec                L2Enable
                0x80005808                L2Disable
                0x80005820                L2GlobalInvalidate
                0x80005878                __LCEnable
                0x80005944                LCDisable
                0x8000596c                LCAllocOneTag
                0x80005980                LCAllocTags
                0x800059c0                LCLoadBlocks
                0x800059e4                LCStoreBlocks
 .text          0x80005a08      0x1ac c:/devkitPro/libogc/lib/wii\libogc.a(decrementer_handler.o)
                0x80005a08                dec_exceptionhandler
 .text          0x80005bb4      0x35c c:/devkitPro/libogc/lib/wii\libogc.a(exception_handler.o)
                0x80005bb4                exceptionhandler_start
                0x80005c30                exceptionhandler_patch
                0x80005c64                exceptionhandler_end
                0x80005c68                default_exceptionhandler
                0x80005d98                fpu_exceptionhandler
                0x80005ee0                systemcallhandler_start
                0x80005f0c                systemcallhandler_end
 .text          0x80005f10       0x48 c:/devkitpro/devkitppc/bin/../lib/gcc/powerpc-eabi/6.3.0\libgcc.a(eabi.o)
                0x80005f10                __eabi
 *(.text.*)
 .text.deregister_tm_clones
                0x80005f58       0x38 c:/devkitpro/devkitppc/bin/../lib/gcc/powerpc-eabi/6.3.0/crtbegin.o
 .text.register_tm_clones
                0x80005f90       0x3c c:/devkitpro/devkitppc/bin/../lib/gcc/powerpc-eabi/6.3.0/crtbegin.o
 .text.__do_global_dtors_aux
                0x80005fcc       0xd4 c:/devkitpro/devkitppc/bin/../lib/gcc/powerpc-eabi/6.3.0/crtbegin.o
 .text.frame_dummy
                0x800060a0       0x74 c:/devkitpro/devkitppc/bin/../lib/gcc/powerpc-eabi/6.3.0/crtbegin.o
 .text.__crtmain
                0x80006114       0x44 c:/devkitpro/devkitppc/bin/../lib/gcc/powerpc-eabi/6.3.0/../../../../powerpc-eabi/lib/crtmain.o
                0x80006118                __crtmain
 .text.drawSpriteTex
                0x80006158      0x194 gxsprites.o
                0x80006158                drawSpriteTex
 .text.startup.main
                0x800062ec      0x64c gxsprites.o
                0x800062ec                main
 .text.__wpad_assign_slot
                0x80006938      0x20c c:/devkitPro/libogc/lib/wii\libwiiuse.a(wpad.o)
                0x80006938                __wpad_assign_slot
 .text.__wpad_def_powcb
                0x80006b44        0x4 c:/devkitPro/libogc/lib/wii\libwiiuse.a(wpad.o)
 .text.__wpad_disconnect
                0x80006b48       0x4c c:/devkitPro/libogc/lib/wii\libwiiuse.a(wpad.o)
 .text.__readlinkkey_finished
                0x80006b94       0x34 c:/devkitPro/libogc/lib/wii\libwiiuse.a(wpad.o)
 .text.__wpad_patch_finished
                0x80006bc8       0x2c c:/devkitPro/libogc/lib/wii\libwiiuse.a(wpad.o)
 .text.__wpad_setfmt
                0x80006bf4      0x124 c:/devkitPro/libogc/lib/wii\libwiiuse.a(wpad.o)
 .text.__wpad_eventCB
                0x80006d18      0xa48 c:/devkitPro/libogc/lib/wii\libwiiuse.a(wpad.o)
 .text.__wpad_disconnectCB
                0x80007760       0xd4 c:/devkitPro/libogc/lib/wii\libwiiuse.a(wpad.o)
                0x80007760                __wpad_disconnectCB
 .text.__wpad_timeouthandler
                0x80007834       0xb0 c:/devkitPro/libogc/lib/wii\libwiiuse.a(wpad.o)
 .text.__initcore_finished
                0x800078e4       0x48 c:/devkitPro/libogc/lib/wii\libwiiuse.a(wpad.o)
 .text.__wpad_init_finished
                0x8000792c      0x1d0 c:/devkitPro/libogc/lib/wii\libwiiuse.a(wpad.o)
 .text.WPAD_ReadEvent
                0x80007afc      0x64c c:/devkitPro/libogc/lib/wii\libwiiuse.a(wpad.o)
                0x80007afc                WPAD_ReadEvent
 .text.WPAD_ReadPending
                0x80008148      0x188 c:/devkitPro/libogc/lib/wii\libwiiuse.a(wpad.o)
                0x80008148                WPAD_ReadPending
 .text.WPAD_ReadPending.part.5
                0x800082d0       0x68 c:/devkitPro/libogc/lib/wii\libwiiuse.a(wpad.o)
 .text.WPAD_Shutdown
                0x80008338       0xcc c:/devkitPro/libogc/lib/wii\libwiiuse.a(wpad.o)
                0x80008338                WPAD_Shutdown
 .text.WPAD_Init
                0x80008404      0x294 c:/devkitPro/libogc/lib/wii\libwiiuse.a(wpad.o)
                0x80008404                WPAD_Init
 .text.__wpad_onreset
                0x80008698       0x34 c:/devkitPro/libogc/lib/wii\libwiiuse.a(wpad.o)
 .text.WPAD_ScanPads
                0x800086cc        0x8 c:/devkitPro/libogc/lib/wii\libwiiuse.a(wpad.o)
                0x800086cc                WPAD_ScanPads
 .text.WPAD_ButtonsDown
                0x800086d4       0x28 c:/devkitPro/libogc/lib/wii\libwiiuse.a(wpad.o)
                0x800086d4                WPAD_ButtonsDown
 .text.motion_plus_disconnected
                0x800086fc       0x10 c:/devkitPro/libogc/lib/wii\libwiiuse.a(motion_plus.o)
                0x800086fc                motion_plus_disconnected
 .text.motion_plus_event
                0x8000870c       0x64 c:/devkitPro/libogc/lib/wii\libwiiuse.a(motion_plus.o)
                0x8000870c                motion_plus_event
 .text.apply_smoothing.part.0
                0x80008770       0x8c c:/devkitPro/libogc/lib/wii\libwiiuse.a(dynamics.o)
 .text.calculate_gforce
                0x800087fc      0x114 c:/devkitPro/libogc/lib/wii\libwiiuse.a(dynamics.o)
                0x800087fc                calculate_gforce
 .text.calc_joystick_state
                0x80008910      0x20c c:/devkitPro/libogc/lib/wii\libwiiuse.a(dynamics.o)
                0x80008910                calc_joystick_state
 .text.apply_smoothing
                0x80008b1c       0xa8 c:/devkitPro/libogc/lib/wii\libwiiuse.a(dynamics.o)
                0x80008b1c                apply_smoothing
 .text.calculate_orientation
                0x80008bc4      0x2f0 c:/devkitPro/libogc/lib/wii\libwiiuse.a(dynamics.o)
                0x80008bc4                calculate_orientation
 .text.calc_balanceboard_state
                0x80008eb4      0x3a4 c:/devkitPro/libogc/lib/wii\libwiiuse.a(dynamics.o)
                0x80008eb4                calc_balanceboard_state
 .text.wiiuse_handshake
                0x80009258      0x1fc c:/devkitPro/libogc/lib/wii\libwiiuse.a(io.o)
                0x80009258                wiiuse_handshake
 .text.wiiuse_handshake_expansion
                0x80009454      0x228 c:/devkitPro/libogc/lib/wii\libwiiuse.a(io.o)
                0x80009454                wiiuse_handshake_expansion
 .text.wiiuse_handshake_expansion_start
                0x8000967c       0x24 c:/devkitPro/libogc/lib/wii\libwiiuse.a(io.o)
                0x8000967c                wiiuse_handshake_expansion_start
 .text.wiiuse_disable_expansion
                0x800096a0      0x1b0 c:/devkitPro/libogc/lib/wii\libwiiuse.a(io.o)
                0x800096a0                wiiuse_disable_expansion
 .text.__wiiuse_connected
                0x80009850       0x9c c:/devkitPro/libogc/lib/wii\libwiiuse.a(io_wii.o)
 .text.__wiiuse_disconnected
                0x800098ec       0xb4 c:/devkitPro/libogc/lib/wii\libwiiuse.a(io_wii.o)
 .text.__wiiuse_receive
                0x800099a0       0xbc c:/devkitPro/libogc/lib/wii\libwiiuse.a(io_wii.o)
 .text.__wiiuse_sensorbar_enable
                0x80009a5c       0x54 c:/devkitPro/libogc/lib/wii\libwiiuse.a(io_wii.o)
                0x80009a5c                __wiiuse_sensorbar_enable
 .text.wiiuse_register
                0x80009ab0       0xe4 c:/devkitPro/libogc/lib/wii\libwiiuse.a(io_wii.o)
                0x80009ab0                wiiuse_register
 .text.wiiuse_disconnect
                0x80009b94       0x24 c:/devkitPro/libogc/lib/wii\libwiiuse.a(io_wii.o)
                0x80009b94                wiiuse_disconnect
 .text.wiiuse_init_cmd_queue
                0x80009bb8       0xa4 c:/devkitPro/libogc/lib/wii\libwiiuse.a(io_wii.o)
                0x80009bb8                wiiuse_init_cmd_queue
 .text.wiiuse_io_write
                0x80009c5c       0x1c c:/devkitPro/libogc/lib/wii\libwiiuse.a(io_wii.o)
                0x80009c5c                wiiuse_io_write
 .text.get_ir_sens.isra.0
                0x80009c78       0xe4 c:/devkitPro/libogc/lib/wii\libwiiuse.a(ir.o)
 .text.rotate_dots
                0x80009d5c      0x11c c:/devkitPro/libogc/lib/wii\libwiiuse.a(ir.o)
 .text.wiiuse_set_ir_mode
                0x80009e78       0x88 c:/devkitPro/libogc/lib/wii\libwiiuse.a(ir.o)
                0x80009e78                wiiuse_set_ir_mode
 .text.wiiuse_set_ir
                0x80009f00      0x228 c:/devkitPro/libogc/lib/wii\libwiiuse.a(ir.o)
                0x80009f00                wiiuse_set_ir
 .text.wiiuse_set_ir_position
                0x8000a128       0x84 c:/devkitPro/libogc/lib/wii\libwiiuse.a(ir.o)
                0x8000a128                wiiuse_set_ir_position
 .text.wiiuse_set_aspect_ratio
                0x8000a1ac       0x44 c:/devkitPro/libogc/lib/wii\libwiiuse.a(ir.o)
                0x8000a1ac                wiiuse_set_aspect_ratio
 .text.wiiuse_set_ir_sensitivity
                0x8000a1f0      0x138 c:/devkitPro/libogc/lib/wii\libwiiuse.a(ir.o)
                0x8000a1f0                wiiuse_set_ir_sensitivity
 .text.calculate_basic_ir
                0x8000a328       0xec c:/devkitPro/libogc/lib/wii\libwiiuse.a(ir.o)
                0x8000a328                calculate_basic_ir
 .text.calculate_extended_ir
                0x8000a414       0x70 c:/devkitPro/libogc/lib/wii\libwiiuse.a(ir.o)
                0x8000a414                calculate_extended_ir
 .text.find_sensorbar
                0x8000a484      0x940 c:/devkitPro/libogc/lib/wii\libwiiuse.a(ir.o)
                0x8000a484                find_sensorbar
 .text.apply_ir_smoothing
                0x8000adc4      0x100 c:/devkitPro/libogc/lib/wii\libwiiuse.a(ir.o)
                0x8000adc4                apply_ir_smoothing
 .text.interpret_ir_data
                0x8000aec4      0x3cc c:/devkitPro/libogc/lib/wii\libwiiuse.a(ir.o)
                0x8000aec4                interpret_ir_data
 .text.nunchuk_handshake
                0x8000b290      0x2d8 c:/devkitPro/libogc/lib/wii\libwiiuse.a(nunchuk.o)
                0x8000b290                nunchuk_handshake
 .text.nunchuk_disconnected
                0x8000b568        0xc c:/devkitPro/libogc/lib/wii\libwiiuse.a(nunchuk.o)
                0x8000b568                nunchuk_disconnected
 .text.nunchuk_event
                0x8000b574       0xe0 c:/devkitPro/libogc/lib/wii\libwiiuse.a(nunchuk.o)
                0x8000b574                nunchuk_event
 .text.wii_board_handshake
                0x8000b654      0x2a4 c:/devkitPro/libogc/lib/wii\libwiiuse.a(wiiboard.o)
                0x8000b654                wii_board_handshake
 .text.wii_board_disconnected
                0x8000b8f8        0xc c:/devkitPro/libogc/lib/wii\libwiiuse.a(wiiboard.o)
                0x8000b8f8                wii_board_disconnected
 .text.wii_board_event
                0x8000b904       0x54 c:/devkitPro/libogc/lib/wii\libwiiuse.a(wiiboard.o)
                0x8000b904                wii_board_event
 .text.wiiuse_send_next_command
                0x8000b958       0x50 c:/devkitPro/libogc/lib/wii\libwiiuse.a(wiiuse.o)
                0x8000b958                wiiuse_send_next_command
 .text.wiiuse_init
                0x8000b9a8      0x1d4 c:/devkitPro/libogc/lib/wii\libwiiuse.a(wiiuse.o)
                0x8000b9a8                wiiuse_init
 .text.wiiuse_set_flags
                0x8000bb7c       0x24 c:/devkitPro/libogc/lib/wii\libwiiuse.a(wiiuse.o)
                0x8000bb7c                wiiuse_set_flags
 .text.wiiuse_read_data
                0x8000bba0      0x140 c:/devkitPro/libogc/lib/wii\libwiiuse.a(wiiuse.o)
                0x8000bba0                wiiuse_read_data
 .text.wiiuse_write_data
                0x8000bce0      0x184 c:/devkitPro/libogc/lib/wii\libwiiuse.a(wiiuse.o)
                0x8000bce0                wiiuse_write_data
 .text.wiiuse_sendcmd
                0x8000be64      0x154 c:/devkitPro/libogc/lib/wii\libwiiuse.a(wiiuse.o)
                0x8000be64                wiiuse_sendcmd
 .text.wiiuse_set_report_type
                0x8000bfb8      0x144 c:/devkitPro/libogc/lib/wii\libwiiuse.a(wiiuse.o)
                0x8000bfb8                wiiuse_set_report_type
 .text.wiiuse_motion_sensing
                0x8000c0fc       0x7c c:/devkitPro/libogc/lib/wii\libwiiuse.a(wiiuse.o)
                0x8000c0fc                wiiuse_motion_sensing
 .text.wiiuse_status
                0x8000c178       0x4c c:/devkitPro/libogc/lib/wii\libwiiuse.a(wiiuse.o)
                0x8000c178                wiiuse_status
 .text.wiiuse_set_leds
                0x8000c1c4       0x50 c:/devkitPro/libogc/lib/wii\libwiiuse.a(wiiuse.o)
                0x8000c1c4                wiiuse_set_leds
 .text.wiiuse_set_speaker
                0x8000c214      0x25c c:/devkitPro/libogc/lib/wii\libwiiuse.a(speaker.o)
                0x8000c214                wiiuse_set_speaker
 .text.classic_ctrl_handshake
                0x8000c470      0x2b4 c:/devkitPro/libogc/lib/wii\libwiiuse.a(classic.o)
                0x8000c470                classic_ctrl_handshake
 .text.classic_ctrl_disconnected
                0x8000c724        0xc c:/devkitPro/libogc/lib/wii\libwiiuse.a(classic.o)
                0x8000c724                classic_ctrl_disconnected
 .text.classic_ctrl_event
                0x8000c730      0x164 c:/devkitPro/libogc/lib/wii\libwiiuse.a(classic.o)
                0x8000c730                classic_ctrl_event
 .text.handle_expansion
                0x8000c894       0x54 c:/devkitPro/libogc/lib/wii\libwiiuse.a(events.o)
 .text.parse_event
                0x8000c8e8      0x710 c:/devkitPro/libogc/lib/wii\libwiiuse.a(events.o)
                0x8000c8e8                parse_event
 .text.guitar_hero_3_handshake
                0x8000cff8       0x70 c:/devkitPro/libogc/lib/wii\libwiiuse.a(guitar_hero_3.o)
                0x8000cff8                guitar_hero_3_handshake
 .text.guitar_hero_3_disconnected
                0x8000d068        0xc c:/devkitPro/libogc/lib/wii\libwiiuse.a(guitar_hero_3.o)
                0x8000d068                guitar_hero_3_disconnected
 .text.guitar_hero_3_event
                0x8000d074       0x64 c:/devkitPro/libogc/lib/wii\libwiiuse.a(guitar_hero_3.o)
                0x8000d074                guitar_hero_3_event
 .text.bt_alarmhandler
                0x8000d0d8       0x60 c:/devkitPro/libogc/lib/wii\libbte.a(bte.o)
 .text.__bte_send_pending_request
                0x8000d138      0x114 c:/devkitPro/libogc/lib/wii\libbte.a(bte.o)
 .text.acl_conn_complete
                0x8000d24c       0x2c c:/devkitPro/libogc/lib/wii\libbte.a(bte.o)
                0x8000d24c                acl_conn_complete
 .text.l2cap_disconnected_ind
                0x8000d278      0x180 c:/devkitPro/libogc/lib/wii\libbte.a(bte.o)
                0x8000d278                l2cap_disconnected_ind
 .text.bte_process_input
                0x8000d3f8      0x13c c:/devkitPro/libogc/lib/wii\libbte.a(bte.o)
 .text.l2cap_accepted
                0x8000d534      0x110 c:/devkitPro/libogc/lib/wii\libbte.a(bte.o)
                0x8000d534                l2cap_accepted
 .text.acl_wlp_completed
                0x8000d644        0x8 c:/devkitPro/libogc/lib/wii\libbte.a(bte.o)
                0x8000d644                acl_wlp_completed
 .text.l2cap_disconnect_cfm
                0x8000d64c      0x180 c:/devkitPro/libogc/lib/wii\libbte.a(bte.o)
                0x8000d64c                l2cap_disconnect_cfm
 .text.__bte_shutdown_finished
                0x8000d7cc       0xd8 c:/devkitPro/libogc/lib/wii\libbte.a(bte.o)
 .text.bte_hci_apply_patch_complete
                0x8000d8a4      0x154 c:/devkitPro/libogc/lib/wii\libbte.a(bte.o)
                0x8000d8a4                bte_hci_apply_patch_complete
 .text.bte_hci_initsub_complete
                0x8000d9f8      0x234 c:/devkitPro/libogc/lib/wii\libbte.a(bte.o)
                0x8000d9f8                bte_hci_initsub_complete
 .text.bte_hci_initcore_complete
                0x8000dc2c      0x1f0 c:/devkitPro/libogc/lib/wii\libbte.a(bte.o)
                0x8000dc2c                bte_hci_initcore_complete
 .text.bte_read_stored_link_key_complete
                0x8000de1c      0x278 c:/devkitPro/libogc/lib/wii\libbte.a(bte.o)
                0x8000de1c                bte_read_stored_link_key_complete
 .text.bte_hci_initcore_complete2
                0x8000e094      0x1e8 c:/devkitPro/libogc/lib/wii\libbte.a(bte.o)
                0x8000e094                bte_hci_initcore_complete2
 .text.bte_hci_patch_complete
                0x8000e27c      0x2e0 c:/devkitPro/libogc/lib/wii\libbte.a(bte.o)
                0x8000e27c                bte_hci_patch_complete
 .text.BTE_Init
                0x8000e55c      0x138 c:/devkitPro/libogc/lib/wii\libbte.a(bte.o)
                0x8000e55c                BTE_Init
 .text.BTE_Shutdown
                0x8000e694      0x11c c:/devkitPro/libogc/lib/wii\libbte.a(bte.o)
                0x8000e694                BTE_Shutdown
 .text.BTE_InitCore
                0x8000e7b0       0x94 c:/devkitPro/libogc/lib/wii\libbte.a(bte.o)
                0x8000e7b0                BTE_InitCore
 .text.BTE_ApplyPatch
                0x8000e844       0xb8 c:/devkitPro/libogc/lib/wii\libbte.a(bte.o)
                0x8000e844                BTE_ApplyPatch
 .text.BTE_InitSub
                0x8000e8fc       0x98 c:/devkitPro/libogc/lib/wii\libbte.a(bte.o)
                0x8000e8fc                BTE_InitSub
 .text.BTE_ReadStoredLinkKey
                0x8000e994       0x98 c:/devkitPro/libogc/lib/wii\libbte.a(bte.o)
                0x8000e994                BTE_ReadStoredLinkKey
 .text.BTE_SetDisconnectCallback
                0x8000ea2c        0x4 c:/devkitPro/libogc/lib/wii\libbte.a(bte.o)
                0x8000ea2c                BTE_SetDisconnectCallback
 .text.bte_new  0x8000ea30       0x54 c:/devkitPro/libogc/lib/wii\libbte.a(bte.o)
                0x8000ea30                bte_new
 .text.bte_registerdeviceasync
                0x8000ea84      0x154 c:/devkitPro/libogc/lib/wii\libbte.a(bte.o)
                0x8000ea84                bte_registerdeviceasync
 .text.bte_disconnect
                0x8000ebd8       0xd8 c:/devkitPro/libogc/lib/wii\libbte.a(bte.o)
                0x8000ebd8                bte_disconnect
 .text.bte_senddata
                0x8000ecb0       0xdc c:/devkitPro/libogc/lib/wii\libbte.a(bte.o)
                0x8000ecb0                bte_senddata
 .text.bte_arg  0x8000ed8c       0x3c c:/devkitPro/libogc/lib/wii\libbte.a(bte.o)
                0x8000ed8c                bte_arg
 .text.bte_received
                0x8000edc8       0x3c c:/devkitPro/libogc/lib/wii\libbte.a(bte.o)
                0x8000edc8                bte_received
 .text.bte_disconnected
                0x8000ee04       0x3c c:/devkitPro/libogc/lib/wii\libbte.a(bte.o)
                0x8000ee04                bte_disconnected
 .text.hci_init
                0x8000ee40       0x7c c:/devkitPro/libogc/lib/wii\libbte.a(hci.o)
                0x8000ee40                hci_init
 .text.hci_new  0x8000eebc       0x48 c:/devkitPro/libogc/lib/wii\libbte.a(hci.o)
                0x8000eebc                hci_new
 .text.hci_get_link
                0x8000ef04       0x84 c:/devkitPro/libogc/lib/wii\libbte.a(hci.o)
                0x8000ef04                hci_get_link
 .text.hci_close
                0x8000ef88       0xd8 c:/devkitPro/libogc/lib/wii\libbte.a(hci.o)
                0x8000ef88                hci_close
 .text.hci_reset_all
                0x8000f060       0xbc c:/devkitPro/libogc/lib/wii\libbte.a(hci.o)
                0x8000f060                hci_reset_all
 .text.hci_arg  0x8000f11c        0xc c:/devkitPro/libogc/lib/wii\libbte.a(hci.o)
                0x8000f11c                hci_arg
 .text.hci_cmd_complete
                0x8000f128        0xc c:/devkitPro/libogc/lib/wii\libbte.a(hci.o)
                0x8000f128                hci_cmd_complete
 .text.hci_connection_complete
                0x8000f134        0xc c:/devkitPro/libogc/lib/wii\libbte.a(hci.o)
                0x8000f134                hci_connection_complete
 .text.hci_wlp_complete
                0x8000f140        0xc c:/devkitPro/libogc/lib/wii\libbte.a(hci.o)
                0x8000f140                hci_wlp_complete
 .text.hci_reset
                0x8000f14c       0xa8 c:/devkitPro/libogc/lib/wii\libbte.a(hci.o)
                0x8000f14c                hci_reset
 .text.hci_read_buffer_size
                0x8000f1f4       0xa8 c:/devkitPro/libogc/lib/wii\libbte.a(hci.o)
                0x8000f1f4                hci_read_buffer_size
 .text.hci_read_bd_addr
                0x8000f29c       0xa8 c:/devkitPro/libogc/lib/wii\libbte.a(hci.o)
                0x8000f29c                hci_read_bd_addr
 .text.hci_read_local_version
                0x8000f344       0xa4 c:/devkitPro/libogc/lib/wii\libbte.a(hci.o)
                0x8000f344                hci_read_local_version
 .text.hci_read_local_features
                0x8000f3e8       0xa8 c:/devkitPro/libogc/lib/wii\libbte.a(hci.o)
                0x8000f3e8                hci_read_local_features
 .text.hci_read_stored_link_key
                0x8000f490       0xfc c:/devkitPro/libogc/lib/wii\libbte.a(hci.o)
                0x8000f490                hci_read_stored_link_key
 .text.hci_write_page_timeout
                0x8000f58c       0xcc c:/devkitPro/libogc/lib/wii\libbte.a(hci.o)
                0x8000f58c                hci_write_page_timeout
 .text.hci_write_scan_enable
                0x8000f658       0xb8 c:/devkitPro/libogc/lib/wii\libbte.a(hci.o)
                0x8000f658                hci_write_scan_enable
 .text.hci_accecpt_conn_request
                0x8000f710       0xdc c:/devkitPro/libogc/lib/wii\libbte.a(hci.o)
                0x8000f710                hci_accecpt_conn_request
 .text.hci_write_local_name
                0x8000f7ec       0xd4 c:/devkitPro/libogc/lib/wii\libbte.a(hci.o)
                0x8000f7ec                hci_write_local_name
 .text.hci_write_pin_type
                0x8000f8c0       0xb8 c:/devkitPro/libogc/lib/wii\libbte.a(hci.o)
                0x8000f8c0                hci_write_pin_type
 .text.hci_write_inquiry_mode
                0x8000f978       0xb8 c:/devkitPro/libogc/lib/wii\libbte.a(hci.o)
                0x8000f978                hci_write_inquiry_mode
 .text.hci_write_page_scan_type
                0x8000fa30       0xb8 c:/devkitPro/libogc/lib/wii\libbte.a(hci.o)
                0x8000fa30                hci_write_page_scan_type
 .text.hci_write_inquiry_scan_type
                0x8000fae8       0xb8 c:/devkitPro/libogc/lib/wii\libbte.a(hci.o)
                0x8000fae8                hci_write_inquiry_scan_type
 .text.hci_vendor_specific_command
                0x8000fba0       0xe4 c:/devkitPro/libogc/lib/wii\libbte.a(hci.o)
                0x8000fba0                hci_vendor_specific_command
 .text.hci_write_link_policy_settings
                0x8000fc84       0xfc c:/devkitPro/libogc/lib/wii\libbte.a(hci.o)
                0x8000fc84                hci_write_link_policy_settings
 .text.hci_pin_code_request_neg_reply
                0x8000fd80       0xc8 c:/devkitPro/libogc/lib/wii\libbte.a(hci.o)
                0x8000fd80                hci_pin_code_request_neg_reply
 .text.hci_link_key_req_neg_reply
                0x8000fe48       0xc8 c:/devkitPro/libogc/lib/wii\libbte.a(hci.o)
                0x8000fe48                hci_link_key_req_neg_reply
 .text.hci_disconnect
                0x8000ff10       0xf4 c:/devkitPro/libogc/lib/wii\libbte.a(hci.o)
                0x8000ff10                hci_disconnect
 .text.hci_write_cod
                0x80010004       0xc8 c:/devkitPro/libogc/lib/wii\libbte.a(hci.o)
                0x80010004                hci_write_cod
 .text.hci_host_buffer_size
                0x800100cc      0x108 c:/devkitPro/libogc/lib/wii\libbte.a(hci.o)
                0x800100cc                hci_host_buffer_size
 .text.hci_host_num_comp_packets
                0x800101d4      0x104 c:/devkitPro/libogc/lib/wii\libbte.a(hci.o)
                0x800101d4                hci_host_num_comp_packets
 .text.lp_pdu_maxsize
                0x800102d8        0xc c:/devkitPro/libogc/lib/wii\libbte.a(hci.o)
                0x800102d8                lp_pdu_maxsize
 .text.lp_acl_write
                0x800102e4      0x16c c:/devkitPro/libogc/lib/wii\libbte.a(hci.o)
                0x800102e4                lp_acl_write
 .text.lp_write_flush_timeout
                0x80010450       0xfc c:/devkitPro/libogc/lib/wii\libbte.a(hci.o)
                0x80010450                lp_write_flush_timeout
 .text.hci_event_handler
                0x8001054c      0xb7c c:/devkitPro/libogc/lib/wii\libbte.a(hci.o)
                0x8001054c                hci_event_handler
 .text.hci_acldata_handler
                0x800110c8      0x120 c:/devkitPro/libogc/lib/wii\libbte.a(hci.o)
                0x800110c8                hci_acldata_handler
 .text.l2cap_init
                0x800111e8       0x60 c:/devkitPro/libogc/lib/wii\libbte.a(l2cap.o)
                0x800111e8                l2cap_init
 .text.l2cap_write
                0x80011248      0x158 c:/devkitPro/libogc/lib/wii\libbte.a(l2cap.o)
                0x80011248                l2cap_write
 .text.l2cap_new
                0x800113a0       0x74 c:/devkitPro/libogc/lib/wii\libbte.a(l2cap.o)
                0x800113a0                l2cap_new
 .text.l2cap_close
                0x80011414      0x1b4 c:/devkitPro/libogc/lib/wii\libbte.a(l2cap.o)
                0x80011414                l2cap_close
 .text.l2cap_reset_all
                0x800115c8      0x17c c:/devkitPro/libogc/lib/wii\libbte.a(l2cap.o)
                0x800115c8                l2cap_reset_all
 .text.l2cap_signal
                0x80011744      0x21c c:/devkitPro/libogc/lib/wii\libbte.a(l2cap.o)
                0x80011744                l2cap_signal
 .text.l2ca_config_req
                0x80011960      0x138 c:/devkitPro/libogc/lib/wii\libbte.a(l2cap.o)
                0x80011960                l2ca_config_req
 .text.l2ca_disconnect_req
                0x80011a98       0xc4 c:/devkitPro/libogc/lib/wii\libbte.a(l2cap.o)
                0x80011a98                l2ca_disconnect_req
 .text.l2cap_tmr
                0x80011b5c      0x288 c:/devkitPro/libogc/lib/wii\libbte.a(l2cap.o)
                0x80011b5c                l2cap_tmr
 .text.l2cap_process_sig
                0x80011de4     0x1270 c:/devkitPro/libogc/lib/wii\libbte.a(l2cap.o)
                0x80011de4                l2cap_process_sig
 .text.l2cap_input
                0x80013054      0x564 c:/devkitPro/libogc/lib/wii\libbte.a(l2cap.o)
                0x80013054                l2cap_input
 .text.l2ca_datawrite
                0x800135b8      0x128 c:/devkitPro/libogc/lib/wii\libbte.a(l2cap.o)
                0x800135b8                l2ca_datawrite
 .text.lp_connect_cfm
                0x800136e0      0x148 c:/devkitPro/libogc/lib/wii\libbte.a(l2cap.o)
                0x800136e0                lp_connect_cfm
 .text.lp_connect_ind
                0x80013828        0x4 c:/devkitPro/libogc/lib/wii\libbte.a(l2cap.o)
                0x80013828                lp_connect_ind
 .text.lp_disconnect_ind
                0x8001382c      0x134 c:/devkitPro/libogc/lib/wii\libbte.a(l2cap.o)
                0x8001382c                lp_disconnect_ind
 .text.l2cap_disconnect_bb
                0x80013960       0x10 c:/devkitPro/libogc/lib/wii\libbte.a(l2cap.o)
                0x80013960                l2cap_disconnect_bb
 .text.l2cap_arg
                0x80013970        0x8 c:/devkitPro/libogc/lib/wii\libbte.a(l2cap.o)
                0x80013970                l2cap_arg
 .text.l2cap_connect_ind
                0x80013978      0x104 c:/devkitPro/libogc/lib/wii\libbte.a(l2cap.o)
                0x80013978                l2cap_connect_ind
 .text.l2cap_disconnect_ind
                0x80013a7c        0x8 c:/devkitPro/libogc/lib/wii\libbte.a(l2cap.o)
                0x80013a7c                l2cap_disconnect_ind
 .text.l2cap_recv
                0x80013a84        0x8 c:/devkitPro/libogc/lib/wii\libbte.a(l2cap.o)
                0x80013a84                l2cap_recv
 .text.btmemb_init
                0x80013a8c       0x24 c:/devkitPro/libogc/lib/wii\libbte.a(btmemb.o)
                0x80013a8c                btmemb_init
 .text.btmemb_alloc
                0x80013ab0       0xb0 c:/devkitPro/libogc/lib/wii\libbte.a(btmemb.o)
                0x80013ab0                btmemb_alloc
 .text.btmemb_free
                0x80013b60       0xb0 c:/devkitPro/libogc/lib/wii\libbte.a(btmemb.o)
                0x80013b60                btmemb_free
 .text.plug_holes
                0x80013c10       0xa4 c:/devkitPro/libogc/lib/wii\libbte.a(btmemr.o)
 .text.btmemr_free.part.0
                0x80013cb4       0x7c c:/devkitPro/libogc/lib/wii\libbte.a(btmemr.o)
 .text.btmemr_init
                0x80013d30       0xa4 c:/devkitPro/libogc/lib/wii\libbte.a(btmemr.o)
                0x80013d30                btmemr_init
 .text.btmemr_malloc
                0x80013dd4      0x190 c:/devkitPro/libogc/lib/wii\libbte.a(btmemr.o)
                0x80013dd4                btmemr_malloc
 .text.btmemr_free
                0x80013f64       0x28 c:/devkitPro/libogc/lib/wii\libbte.a(btmemr.o)
                0x80013f64                btmemr_free
 .text.btmemr_realloc
                0x80013f8c      0x11c c:/devkitPro/libogc/lib/wii\libbte.a(btmemr.o)
                0x80013f8c                btmemr_realloc
 .text.btpbuf_init
                0x800140a8       0x28 c:/devkitPro/libogc/lib/wii\libbte.a(btpbuf.o)
                0x800140a8                btpbuf_init
 .text.btpbuf_free
                0x800140d0      0x15c c:/devkitPro/libogc/lib/wii\libbte.a(btpbuf.o)
                0x800140d0                btpbuf_free
 .text.btpbuf_alloc
                0x8001422c      0x234 c:/devkitPro/libogc/lib/wii\libbte.a(btpbuf.o)
                0x8001422c                btpbuf_alloc
 .text.btpbuf_realloc
                0x80014460       0xc4 c:/devkitPro/libogc/lib/wii\libbte.a(btpbuf.o)
                0x80014460                btpbuf_realloc
 .text.btpbuf_header
                0x80014524       0x94 c:/devkitPro/libogc/lib/wii\libbte.a(btpbuf.o)
                0x80014524                btpbuf_header
 .text.btpbuf_ref
                0x800145b8       0x4c c:/devkitPro/libogc/lib/wii\libbte.a(btpbuf.o)
                0x800145b8                btpbuf_ref
 .text.btpbuf_chain
                0x80014604       0xac c:/devkitPro/libogc/lib/wii\libbte.a(btpbuf.o)
                0x80014604                btpbuf_chain
 .text.btpbuf_dechain
                0x800146b0       0x84 c:/devkitPro/libogc/lib/wii\libbte.a(btpbuf.o)
                0x800146b0                btpbuf_dechain
 .text.btpbuf_take
                0x80014734      0x110 c:/devkitPro/libogc/lib/wii\libbte.a(btpbuf.o)
                0x80014734                btpbuf_take
 .text.__usb_closeCB
                0x80014844       0x10 c:/devkitPro/libogc/lib/wii\libbte.a(physbusif.o)
 .text.__writebulkmsgCB
                0x80014854       0x3c c:/devkitPro/libogc/lib/wii\libbte.a(physbusif.o)
 .text.__writectrlmsgCB
                0x80014890       0x3c c:/devkitPro/libogc/lib/wii\libbte.a(physbusif.o)
 .text.__issue_intrread.part.0
                0x800148cc       0x80 c:/devkitPro/libogc/lib/wii\libbte.a(physbusif.o)
 .text.__readintrdataCB
                0x8001494c      0x13c c:/devkitPro/libogc/lib/wii\libbte.a(physbusif.o)
 .text.__issue_bulkread.part.2
                0x80014a88       0x80 c:/devkitPro/libogc/lib/wii\libbte.a(physbusif.o)
 .text.__readbulkdataCB
                0x80014b08      0x13c c:/devkitPro/libogc/lib/wii\libbte.a(physbusif.o)
 .text.physbusif_init
                0x80014c44      0x200 c:/devkitPro/libogc/lib/wii\libbte.a(physbusif.o)
                0x80014c44                physbusif_init
 .text.physbusif_close
                0x80014e44       0x20 c:/devkitPro/libogc/lib/wii\libbte.a(physbusif.o)
                0x80014e44                physbusif_close
 .text.physbusif_shutdown
                0x80014e64       0x24 c:/devkitPro/libogc/lib/wii\libbte.a(physbusif.o)
                0x80014e64                physbusif_shutdown
 .text.physbusif_reset_all
                0x80014e88        0x4 c:/devkitPro/libogc/lib/wii\libbte.a(physbusif.o)
                0x80014e88                physbusif_reset_all
 .text.physbusif_output
                0x80014e8c      0x1a8 c:/devkitPro/libogc/lib/wii\libbte.a(physbusif.o)
                0x80014e8c                physbusif_output
 .text.__lwp_queue_initialize
                0x80015034       0x54 c:/devkitPro/libogc/lib/wii\libogc.a(lwp_queue.o)
                0x80015034                __lwp_queue_initialize
 .text.__lwp_queue_get
                0x80015088       0x64 c:/devkitPro/libogc/lib/wii\libogc.a(lwp_queue.o)
                0x80015088                __lwp_queue_get
 .text.__lwp_queue_append
                0x800150ec       0x50 c:/devkitPro/libogc/lib/wii\libogc.a(lwp_queue.o)
                0x800150ec                __lwp_queue_append
 .text.__lwp_isr_in_progress
                0x8001513c        0x8 c:/devkitPro/libogc/lib/wii\libogc.a(lwp_threads.o)
                0x8001513c                __lwp_isr_in_progress
 .text.__thread_dispatch_fp
                0x80015144       0x90 c:/devkitPro/libogc/lib/wii\libogc.a(lwp_threads.o)
                0x80015144                __thread_dispatch_fp
 .text.__thread_dispatch
                0x800151d4      0x11c c:/devkitPro/libogc/lib/wii\libogc.a(lwp_threads.o)
                0x800151d4                __thread_dispatch
 .text.__lwp_thread_resettimeslice
                0x800152f0       0xf0 c:/devkitPro/libogc/lib/wii\libogc.a(lwp_threads.o)
                0x800152f0                __lwp_thread_resettimeslice
 .text.__lwp_thread_tickle_timeslice
                0x800153e0       0xcc c:/devkitPro/libogc/lib/wii\libogc.a(lwp_threads.o)
                0x800153e0                __lwp_thread_tickle_timeslice
 .text.__lwp_thread_setstate
                0x800154ac      0x158 c:/devkitPro/libogc/lib/wii\libogc.a(lwp_threads.o)
                0x800154ac                __lwp_thread_setstate
 .text.__lwp_thread_clearstate
                0x80015604       0xf0 c:/devkitPro/libogc/lib/wii\libogc.a(lwp_threads.o)
                0x80015604                __lwp_thread_clearstate
 .text.__lwp_thread_delayended
                0x800156f4       0x48 c:/devkitPro/libogc/lib/wii\libogc.a(lwp_threads.o)
                0x800156f4                __lwp_thread_delayended
 .text.__lwp_thread_suspend
                0x8001573c      0x168 c:/devkitPro/libogc/lib/wii\libogc.a(lwp_threads.o)
                0x8001573c                __lwp_thread_suspend
 .text.__lwp_thread_settransient
                0x800158a4       0xbc c:/devkitPro/libogc/lib/wii\libogc.a(lwp_threads.o)
                0x800158a4                __lwp_thread_settransient
 .text.__lwp_thread_changepriority
                0x80015960      0x1fc c:/devkitPro/libogc/lib/wii\libogc.a(lwp_threads.o)
                0x80015960                __lwp_thread_changepriority
 .text.__lwp_thread_resume
                0x80015b5c      0x130 c:/devkitPro/libogc/lib/wii\libogc.a(lwp_threads.o)
                0x80015b5c                __lwp_thread_resume
 .text.__lwp_thread_ready
                0x80015c8c       0xf8 c:/devkitPro/libogc/lib/wii\libogc.a(lwp_threads.o)
                0x80015c8c                __lwp_thread_ready
 .text.__lwp_thread_init
                0x80015d84      0x16c c:/devkitPro/libogc/lib/wii\libogc.a(lwp_threads.o)
                0x80015d84                __lwp_thread_init
 .text.__lwp_thread_close
                0x80015ef0      0x138 c:/devkitPro/libogc/lib/wii\libogc.a(lwp_threads.o)
                0x80015ef0                __lwp_thread_close
 .text.__lwp_thread_closeall
                0x80016028       0xc0 c:/devkitPro/libogc/lib/wii\libogc.a(lwp_threads.o)
                0x80016028                __lwp_thread_closeall
 .text.__lwp_thread_exit
                0x800160e8       0x5c c:/devkitPro/libogc/lib/wii\libogc.a(lwp_threads.o)
                0x800160e8                __lwp_thread_exit
 .text.__lwp_thread_handler
                0x80016144       0x74 c:/devkitPro/libogc/lib/wii\libogc.a(lwp_threads.o)
 .text.__lwp_thread_start
                0x800161b8       0xcc c:/devkitPro/libogc/lib/wii\libogc.a(lwp_threads.o)
                0x800161b8                __lwp_thread_start
 .text.__lwp_thread_startmultitasking
                0x80016284       0xb0 c:/devkitPro/libogc/lib/wii\libogc.a(lwp_threads.o)
                0x80016284                __lwp_thread_startmultitasking
 .text.__lwp_thread_stopmultitasking
                0x80016334       0x58 c:/devkitPro/libogc/lib/wii\libogc.a(lwp_threads.o)
                0x80016334                __lwp_thread_stopmultitasking
 .text.__lwp_thread_coreinit
                0x8001638c       0xb0 c:/devkitPro/libogc/lib/wii\libogc.a(lwp_threads.o)
                0x8001638c                __lwp_thread_coreinit
 .text.idle_func
                0x8001643c        0x4 c:/devkitPro/libogc/lib/wii\libogc.a(lwp.o)
 .text.__lwp_sysinit
                0x80016440      0x118 c:/devkitPro/libogc/lib/wii\libogc.a(lwp.o)
                0x80016440                __lwp_sysinit
 .text.LWP_SuspendThread
                0x80016558       0xb4 c:/devkitPro/libogc/lib/wii\libogc.a(lwp.o)
                0x80016558                LWP_SuspendThread
 .text.LWP_ResumeThread
                0x8001660c       0xb8 c:/devkitPro/libogc/lib/wii\libogc.a(lwp.o)
                0x8001660c                LWP_ResumeThread
 .text.LWP_GetSelf
                0x800166c4       0x28 c:/devkitPro/libogc/lib/wii\libogc.a(lwp.o)
                0x800166c4                LWP_GetSelf
 .text.LWP_InitQueue
                0x800166ec      0x14c c:/devkitPro/libogc/lib/wii\libogc.a(lwp.o)
                0x800166ec                LWP_InitQueue
 .text.LWP_CloseQueue
                0x80016838       0xd8 c:/devkitPro/libogc/lib/wii\libogc.a(lwp.o)
                0x80016838                LWP_CloseQueue
 .text.LWP_ThreadSleep
                0x80016910       0xfc c:/devkitPro/libogc/lib/wii\libogc.a(lwp.o)
                0x80016910                LWP_ThreadSleep
 .text.LWP_ThreadBroadcast
                0x80016a0c       0x8c c:/devkitPro/libogc/lib/wii\libogc.a(lwp.o)
                0x80016a0c                LWP_ThreadBroadcast
 .text.LWP_ThreadSignal
                0x80016a98       0x74 c:/devkitPro/libogc/lib/wii\libogc.a(lwp.o)
                0x80016a98                LWP_ThreadSignal
 .text.__lwp_stack_allocate
                0x80016b0c       0x84 c:/devkitPro/libogc/lib/wii\libogc.a(lwp_stack.o)
                0x80016b0c                __lwp_stack_allocate
 .text.__lwp_stack_free
                0x80016b90       0x1c c:/devkitPro/libogc/lib/wii\libogc.a(lwp_stack.o)
                0x80016b90                __lwp_stack_free
 .text.__lwp_wd_settimer.isra.3
                0x80016bac       0xd0 c:/devkitPro/libogc/lib/wii\libogc.a(lwp_watchdog.o)
 .text.__lwp_watchdog_init
                0x80016c7c       0x2c c:/devkitPro/libogc/lib/wii\libogc.a(lwp_watchdog.o)
                0x80016c7c                __lwp_watchdog_init
 .text.__lwp_wd_insert
                0x80016ca8      0x1e8 c:/devkitPro/libogc/lib/wii\libogc.a(lwp_watchdog.o)
                0x80016ca8                __lwp_wd_insert
 .text.__lwp_wd_remove
                0x80016e90      0x100 c:/devkitPro/libogc/lib/wii\libogc.a(lwp_watchdog.o)
                0x80016e90                __lwp_wd_remove
 .text.__lwp_wd_tickle
                0x80016f90      0x11c c:/devkitPro/libogc/lib/wii\libogc.a(lwp_watchdog.o)
                0x80016f90                __lwp_wd_tickle
 .text.__lwp_wkspace_init
                0x800170ac       0xc8 c:/devkitPro/libogc/lib/wii\libogc.a(lwp_wkspace.o)
                0x800170ac                __lwp_wkspace_init
 .text.__lwp_objmgr_initinfo
                0x80017174      0x1a4 c:/devkitPro/libogc/lib/wii\libogc.a(lwp_objmgr.o)
                0x80017174                __lwp_objmgr_initinfo
 .text.__lwp_objmgr_getisrdisable
                0x80017318       0x68 c:/devkitPro/libogc/lib/wii\libogc.a(lwp_objmgr.o)
                0x80017318                __lwp_objmgr_getisrdisable
 .text.__lwp_objmgr_getnoprotection
                0x80017380       0x24 c:/devkitPro/libogc/lib/wii\libogc.a(lwp_objmgr.o)
                0x80017380                __lwp_objmgr_getnoprotection
 .text.__lwp_objmgr_get
                0x800173a4       0x70 c:/devkitPro/libogc/lib/wii\libogc.a(lwp_objmgr.o)
                0x800173a4                __lwp_objmgr_get
 .text.__lwp_objmgr_allocate
                0x80017414       0x78 c:/devkitPro/libogc/lib/wii\libogc.a(lwp_objmgr.o)
                0x80017414                __lwp_objmgr_allocate
 .text.__lwp_objmgr_free
                0x8001748c       0x60 c:/devkitPro/libogc/lib/wii\libogc.a(lwp_objmgr.o)
                0x8001748c                __lwp_objmgr_free
 .text.__lwp_heap_init
                0x800174ec       0xa8 c:/devkitPro/libogc/lib/wii\libogc.a(lwp_heap.o)
                0x800174ec                __lwp_heap_init
 .text.__lwp_heap_allocate
                0x80017594      0x180 c:/devkitPro/libogc/lib/wii\libogc.a(lwp_heap.o)
                0x80017594                __lwp_heap_allocate
 .text.__lwp_heap_free
                0x80017714      0x1a0 c:/devkitPro/libogc/lib/wii\libogc.a(lwp_heap.o)
                0x80017714                __lwp_heap_free
 .text.__SetInterrupts
                0x800178b4      0x2a0 c:/devkitPro/libogc/lib/wii\libogc.a(irq.o)
 .text.c_irqdispatcher
                0x80017b54      0x284 c:/devkitPro/libogc/lib/wii\libogc.a(irq.o)
                0x80017b54                c_irqdispatcher
 .text.__UnmaskIrq
                0x80017dd8       0x8c c:/devkitPro/libogc/lib/wii\libogc.a(irq.o)
                0x80017dd8                __UnmaskIrq
 .text.__MaskIrq
                0x80017e64       0x8c c:/devkitPro/libogc/lib/wii\libogc.a(irq.o)
                0x80017e64                __MaskIrq
 .text.__irq_init
                0x80017ef0       0x98 c:/devkitPro/libogc/lib/wii\libogc.a(irq.o)
                0x80017ef0                __irq_init
 .text.IRQ_Request
                0x80017f88       0x54 c:/devkitPro/libogc/lib/wii\libogc.a(irq.o)
                0x80017f88                IRQ_Request
 .text.IRQ_GetHandler
                0x80017fdc       0x48 c:/devkitPro/libogc/lib/wii\libogc.a(irq.o)
                0x80017fdc                IRQ_GetHandler
 .text.IRQ_Disable
                0x80018024       0x24 c:/devkitPro/libogc/lib/wii\libogc.a(irq.o)
                0x80018024                IRQ_Disable
 .text.IRQ_Restore
                0x80018048       0x1c c:/devkitPro/libogc/lib/wii\libogc.a(irq.o)
                0x80018048                IRQ_Restore
 .text.__VISendI2CData.constprop.3
                0x80018064      0x4a4 c:/devkitPro/libogc/lib/wii\libogc.a(video.o)
 .text.__VIWriteI2CRegister16
                0x80018508       0x44 c:/devkitPro/libogc/lib/wii\libogc.a(video.o)
 .text.__VIWriteI2CRegister8
                0x8001854c       0x38 c:/devkitPro/libogc/lib/wii\libogc.a(video.o)
 .text.__VISetYUVSEL
                0x80018584       0x68 c:/devkitPro/libogc/lib/wii\libogc.a(video.o)
 .text.VIDEO_Configure
                0x800185ec      0x7d8 c:/devkitPro/libogc/lib/wii\libogc.a(video.o)
                0x800185ec                VIDEO_Configure
 .text.VIDEO_WaitVSync
                0x80018dc4       0x7c c:/devkitPro/libogc/lib/wii\libogc.a(video.o)
                0x80018dc4                VIDEO_WaitVSync
 .text.VIDEO_SetFramebuffer
                0x80018e40      0x228 c:/devkitPro/libogc/lib/wii\libogc.a(video.o)
                0x80018e40                VIDEO_SetFramebuffer
 .text.VIDEO_SetNextFramebuffer
                0x80019068      0x1d4 c:/devkitPro/libogc/lib/wii\libogc.a(video.o)
                0x80019068                VIDEO_SetNextFramebuffer
 .text.VIDEO_Flush
                0x8001923c      0x110 c:/devkitPro/libogc/lib/wii\libogc.a(video.o)
                0x8001923c                VIDEO_Flush
 .text.VIDEO_SetBlack
                0x8001934c      0x160 c:/devkitPro/libogc/lib/wii\libogc.a(video.o)
                0x8001934c                VIDEO_SetBlack
 .text.VIDEO_GetCurrentTvMode
                0x800194ac       0x80 c:/devkitPro/libogc/lib/wii\libogc.a(video.o)
                0x800194ac                VIDEO_GetCurrentTvMode
 .text.__VIRetraceHandler
                0x8001952c      0x2c0 c:/devkitPro/libogc/lib/wii\libogc.a(video.o)
 .text.__VISetupEncoder
                0x800197ec      0x208 c:/devkitPro/libogc/lib/wii\libogc.a(video.o)
 .text.VIDEO_Init
                0x800199f4      0x410 c:/devkitPro/libogc/lib/wii\libogc.a(video.o)
                0x800199f4                VIDEO_Init
 .text.VIDEO_GetPreferredMode
                0x80019e04      0x108 c:/devkitPro/libogc/lib/wii\libogc.a(video.o)
                0x80019e04                VIDEO_GetPreferredMode
 .text.VIDEO_GetCurrentLine
                0x80019f0c       0xa4 c:/devkitPro/libogc/lib/wii\libogc.a(video.o)
                0x80019f0c                VIDEO_GetCurrentLine
 .text.VIDEO_GetFrameBufferSize
                0x80019fb0       0x30 c:/devkitPro/libogc/lib/wii\libogc.a(video.o)
                0x80019fb0                VIDEO_GetFrameBufferSize
 .text.__call_resetfuncs
                0x80019fe0       0xbc c:/devkitPro/libogc/lib/wii\libogc.a(system.o)
 .text.__MEMInterruptHandler
                0x8001a09c       0x14 c:/devkitPro/libogc/lib/wii\libogc.a(system.o)
 .text.__POWDefaultHandler
                0x8001a0b0        0x4 c:/devkitPro/libogc/lib/wii\libogc.a(system.o)
 .text.__sram_write
                0x8001a0b4      0x114 c:/devkitPro/libogc/lib/wii\libogc.a(system.o)
 .text.__unlocksram
                0x8001a1c8      0x150 c:/devkitPro/libogc/lib/wii\libogc.a(system.o)
 .text.__sram_writecallback
                0x8001a318       0x54 c:/devkitPro/libogc/lib/wii\libogc.a(system.o)
 .text.__mem_onreset
                0x8001a36c       0x48 c:/devkitPro/libogc/lib/wii\libogc.a(system.o)
 .text.__sys_alarmhandler
                0x8001a3b4       0xec c:/devkitPro/libogc/lib/wii\libogc.a(system.o)
 .text.__STMEventHandler
                0x8001a4a0       0xec c:/devkitPro/libogc/lib/wii\libogc.a(system.o)
 .text.__sram_read.constprop.10
                0x8001a58c      0x124 c:/devkitPro/libogc/lib/wii\libogc.a(system.o)
 .text.__RSWDefaultHandler
                0x8001a6b0        0x4 c:/devkitPro/libogc/lib/wii\libogc.a(system.o)
 .text.__SYS_GetIPCBufferLo
                0x8001a6b4        0x8 c:/devkitPro/libogc/lib/wii\libogc.a(system.o)
                0x8001a6b4                __SYS_GetIPCBufferLo
 .text.__SYS_GetIPCBufferHi
                0x8001a6bc        0x8 c:/devkitPro/libogc/lib/wii\libogc.a(system.o)
                0x8001a6bc                __SYS_GetIPCBufferHi
 .text.__SYS_DoPowerCB
                0x8001a6c4       0x78 c:/devkitPro/libogc/lib/wii\libogc.a(system.o)
                0x8001a6c4                __SYS_DoPowerCB
 .text.__SYS_PreInit
                0x8001a73c        0x4 c:/devkitPro/libogc/lib/wii\libogc.a(system.o)
                0x8001a73c                __SYS_PreInit
 .text.SYS_PreMain
                0x8001a740       0x54 c:/devkitPro/libogc/lib/wii\libogc.a(system.o)
                0x8001a740                SYS_PreMain
 .text.SYS_ResetButtonDown
                0x8001a794       0x18 c:/devkitPro/libogc/lib/wii\libogc.a(system.o)
                0x8001a794                SYS_ResetButtonDown
 .text.SYS_ResetSystem
                0x8001a7ac      0x20c c:/devkitPro/libogc/lib/wii\libogc.a(system.o)
                0x8001a7ac                SYS_ResetSystem
 .text.__reload
                0x8001a9b8       0x80 c:/devkitPro/libogc/lib/wii\libogc.a(system.o)
                0x8001a9b8                __reload
 .text.__libogc_exit
                0x8001aa38       0x88 c:/devkitPro/libogc/lib/wii\libogc.a(system.o)
                0x8001aa38                __libogc_exit
 .text.SYS_RegisterResetFunc
                0x8001aac0       0x80 c:/devkitPro/libogc/lib/wii\libogc.a(system.o)
                0x8001aac0                SYS_RegisterResetFunc
 .text.SYS_Init
                0x8001ab40      0x6a8 c:/devkitPro/libogc/lib/wii\libogc.a(system.o)
                0x8001ab40                SYS_Init
 .text.SYS_SetArena1Lo
                0x8001b1e8       0x3c c:/devkitPro/libogc/lib/wii\libogc.a(system.o)
                0x8001b1e8                SYS_SetArena1Lo
 .text.SYS_GetArena1Lo
                0x8001b224       0x3c c:/devkitPro/libogc/lib/wii\libogc.a(system.o)
                0x8001b224                SYS_GetArena1Lo
 .text.SYS_GetArena1Hi
                0x8001b260       0x3c c:/devkitPro/libogc/lib/wii\libogc.a(system.o)
                0x8001b260                SYS_GetArena1Hi
 .text.SYS_SetArena2Lo
                0x8001b29c       0x3c c:/devkitPro/libogc/lib/wii\libogc.a(system.o)
                0x8001b29c                SYS_SetArena2Lo
 .text.SYS_GetArena2Lo
                0x8001b2d8       0x3c c:/devkitPro/libogc/lib/wii\libogc.a(system.o)
                0x8001b2d8                SYS_GetArena2Lo
 .text.SYS_SetArena2Hi
                0x8001b314       0x3c c:/devkitPro/libogc/lib/wii\libogc.a(system.o)
                0x8001b314                SYS_SetArena2Hi
 .text.SYS_GetArena2Hi
                0x8001b350       0x3c c:/devkitPro/libogc/lib/wii\libogc.a(system.o)
                0x8001b350                SYS_GetArena2Hi
 .text.SYS_AllocateFramebuffer
                0x8001b38c       0x28 c:/devkitPro/libogc/lib/wii\libogc.a(system.o)
                0x8001b38c                SYS_AllocateFramebuffer
 .text.SYS_CreateAlarm
                0x8001b3b4      0x10c c:/devkitPro/libogc/lib/wii\libogc.a(system.o)
                0x8001b3b4                SYS_CreateAlarm
 .text.SYS_SetAlarm
                0x8001b4c0      0x194 c:/devkitPro/libogc/lib/wii\libogc.a(system.o)
                0x8001b4c0                SYS_SetAlarm
 .text.SYS_SetPeriodicAlarm
                0x8001b654      0x1f4 c:/devkitPro/libogc/lib/wii\libogc.a(system.o)
                0x8001b654                SYS_SetPeriodicAlarm
 .text.SYS_RemoveAlarm
                0x8001b848      0x110 c:/devkitPro/libogc/lib/wii\libogc.a(system.o)
                0x8001b848                SYS_RemoveAlarm
 .text.SYS_CancelAlarm
                0x8001b958       0xc0 c:/devkitPro/libogc/lib/wii\libogc.a(system.o)
                0x8001b958                SYS_CancelAlarm
 .text.SYS_SetWirelessID
                0x8001ba18       0x90 c:/devkitPro/libogc/lib/wii\libogc.a(system.o)
                0x8001ba18                SYS_SetWirelessID
 .text.SYS_GetWirelessID
                0x8001baa8       0xa4 c:/devkitPro/libogc/lib/wii\libogc.a(system.o)
                0x8001baa8                SYS_GetWirelessID
 .text.SYS_GetHollywoodRevision
                0x8001bb4c       0x3c c:/devkitPro/libogc/lib/wii\libogc.a(system.o)
                0x8001bb4c                SYS_GetHollywoodRevision
 .text.__lwp_cond_init
                0x8001bb88       0x14 c:/devkitPro/libogc/lib/wii\libogc.a(cond.o)
                0x8001bb88                __lwp_cond_init
 .text.__GX_InitRevBits
                0x8001bb9c       0x9c c:/devkitPro/libogc/lib/wii\libogc.a(gx.o)
 .text.__GX_CleanGPFifo
                0x8001bc38      0x180 c:/devkitPro/libogc/lib/wii\libogc.a(gx.o)
 .text.__GXTokenInterruptHandler
                0x8001bdb8       0x68 c:/devkitPro/libogc/lib/wii\libogc.a(gx.o)
 .text.__GXDefTexRegionCallback
                0x8001be20       0x78 c:/devkitPro/libogc/lib/wii\libogc.a(gx.o)
 .text.__GXDefTlutRegionCallback
                0x8001be98       0x18 c:/devkitPro/libogc/lib/wii\libogc.a(gx.o)
 .text.__SetSURegs
                0x8001beb0       0x94 c:/devkitPro/libogc/lib/wii\libogc.a(gx.o)
 .text.__GXCPInterruptHandler
                0x8001bf44      0x16c c:/devkitPro/libogc/lib/wii\libogc.a(gx.o)
 .text.__GXFinishInterruptHandler
                0x8001c0b0       0x58 c:/devkitPro/libogc/lib/wii\libogc.a(gx.o)
 .text.__GX_WaitAbort
                0x8001c108       0xa0 c:/devkitPro/libogc/lib/wii\libogc.a(gx.o)
 .text.__GX_Abort
                0x8001c1a8       0xf4 c:/devkitPro/libogc/lib/wii\libogc.a(gx.o)
 .text.__GX_CPGPLinkCheck.part.0
                0x8001c29c       0x3c c:/devkitPro/libogc/lib/wii\libogc.a(gx.o)
 .text.GX_InitFifoBase.part.3
                0x8001c2d8       0x70 c:/devkitPro/libogc/lib/wii\libogc.a(gx.o)
 .text.GX_SetTexCoordGen2.part.7
                0x8001c348      0x2c8 c:/devkitPro/libogc/lib/wii\libogc.a(gx.o)
 .text.GX_SetTexCoordGen.part.8
                0x8001c610        0xc c:/devkitPro/libogc/lib/wii\libogc.a(gx.o)
 .text.__GX_SetDirtyState
                0x8001c61c      0x628 c:/devkitPro/libogc/lib/wii\libogc.a(gx.o)
 .text.GX_SetCPUFifo
                0x8001cc44      0x28c c:/devkitPro/libogc/lib/wii\libogc.a(gx.o)
                0x8001cc44                GX_SetCPUFifo
 .text.GX_SetGPFifo
                0x8001ced0      0x2e0 c:/devkitPro/libogc/lib/wii\libogc.a(gx.o)
                0x8001ced0                GX_SetGPFifo
 .text.GX_Flush
                0x8001d1b0       0x94 c:/devkitPro/libogc/lib/wii\libogc.a(gx.o)
                0x8001d1b0                GX_Flush
 .text.__gx_onreset
                0x8001d244       0x70 c:/devkitPro/libogc/lib/wii\libogc.a(gx.o)
 .text.GX_AbortFrame
                0x8001d2b4       0x54 c:/devkitPro/libogc/lib/wii\libogc.a(gx.o)
                0x8001d2b4                GX_AbortFrame
 .text.GX_DrawDone
                0x8001d308       0xc4 c:/devkitPro/libogc/lib/wii\libogc.a(gx.o)
                0x8001d308                GX_DrawDone
 .text.GX_SetViewport
                0x8001d3cc       0x78 c:/devkitPro/libogc/lib/wii\libogc.a(gx.o)
                0x8001d3cc                GX_SetViewport
 .text.GX_LoadProjectionMtx
                0x8001d444       0xf0 c:/devkitPro/libogc/lib/wii\libogc.a(gx.o)
                0x8001d444                GX_LoadProjectionMtx
 .text.GX_SetCopyClear
                0x8001d534       0x54 c:/devkitPro/libogc/lib/wii\libogc.a(gx.o)
                0x8001d534                GX_SetCopyClear
 .text.GX_SetDispCopyGamma
                0x8001d588       0x18 c:/devkitPro/libogc/lib/wii\libogc.a(gx.o)
                0x8001d588                GX_SetDispCopyGamma
 .text.GX_SetCopyFilter
                0x8001d5a0      0x290 c:/devkitPro/libogc/lib/wii\libogc.a(gx.o)
                0x8001d5a0                GX_SetCopyFilter
 .text.GX_SetDispCopyYScale
                0x8001d830      0x134 c:/devkitPro/libogc/lib/wii\libogc.a(gx.o)
                0x8001d830                GX_SetDispCopyYScale
 .text.GX_SetDispCopyDst
                0x8001d964       0x20 c:/devkitPro/libogc/lib/wii\libogc.a(gx.o)
                0x8001d964                GX_SetDispCopyDst
 .text.GX_SetDispCopySrc
                0x8001d984       0x38 c:/devkitPro/libogc/lib/wii\libogc.a(gx.o)
                0x8001d984                GX_SetDispCopySrc
 .text.GX_CopyDisp
                0x8001d9bc      0x128 c:/devkitPro/libogc/lib/wii\libogc.a(gx.o)
                0x8001d9bc                GX_CopyDisp
 .text.GX_SetVtxDesc