Archive member included to satisfy reference by file (symbol)

c:/devkitPro/libogc/lib/wii\libgrrlib.a(GRRLIB_core.o)
                              main.o (GRRLIB_Exit)
c:/devkitPro/libogc/lib/wii\libgrrlib.a(GRRLIB_render.o)
                              main.o (GRRLIB_DrawImg)
c:/devkitPro/libogc/lib/wii\libgrrlib.a(GRRLIB_texEdit.o)
                              main.o (GRRLIB_LoadTexture)
c:/devkitPro/libogc/lib/wii\libgrrlib.a(GRRLIB_ttf.o)
                              c:/devkitPro/libogc/lib/wii\libgrrlib.a(GRRLIB_core.o) (GRRLIB_InitTTF)
c:/devkitPro/libogc/lib/wii\libfreetype.a(ftinit.o)
                              c:/devkitPro/libogc/lib/wii\libgrrlib.a(GRRLIB_ttf.o) (FT_Init_FreeType)
c:/devkitPro/libogc/lib/wii\libfreetype.a(ftbase.o)
                              c:/devkitPro/libogc/lib/wii\libgrrlib.a(GRRLIB_ttf.o) (FT_Load_Glyph)
c:/devkitPro/libogc/lib/wii\libfreetype.a(truetype.o)
                              c:/devkitPro/libogc/lib/wii\libfreetype.a(ftinit.o) (tt_driver_class)
c:/devkitPro/libogc/lib/wii\libfreetype.a(type1.o)
                              c:/devkitPro/libogc/lib/wii\libfreetype.a(ftinit.o) (t1_driver_class)
c:/devkitPro/libogc/lib/wii\libfreetype.a(cff.o)
                              c:/devkitPro/libogc/lib/wii\libfreetype.a(ftinit.o) (cff_driver_class)
c:/devkitPro/libogc/lib/wii\libfreetype.a(type1cid.o)
                              c:/devkitPro/libogc/lib/wii\libfreetype.a(ftinit.o) (t1cid_driver_class)
c:/devkitPro/libogc/lib/wii\libfreetype.a(pfr.o)
                              c:/devkitPro/libogc/lib/wii\libfreetype.a(ftinit.o) (pfr_driver_class)
c:/devkitPro/libogc/lib/wii\libfreetype.a(type42.o)
                              c:/devkitPro/libogc/lib/wii\libfreetype.a(ftinit.o) (t42_driver_class)
c:/devkitPro/libogc/lib/wii\libfreetype.a(winfnt.o)
                              c:/devkitPro/libogc/lib/wii\libfreetype.a(ftinit.o) (winfnt_driver_class)
c:/devkitPro/libogc/lib/wii\libfreetype.a(pcf.o)
                              c:/devkitPro/libogc/lib/wii\libfreetype.a(ftinit.o) (pcf_driver_class)
c:/devkitPro/libogc/lib/wii\libfreetype.a(bdf.o)
                              c:/devkitPro/libogc/lib/wii\libfreetype.a(ftinit.o) (bdf_driver_class)
c:/devkitPro/libogc/lib/wii\libfreetype.a(sfnt.o)
                              c:/devkitPro/libogc/lib/wii\libfreetype.a(ftinit.o) (sfnt_module_class)
c:/devkitPro/libogc/lib/wii\libfreetype.a(autofit.o)
                              c:/devkitPro/libogc/lib/wii\libfreetype.a(ftinit.o) (autofit_module_class)
c:/devkitPro/libogc/lib/wii\libfreetype.a(pshinter.o)
                              c:/devkitPro/libogc/lib/wii\libfreetype.a(ftinit.o) (pshinter_module_class)
c:/devkitPro/libogc/lib/wii\libfreetype.a(raster.o)
                              c:/devkitPro/libogc/lib/wii\libfreetype.a(ftinit.o) (ft_raster1_renderer_class)
c:/devkitPro/libogc/lib/wii\libfreetype.a(smooth.o)
                              c:/devkitPro/libogc/lib/wii\libfreetype.a(ftinit.o) (ft_smooth_renderer_class)
c:/devkitPro/libogc/lib/wii\libfreetype.a(ftgzip.o)
                              c:/devkitPro/libogc/lib/wii\libfreetype.a(pcf.o) (FT_Stream_OpenGzip)
c:/devkitPro/libogc/lib/wii\libfreetype.a(ftlzw.o)
                              c:/devkitPro/libogc/lib/wii\libfreetype.a(pcf.o) (FT_Stream_OpenLZW)
c:/devkitPro/libogc/lib/wii\libfreetype.a(psaux.o)
                              c:/devkitPro/libogc/lib/wii\libfreetype.a(ftinit.o) (psaux_module_class)
c:/devkitPro/libogc/lib/wii\libfreetype.a(psnames.o)
                              c:/devkitPro/libogc/lib/wii\libfreetype.a(ftinit.o) (psnames_module_class)
c:/devkitPro/libogc/lib/wii\libfreetype.a(ftsystem.o)
                              c:/devkitPro/libogc/lib/wii\libfreetype.a(ftbase.o) (FT_Stream_Open)
c:/devkitPro/libogc/lib/wii\libpngu.a(pngu.o)
                              c:/devkitPro/libogc/lib/wii\libgrrlib.a(GRRLIB_texEdit.o) (PNGU_SelectImageFromBuffer)
c:/devkitPro/libogc/lib/wii\libpng.a(png.o)
                              c:/devkitPro/libogc/lib/wii\libpngu.a(pngu.o) (png_set_sig_bytes)
c:/devkitPro/libogc/lib/wii\libpng.a(pngerror.o)
                              c:/devkitPro/libogc/lib/wii\libpng.a(png.o) (png_safecat)
c:/devkitPro/libogc/lib/wii\libpng.a(pngget.o)
                              c:/devkitPro/libogc/lib/wii\libpngu.a(pngu.o) (png_get_rowbytes)
c:/devkitPro/libogc/lib/wii\libpng.a(pngmem.o)
                              c:/devkitPro/libogc/lib/wii\libpng.a(png.o) (png_malloc_base)
c:/devkitPro/libogc/lib/wii\libpng.a(pngread.o)
                              c:/devkitPro/libogc/lib/wii\libpngu.a(pngu.o) (png_create_read_struct)
c:/devkitPro/libogc/lib/wii\libpng.a(pngrio.o)
                              c:/devkitPro/libogc/lib/wii\libpngu.a(pngu.o) (png_set_read_fn)
c:/devkitPro/libogc/lib/wii\libpng.a(pngrtran.o)
                              c:/devkitPro/libogc/lib/wii\libpng.a(pngread.o) (png_set_background_fixed)
[...]
Memory Configuration

Name             Origin             Length             Attributes
*default*        0x00000000         0xffffffff

Linker script and memory map

                0x00003400                . = 0x3400

.stub
 *(.stub)
                0x80004000                . = 0x80004000

.init           0x80004000      0x194
 *crt0.o(*.init)
 .init          0x80004000      0x170 c:/devkitPro/libogc/lib/wii\libogc.a(ogc_crt0.o)
                0x80004000                _start
                0x80004140                _memset
 *(.init)
 .init          0x80004170        0xc c:/devkitpro/devkitppc/bin/../lib/gcc/powerpc-eabi/6.3.0/ecrti.o
                0x80004170                __init
 .init          0x8000417c        0x4 c:/devkitpro/devkitppc/bin/../lib/gcc/powerpc-eabi/6.3.0/crtbegin.o
 .init          0x80004180        0x4 c:/devkitpro/devkitppc/bin/../lib/gcc/powerpc-eabi/6.3.0/crtend.o
 .init          0x80004184       0x10 c:/devkitpro/devkitppc/bin/../lib/gcc/powerpc-eabi/6.3.0/ecrtn.o

.rela.dyn       0x80004194        0x0
 .rela.iplt     0x80004194        0x0 c:/devkitpro/devkitppc/bin/../lib/gcc/powerpc-eabi/6.3.0/crtbegin.o

.plt
 *(.plt)

.interp
 *(.interp)

.hash
 *(.hash)

.dynsym
 *(.dynsym)

.dynstr
 *(.dynstr)

.gnu.version
 *(.gnu.version)

.gnu.version_d
 *(.gnu.version_d)

.gnu.version_r
 *(.gnu.version_r)

.rel.init
 *(.rel.init)

.rela.init      0x80004194        0x0
 *(.rela.init)
 .rela.init     0x80004194        0x0 c:/devkitpro/devkitppc/bin/../lib/gcc/powerpc-eabi/6.3.0/crtbegin.o

.rel.text
 *(.rel.text .rel.text.* .rel.gnu.linkonce.t.*)

.rela.text      0x80004194        0x0
 *(.rela.text .rela.text.* .rela.gnu.linkonce.t.*)
 .rela.text.deregister_tm_clones
                0x80004194        0x0 c:/devkitpro/devkitppc/bin/../lib/gcc/powerpc-eabi/6.3.0/crtbegin.o
 .rela.text.register_tm_clones
                0x80004194        0x0 c:/devkitpro/devkitppc/bin/../lib/gcc/powerpc-eabi/6.3.0/crtbegin.o
 .rela.text.__do_global_dtors_aux
                0x80004194        0x0 c:/devkitpro/devkitppc/bin/../lib/gcc/powerpc-eabi/6.3.0/crtbegin.o
 .rela.text.frame_dummy
                0x80004194        0x0 c:/devkitpro/devkitppc/bin/../lib/gcc/powerpc-eabi/6.3.0/crtbegin.o
 .rela.text.startup.main
                0x80004194        0x0 c:/devkitpro/devkitppc/bin/../lib/gcc/powerpc-eabi/6.3.0/crtbegin.o
 .rela.text.GRRLIB_ClipReset
                0x80004194        0x0 c:/devkitpro/devkitppc/bin/../lib/gcc/powerpc-eabi/6.3.0/crtbegin.o
 .rela.text.GRRLIB_GXEngine
                0x80004194        0x0 c:/devkitpro/devkitppc/bin/../lib/gcc/powerpc-eabi/6.3.0/crtbegin.o
 .rela.text.GRRLIB_Plot
                0x80004194        0x0 c:/devkitpro/devkitppc/bin/../lib/gcc/powerpc-eabi/6.3.0/crtbegin.o
 .rela.text.GRRLIB_Line
                0x80004194        0x0 c:/devkitpro/devkitppc/bin/../lib/gcc/powerpc-eabi/6.3.0/crtbegin.o
 .rela.text.GRRLIB_Rectangle
                0x80004194        0x0 c:/devkitpro/devkitppc/bin/../lib/gcc/powerpc-eabi/6.3.0/crtbegin.o
 .rela.text.GRRLIB_FillScreen
                0x80004194        0x0 c:/devkitpro/devkitppc/bin/../lib/gcc/powerpc-eabi/6.3.0/crtbegin.o
 .rela.text.GRRLIB_Exit
                0x80004194        0x0 c:/devkitpro/devkitppc/bin/../lib/gcc/powerpc-eabi/6.3.0/crtbegin.o
 .rela.text.GRRLIB_SetBlend
                0x80004194        0x0 c:/devkitpro/devkitppc/bin/../lib/gcc/powerpc-eabi/6.3.0/crtbegin.o
 .rela.text.GRRLIB_GetBlend
                0x80004194        0x0 c:/devkitpro/devkitppc/bin/../lib/gcc/powerpc-eabi/6.3.0/crtbegin.o
 .rela.text.GRRLIB_SetAntiAliasing
                0x80004194        0x0 c:/devkitpro/devkitppc/bin/../lib/gcc/powerpc-eabi/6.3.0/crtbegin.o
 .rela.text.GRRLIB_GetAntiAliasing
                0x80004194        0x0 c:/devkitpro/devkitppc/bin/../lib/gcc/powerpc-eabi/6.3.0/crtbegin.o
 .rela.text.GRRLIB_Init
                0x80004194        0x0 c:/devkitpro/devkitppc/bin/../lib/gcc/powerpc-eabi/6.3.0/crtbegin.o
 .rela.text.GRRLIB_DrawImg
                0x80004194        0x0 c:/devkitpro/devkitppc/bin/../lib/gcc/powerpc-eabi/6.3.0/crtbegin.o
 .rela.text.GRRLIB_DrawImgQuad
                0x80004194        0x0 c:/devkitpro/devkitppc/bin/../lib/gcc/powerpc-eabi/6.3.0/crtbegin.o
 .rela.text.GRRLIB_DrawTile
                0x80004194        0x0 c:/devkitpro/devkitppc/bin/../lib/gcc/powerpc-eabi/6.3.0/crtbegin.o
 .rela.text.GRRLIB_DrawPart
                0x80004194        0x0 c:/devkitpro/devkitppc/bin/../lib/gcc/powerpc-eabi/6.3.0/crtbegin.o
 .rela.text.GRRLIB_DrawTileQuad
                0x80004194        0x0 c:/devkitpro/devkitppc/bin/../lib/gcc/powerpc-eabi/6.3.0/crtbegin.o
 .rela.text.GRRLIB_Render
                0x80004194        0x0 c:/devkitpro/devkitppc/bin/../lib/gcc/powerpc-eabi/6.3.0/crtbegin.o
 .rela.text.GRRLIB_PrintfTTFW
                0x80004194        0x0 c:/devkitpro/devkitppc/bin/../lib/gcc/powerpc-eabi/6.3.0/crtbegin.o
 .rela.text.png_create_png_struct
                0x80004194        0x0 c:/devkitpro/devkitppc/bin/../lib/gcc/powerpc-eabi/6.3.0/crtbegin.o
 .rela.text.png_warning
                0x80004194        0x0 c:/devkitpro/devkitppc/bin/../lib/gcc/powerpc-eabi/6.3.0/crtbegin.o
 .rela.text.png_free_jmpbuf
                0x80004194        0x0 c:/devkitpro/devkitppc/bin/../lib/gcc/powerpc-eabi/6.3.0/crtbegin.o
 .rela.text.png_error
                0x80004194        0x0 c:/devkitpro/devkitppc/bin/../lib/gcc/powerpc-eabi/6.3.0/crtbegin.o
 .rela.text.jpeg_stdio_src
                0x80004194        0x0 c:/devkitpro/devkitppc/bin/../lib/gcc/powerpc-eabi/6.3.0/crtbegin.o
 .rela.text.jpeg_mem_src
                0x80004194        0x0 c:/devkitpro/devkitppc/bin/../lib/gcc/powerpc-eabi/6.3.0/crtbegin.o
 .rela.text.consume_markers
                0x80004194        0x0 c:/devkitpro/devkitppc/bin/../lib/gcc/powerpc-eabi/6.3.0/crtbegin.o
 .rela.text.read_markers
                0x80004194        0x0 c:/devkitpro/devkitppc/bin/../lib/gcc/powerpc-eabi/6.3.0/crtbegin.o
 .rela.text.output_message
                0x80004194        0x0 c:/devkitpro/devkitppc/bin/../lib/gcc/powerpc-eabi/6.3.0/crtbegin.o
 .rela.text.arith_decode
                0x80004194        0x0 c:/devkitpro/devkitppc/bin/../lib/gcc/powerpc-eabi/6.3.0/crtbegin.o
 .rela.text.start_pass
                0x80004194        0x0 c:/devkitpro/devkitppc/bin/../lib/gcc/powerpc-eabi/6.3.0/crtbegin.o
 .rela.text.deflate_slow
                0x80004194        0x0 c:/devkitpro/devkitppc/bin/../lib/gcc/powerpc-eabi/6.3.0/crtbegin.o
 .rela.text.deflate_fast
                0x80004194        0x0 c:/devkitpro/devkitppc/bin/../lib/gcc/powerpc-eabi/6.3.0/crtbegin.o
 .rela.text.deflate
                0x80004194        0x0 c:/devkitpro/devkitppc/bin/../lib/gcc/powerpc-eabi/6.3.0/crtbegin.o
 .rela.text.deflateInit2_
                0x80004194        0x0 c:/devkitpro/devkitppc/bin/../lib/gcc/powerpc-eabi/6.3.0/crtbegin.o
 .rela.text.inflateInit2_
                0x80004194        0x0 c:/devkitpro/devkitppc/bin/../lib/gcc/powerpc-eabi/6.3.0/crtbegin.o
 .rela.text.fatUnmount
                0x80004194        0x0 c:/devkitpro/devkitppc/bin/../lib/gcc/powerpc-eabi/6.3.0/crtbegin.o
 .rela.text.fatInit
                0x80004194        0x0 c:/devkitpro/devkitppc/bin/../lib/gcc/powerpc-eabi/6.3.0/crtbegin.o
 .rela.text.fatGetVolumeLabel
                0x80004194        0x0 c:/devkitpro/devkitppc/bin/../lib/gcc/powerpc-eabi/6.3.0/crtbegin.o
 .rela.text.get_io_wiisd
                0x80004194        0x0 c:/devkitpro/devkitppc/bin/../lib/gcc/powerpc-eabi/6.3.0/crtbegin.o
 .rela.text.get_io_usbstorage
                0x80004194        0x0 c:/devkitpro/devkitppc/bin/../lib/gcc/powerpc-eabi/6.3.0/crtbegin.o
 .rela.text.get_io_gcsda
                0x80004194        0x0 c:/devkitpro/devkitppc/bin/../lib/gcc/powerpc-eabi/6.3.0/crtbegin.o
 .rela.text.get_io_gcsdb
                0x80004194        0x0 c:/devkitpro/devkitppc/bin/../lib/gcc/powerpc-eabi/6.3.0/crtbegin.o
 .rela.text.wiiuse_probe_motion_plus_check1
                0x80004194        0x0 c:/devkitpro/devkitppc/bin/../lib/gcc/powerpc-eabi/6.3.0/crtbegin.o
 .rela.text.wiiuse_probe_motion_plus
                0x80004194        0x0 c:/devkitpro/devkitppc/bin/../lib/gcc/powerpc-eabi/6.3.0/crtbegin.o
 .rela.text.wiiuse_handshake
                0x80004194        0x0 c:/devkitpro/devkitppc/bin/../lib/gcc/powerpc-eabi/6.3.0/crtbegin.o
 .rela.text.wiiuse_handshake_expansion
                0x80004194        0x0 c:/devkitpro/devkitppc/bin/../lib/gcc/powerpc-eabi/6.3.0/crtbegin.o
 .rela.text.wiiuse_init_cmd_queue
                0x80004194        0x0 c:/devkitpro/devkitppc/bin/../lib/gcc/powerpc-eabi/6.3.0/crtbegin.o
 .rela.text.wiiuse_init
                0x80004194        0x0 c:/devkitpro/devkitppc/bin/../lib/gcc/powerpc-eabi/6.3.0/crtbegin.o
 .rela.text.bt_alarmhandler
                0x80004194        0x0 c:/devkitpro/devkitppc/bin/../lib/gcc/powerpc-eabi/6.3.0/crtbegin.o
 .rela.text.__lwp_rotate_readyqueue
                0x80004194        0x0 c:/devkitpro/devkitppc/bin/../lib/gcc/powerpc-eabi/6.3.0/crtbegin.o
 .rela.text.__lwp_thread_tickle_timeslice
                0x80004194        0x0 c:/devkitpro/devkitppc/bin/../lib/gcc/powerpc-eabi/6.3.0/crtbegin.o
 .rela.text.__lwp_thread_setstate
                0x80004194        0x0 c:/devkitpro/devkitppc/bin/../lib/gcc/powerpc-eabi/6.3.0/crtbegin.o
 .rela.text.__lwp_thread_setpriority
                0x80004194        0x0 c:/devkitpro/devkitppc/bin/../lib/gcc/powerpc-eabi/6.3.0/crtbegin.o
 .rela.text.__lwp_thread_suspend
                0x80004194        0x0 c:/devkitpro/devkitppc/bin/../lib/gcc/powerpc-eabi/6.3.0/crtbegin.o
 .rela.text.__lwp_thread_changepriority
                0x80004194        0x0 c:/devkitpro/devkitppc/bin/../lib/gcc/powerpc-eabi/6.3.0/crtbegin.o
 .rela.text.__lwp_thread_ready
                0x80004194        0x0 c:/devkitpro/devkitppc/bin/../lib/gcc/powerpc-eabi/6.3.0/crtbegin.o
 .rela.text.__lwp_thread_init
                0x80004194        0x0 c:/devkitpro/devkitppc/bin/../lib/gcc/powerpc-eabi/6.3.0/crtbegin.o
 .rela.text.__lwp_thread_close
                0x80004194        0x0 c:/devkitpro/devkitppc/bin/../lib/gcc/powerpc-eabi/6.3.0/crtbegin.o
 .rela.text.__lwp_thread_closeall
                0x80004194        0x0 c:/devkitpro/devkitppc/bin/../lib/gcc/powerpc-eabi/6.3.0/crtbegin.o
 .rela.text.__lwp_thread_startmultitasking
                0x80004194        0x0 c:/devkitpro/devkitppc/bin/../lib/gcc/powerpc-eabi/6.3.0/crtbegin.o
 .rela.text.__lwp_thread_stopmultitasking
                0x80004194        0x0 c:/devkitpro/devkitppc/bin/../lib/gcc/powerpc-eabi/6.3.0/crtbegin.o
 .rela.text.__lwp_thread_coreinit
                0x80004194        0x0 c:/devkitpro/devkitppc/bin/../lib/gcc/powerpc-eabi/6.3.0/crtbegin.o
 .rela.text.__lwp_sysinit
                0x80004194        0x0 c:/devkitpro/devkitppc/bin/../lib/gcc/powerpc-eabi/6.3.0/crtbegin.o
 .rela.text.__lwp_thread_isalive
                0x80004194        0x0 c:/devkitpro/devkitppc/bin/../lib/gcc/powerpc-eabi/6.3.0/crtbegin.o
 .rela.text.__lwp_thread_exists
                0x80004194        0x0 c:/devkitpro/devkitppc/bin/../lib/gcc/powerpc-eabi/6.3.0/crtbegin.o
 .rela.text.__lwp_thread_context
                0x80004194        0x0 c:/devkitpro/devkitppc/bin/../lib/gcc/powerpc-eabi/6.3.0/crtbegin.o
 .rela.text.LWP_CreateThread
                0x80004194        0x0 c:/devkitpro/devkitppc/bin/../lib/gcc/powerpc-eabi/6.3.0/crtbegin.o
 .rela.text.LWP_SuspendThread
                0x80004194        0x0 c:/devkitpro/devkitppc/bin/../lib/gcc/powerpc-eabi/6.3.0/crtbegin.o
 .rela.text.LWP_ResumeThread
                0x80004194        0x0 c:/devkitpro/devkitppc/bin/../lib/gcc/powerpc-eabi/6.3.0/crtbegin.o
 .rela.text.LWP_SetThreadPriority
                0x80004194        0x0 c:/devkitpro/devkitppc/bin/../lib/gcc/powerpc-eabi/6.3.0/crtbegin.o
 .rela.text.LWP_ThreadIsSuspended
                0x80004194        0x0 c:/devkitpro/devkitppc/bin/../lib/gcc/powerpc-eabi/6.3.0/crtbegin.o
 .rela.text.LWP_JoinThread
                0x80004194        0x0 c:/devkitpro/devkitppc/bin/../lib/gcc/powerpc-eabi/6.3.0/crtbegin.o
 .rela.text.LWP_InitQueue
                0x80004194        0x0 c:/devkitpro/devkitppc/bin/../lib/gcc/powerpc-eabi/6.3.0/crtbegin.o
 .rela.text.LWP_CloseQueue
                0x80004194        0x0 c:/devkitpro/devkitppc/bin/../lib/gcc/powerpc-eabi/6.3.0/crtbegin.o
 .rela.text.LWP_ThreadSleep
                0x80004194        0x0 c:/devkitpro/devkitppc/bin/../lib/gcc/powerpc-eabi/6.3.0/crtbegin.o
 .rela.text.LWP_ThreadBroadcast
                0x80004194        0x0 c:/devkitpro/devkitppc/bin/../lib/gcc/powerpc-eabi/6.3.0/crtbegin.o
 .rela.text.LWP_ThreadSignal
                0x80004194        0x0 c:/devkitpro/devkitppc/bin/../lib/gcc/powerpc-eabi/6.3.0/crtbegin.o
 .rela.text.__lwp_stack_allocate
                0x80004194        0x0 c:/devkitpro/devkitppc/bin/../lib/gcc/powerpc-eabi/6.3.0/crtbegin.o
 .rela.text.__lwp_stack_free
                0x80004194        0x0 c:/devkitpro/devkitppc/bin/../lib/gcc/powerpc-eabi/6.3.0/crtbegin.o
 .rela.text.__lwp_watchdog_init
                0x80004194        0x0 c:/devkitpro/devkitppc/bin/../lib/gcc/powerpc-eabi/6.3.0/crtbegin.o
 .rela.text.__lwp_wd_tickle
                0x80004194        0x0 c:/devkitpro/devkitppc/bin/../lib/gcc/powerpc-eabi/6.3.0/crtbegin.o
 .rela.text.__lwp_wkspace_heapfree
                0x80004194        0x0 c:/devkitpro/devkitppc/bin/../lib/gcc/powerpc-eabi/6.3.0/crtbegin.o
 .rela.text.__lwp_wkspace_heapused
                0x80004194        0x0 c:/devkitpro/devkitppc/bin/../lib/gcc/powerpc-eabi/6.3.0/crtbegin.o
 .rela.text.__lwp_wkspace_init
                0x80004194        0x0 c:/devkitpro/devkitppc/bin/../lib/gcc/powerpc-eabi/6.3.0/crtbegin.o
 .rela.text.__lwp_objmgr_initinfo
                0x80004194        0x0 c:/devkitpro/devkitppc/bin/../lib/gcc/powerpc-eabi/6.3.0/crtbegin.o
 .rela.text.__irq_init
                0x80004194        0x0 c:/devkitpro/devkitppc/bin/../lib/gcc/powerpc-eabi/6.3.0/crtbegin.o
 .rela.text.__lwp_mutex_locksupp.constprop.8
                0x80004194        0x0 c:/devkitpro/devkitppc/bin/../lib/gcc/powerpc-eabi/6.3.0/crtbegin.o
 .rela.text.__lwp_mutex_init
                0x80004194        0x0 c:/devkitpro/devkitppc/bin/../lib/gcc/powerpc-eabi/6.3.0/crtbegin.o
 .rela.text.LWP_MutexInit
                0x80004194        0x0 c:/devkitpro/devkitppc/bin/../lib/gcc/powerpc-eabi/6.3.0/crtbegin.o
 .rela.text.LWP_MutexDestroy
                0x80004194        0x0 c:/devkitpro/devkitppc/bin/../lib/gcc/powerpc-eabi/6.3.0/crtbegin.o
 .rela.text.LWP_MutexUnlock
                0x80004194        0x0 c:/devkitpro/devkitppc/bin/../lib/gcc/powerpc-eabi/6.3.0/crtbegin.o
 .rela.text.__call_resetfuncs
                0x80004194        0x0 c:/devkitpro/devkitppc/bin/../lib/gcc/powerpc-eabi/6.3.0/crtbegin.o
 .rela.text.__unlocksram
                0x80004194        0x0 c:/devkitpro/devkitppc/bin/../lib/gcc/powerpc-eabi/6.3.0/crtbegin.o
 .rela.text.__sram_writecallback
                0x80004194        0x0 c:/devkitpro/devkitppc/bin/../lib/gcc/powerpc-eabi/6.3.0/crtbegin.o
 .rela.text.__sys_alarmhandler
                0x80004194        0x0 c:/devkitpro/devkitppc/bin/../lib/gcc/powerpc-eabi/6.3.0/crtbegin.o
 .rela.text.__sram_read.constprop.10
                0x80004194        0x0 c:/devkitpro/devkitppc/bin/../lib/gcc/powerpc-eabi/6.3.0/crtbegin.o
 .rela.text.__sram_init
                0x80004194        0x0 c:/devkitpro/devkitppc/bin/../lib/gcc/powerpc-eabi/6.3.0/crtbegin.o
 .rela.text.__SYS_LockSram
                0x80004194        0x0 c:/devkitpro/devkitppc/bin/../lib/gcc/powerpc-eabi/6.3.0/crtbegin.o
 .rela.text.__SYS_LockSramEx
                0x80004194        0x0 c:/devkitpro/devkitppc/bin/../lib/gcc/powerpc-eabi/6.3.0/crtbegin.o
 .rela.text.__SYS_SyncSram
                0x80004194        0x0 c:/devkitpro/devkitppc/bin/../lib/gcc/powerpc-eabi/6.3.0/crtbegin.o
 .rela.text.__SYS_SetBootTime
                0x80004194        0x0 c:/devkitpro/devkitppc/bin/../lib/gcc/powerpc-eabi/6.3.0/crtbegin.o
 .rela.text.SYS_Init
                0x80004194        0x0 c:/devkitpro/devkitppc/bin/../lib/gcc/powerpc-eabi/6.3.0/crtbegin.o
 .rela.text.SYS_SetAlarm
                0x80004194        0x0 c:/devkitpro/devkitppc/bin/../lib/gcc/powerpc-eabi/6.3.0/crtbegin.o
 .rela.text.SYS_SetPeriodicAlarm
                0x80004194        0x0 c:/devkitpro/devkitppc/bin/../lib/gcc/powerpc-eabi/6.3.0/crtbegin.o
 .rela.text.SYS_RemoveAlarm
                0x80004194        0x0 c:/devkitpro/devkitppc/bin/../lib/gcc/powerpc-eabi/6.3.0/crtbegin.o
 .rela.text.SYS_CancelAlarm
                0x80004194        0x0 c:/devkitpro/devkitppc/bin/../lib/gcc/powerpc-eabi/6.3.0/crtbegin.o
 .rela.text.SYS_SetWirelessID
                0x80004194        0x0 c:/devkitpro/devkitppc/bin/../lib/gcc/powerpc-eabi/6.3.0/crtbegin.o
 .rela.text.SYS_GetWirelessID
                0x80004194        0x0 c:/devkitpro/devkitppc/bin/../lib/gcc/powerpc-eabi/6.3.0/crtbegin.o
 .rela.text.__lwp_cond_waitsupp.constprop.4
                0x80004194        0x0 c:/devkitpro/devkitppc/bin/../lib/gcc/powerpc-eabi/6.3.0/crtbegin.o
 .rela.text.__lwp_cond_signalsupp
                0x80004194        0x0 c:/devkitpro/devkitppc/bin/../lib/gcc/powerpc-eabi/6.3.0/crtbegin.o
 .rela.text.__lwp_cond_init
                0x80004194        0x0 c:/devkitpro/devkitppc/bin/../lib/gcc/powerpc-eabi/6.3.0/crtbegin.o
 .rela.text.LWP_CondInit
                0x80004194        0x0 c:/devkitpro/devkitppc/bin/../lib/gcc/powerpc-eabi/6.3.0/crtbegin.o
 .rela.text.LWP_CondDestroy
                0x80004194        0x0 c:/devkitpro/devkitppc/bin/../lib/gcc/powerpc-eabi/6.3.0/crtbegin.o
 .rela.text.__GX_InitRevBits
                0x80004194        0x0 c:/devkitpro/devkitppc/bin/../lib/gcc/powerpc-eabi/6.3.0/crtbegin.o
 .rela.text.__GX_CleanGPFifo
                0x80004194        0x0 c:/devkitpro/devkitppc/bin/../lib/gcc/powerpc-eabi/6.3.0/crtbegin.o
 .rela.text.__GXDefTexRegionCallback
                0x80004194        0x0 c:/devkitpro/devkitppc/bin/../lib/gcc/powerpc-eabi/6.3.0/crtbegin.o
 .rela.text.__GXDefTlutRegionCallback
                0x80004194        0x0 c:/devkitpro/devkitppc/bin/../lib/gcc/powerpc-eabi/6.3.0/crtbegin.o
 .rela.text.__SetSURegs
                0x80004194        0x0 c:/devkitpro/devkitppc/bin/../lib/gcc/powerpc-eabi/6.3.0/crtbegin.o
 .rela.text.__GXCPInterruptHandler
                0x80004194        0x0 c:/devkitpro/devkitppc/bin/../lib/gcc/powerpc-eabi/6.3.0/crtbegin.o
 .rela.text.__GX_Abort
                0x80004194        0x0 c:/devkitpro/devkitppc/bin/../lib/gcc/powerpc-eabi/6.3.0/crtbegin.o
 .rela.text.GX_SetTexCoordGen2.part.7
                0x80004194        0x0 c:/devkitpro/devkitppc/bin/../lib/gcc/powerpc-eabi/6.3.0/crtbegin.o
 .rela.text.__GX_SetDirtyState
                0x80004194        0x0 c:/devkitpro/devkitppc/bin/../lib/gcc/powerpc-eabi/6.3.0/crtbegin.o
 .rela.text.GX_SetCPUFifo
                0x80004194        0x0 c:/devkitpro/devkitppc/bin/../lib/gcc/powerpc-eabi/6.3.0/crtbegin.o
 .rela.text.GX_SetGPFifo
                0x80004194        0x0 c:/devkitpro/devkitppc/bin/../lib/gcc/powerpc-eabi/6.3.0/crtbegin.o
 .rela.text.GX_RestoreWriteGatherPipe
                0x80004194        0x0 c:/devkitpro/devkitppc/bin/../lib/gcc/powerpc-eabi/6.3.0/crtbegin.o
 .rela.text.GX_Flush
                0x80004194        0x0 c:/devkitpro/devkitppc/bin/../lib/gcc/powerpc-eabi/6.3.0/crtbegin.o
 .rela.text.GX_RedirectWriteGatherPipe
                0x80004194        0x0 c:/devkitpro/devkitppc/bin/../lib/gcc/powerpc-eabi/6.3.0/crtbegin.o
 .rela.text.__gx_onreset
                0x80004194        0x0 c:/devkitpro/devkitppc/bin/../lib/gcc/powerpc-eabi/6.3.0/crtbegin.o
 .rela.text.GX_EnableBreakPt
                0x80004194        0x0 c:/devkitpro/devkitppc/bin/../lib/gcc/powerpc-eabi/6.3.0/crtbegin.o
 .rela.text.GX_DisableBreakPt
                0x80004194        0x0 c:/devkitpro/devkitppc/bin/../lib/gcc/powerpc-eabi/6.3.0/crtbegin.o
 .rela.text.GX_AbortFrame
                0x80004194        0x0 c:/devkitpro/devkitppc/bin/../lib/gcc/powerpc-eabi/6.3.0/crtbegin.o
 .rela.text.GX_PixModeSync
                0x80004194        0x0 c:/devkitpro/devkitppc/bin/../lib/gcc/powerpc-eabi/6.3.0/crtbegin.o
 .rela.text.GX_SetMisc
                0x80004194        0x0 c:/devkitpro/devkitppc/bin/../lib/gcc/powerpc-eabi/6.3.0/crtbegin.o
 .rela.text.GX_SetCopyClamp
                0x80004194        0x0 c:/devkitpro/devkitppc/bin/../lib/gcc/powerpc-eabi/6.3.0/crtbegin.o
 .rela.text.GX_SetDispCopyGamma
                0x80004194        0x0 c:/devkitpro/devkitppc/bin/../lib/gcc/powerpc-eabi/6.3.0/crtbegin.o
 .rela.text.GX_SetDispCopyFrame2Field
                0x80004194        0x0 c:/devkitpro/devkitppc/bin/../lib/gcc/powerpc-eabi/6.3.0/crtbegin.o
 .rela.text.GX_SetDispCopyYScale
                0x80004194        0x0 c:/devkitpro/devkitppc/bin/../lib/gcc/powerpc-eabi/6.3.0/crtbegin.o
 .rela.text.GX_SetDispCopyDst
                0x80004194        0x0 c:/devkitpro/devkitppc/bin/../lib/gcc/powerpc-eabi/6.3.0/crtbegin.o
 .rela.text.GX_SetDispCopySrc
                0x80004194        0x0 c:/devkitpro/devkitppc/bin/../lib/gcc/powerpc-eabi/6.3.0/crtbegin.o
 .rela.text.GX_CopyDisp
                0x80004194        0x0 c:/devkitpro/devkitppc/bin/../lib/gcc/powerpc-eabi/6.3.0/crtbegin.o
 .rela.text.GX_CopyTex
                0x80004194        0x0 c:/devkitpro/devkitppc/bin/../lib/gcc/powerpc-eabi/6.3.0/crtbegin.o
 .rela.text.GX_SetTexCopySrc
                0x80004194        0x0 c:/devkitpro/devkitppc/bin/../lib/gcc/powerpc-eabi/6.3.0/crtbegin.o
 .rela.text.GX_SetTexCopyDst
                0x80004194        0x0 c:/devkitpro/devkitppc/bin/../lib/gcc/powerpc-eabi/6.3.0/crtbegin.o
 .rela.text.GX_BeginDispList
                0x80004194        0x0 c:/devkitpro/devkitppc/bin/../lib/gcc/powerpc-eabi/6.3.0/crtbegin.o
 .rela.text.GX_EndDispList
                0x80004194        0x0 c:/devkitpro/devkitppc/bin/../lib/gcc/powerpc-eabi/6.3.0/crtbegin.o
 .rela.text.GX_CallDispList
                0x80004194        0x0 c:/devkitpro/devkitppc/bin/../lib/gcc/powerpc-eabi/6.3.0/crtbegin.o
 .rela.text.GX_SetChanCtrl
                0x80004194        0x0 c:/devkitpro/devkitppc/bin/../lib/gcc/powerpc-eabi/6.3.0/crtbegin.o
 .rela.text.GX_SetChanAmbColor
                0x80004194        0x0 c:/devkitpro/devkitppc/bin/../lib/gcc/powerpc-eabi/6.3.0/crtbegin.o
 .rela.text.GX_SetChanMatColor
                0x80004194        0x0 c:/devkitpro/devkitppc/bin/../lib/gcc/powerpc-eabi/6.3.0/crtbegin.o
 .rela.text.GX_SetVtxDesc
                0x80004194        0x0 c:/devkitpro/devkitppc/bin/../lib/gcc/powerpc-eabi/6.3.0/crtbegin.o
 .rela.text.GX_SetVtxDescv
                0x80004194        0x0 c:/devkitpro/devkitppc/bin/../lib/gcc/powerpc-eabi/6.3.0/crtbegin.o
 .rela.text.GX_GetVtxDescv
                0x80004194        0x0 c:/devkitpro/devkitppc/bin/../lib/gcc/powerpc-eabi/6.3.0/crtbegin.o
 .rela.text.GX_SetVtxAttrFmt
                0x80004194        0x0 c:/devkitpro/devkitppc/bin/../lib/gcc/powerpc-eabi/6.3.0/crtbegin.o
 .rela.text.GX_SetVtxAttrFmtv
                0x80004194        0x0 c:/devkitpro/devkitppc/bin/../lib/gcc/powerpc-eabi/6.3.0/crtbegin.o
 .rela.text.GX_Begin
                0x80004194        0x0 c:/devkitpro/devkitppc/bin/../lib/gcc/powerpc-eabi/6.3.0/crtbegin.o
 .rela.text.GX_SetCurrentMtx
                0x80004194        0x0 c:/devkitpro/devkitppc/bin/../lib/gcc/powerpc-eabi/6.3.0/crtbegin.o
 .rela.text.GX_SetNumTexGens
                0x80004194        0x0 c:/devkitpro/devkitppc/bin/../lib/gcc/powerpc-eabi/6.3.0/crtbegin.o
 .rela.text.GX_SetZMode
                0x80004194        0x0 c:/devkitpro/devkitppc/bin/../lib/gcc/powerpc-eabi/6.3.0/crtbegin.o
 .rela.text.GX_LoadTexObjPreloaded
                0x80004194        0x0 c:/devkitpro/devkitppc/bin/../lib/gcc/powerpc-eabi/6.3.0/crtbegin.o
 .rela.text.GX_PreloadEntireTexture
                0x80004194        0x0 c:/devkitpro/devkitppc/bin/../lib/gcc/powerpc-eabi/6.3.0/crtbegin.o
 .rela.text.GX_InvalidateTexAll
                0x80004194        0x0 c:/devkitpro/devkitppc/bin/../lib/gcc/powerpc-eabi/6.3.0/crtbegin.o
 .rela.text.GX_InvalidateTexRegion
                0x80004194        0x0 c:/devkitpro/devkitppc/bin/../lib/gcc/powerpc-eabi/6.3.0/crtbegin.o
 .rela.text.GX_LoadTlut
                0x80004194        0x0 c:/devkitpro/devkitppc/bin/../lib/gcc/powerpc-eabi/6.3.0/crtbegin.o
 .rela.text.GX_SetTexCoordScaleManually
                0x80004194        0x0 c:/devkitpro/devkitppc/bin/../lib/gcc/powerpc-eabi/6.3.0/crtbegin.o
 .rela.text.GX_SetTexCoordCylWrap
                0x80004194        0x0 c:/devkitpro/devkitppc/bin/../lib/gcc/powerpc-eabi/6.3.0/crtbegin.o
 .rela.text.GX_SetTexCoordBias
                0x80004194        0x0 c:/devkitpro/devkitppc/bin/../lib/gcc/powerpc-eabi/6.3.0/crtbegin.o
 .rela.text.GX_SetBlendMode
                0x80004194        0x0 c:/devkitpro/devkitppc/bin/../lib/gcc/powerpc-eabi/6.3.0/crtbegin.o
 .rela.text.GX_ClearVtxDesc
                0x80004194        0x0 c:/devkitpro/devkitppc/bin/../lib/gcc/powerpc-eabi/6.3.0/crtbegin.o
 .rela.text.GX_SetLineWidth
                0x80004194        0x0 c:/devkitpro/devkitppc/bin/../lib/gcc/powerpc-eabi/6.3.0/crtbegin.o
 .rela.text.GX_SetPointSize
                0x80004194        0x0 c:/devkitpro/devkitppc/bin/../lib/gcc/powerpc-eabi/6.3.0/crtbegin.o
 .rela.text.GX_SetTevColorIn
                0x80004194        0x0 c:/devkitpro/devkitppc/bin/../lib/gcc/powerpc-eabi/6.3.0/crtbegin.o
 .rela.text.GX_SetTevAlphaIn
                0x80004194        0x0 c:/devkitpro/devkitppc/bin/../lib/gcc/powerpc-eabi/6.3.0/crtbegin.o
 .rela.text.GX_SetTevColorOp
                0x80004194        0x0 c:/devkitpro/devkitppc/bin/../lib/gcc/powerpc-eabi/6.3.0/crtbegin.o
 .rela.text.GX_SetTevAlphaOp
                0x80004194        0x0 c:/devkitpro/devkitppc/bin/../lib/gcc/powerpc-eabi/6.3.0/crtbegin.o
 .rela.text.GX_SetTevOp
                0x80004194        0x0 c:/devkitpro/devkitppc/bin/../lib/gcc/powerpc-eabi/6.3.0/crtbegin.o
 .rela.text.GX_SetCullMode
                0x80004194        0x0 c:/devkitpro/devkitppc/bin/../lib/gcc/powerpc-eabi/6.3.0/crtbegin.o
 .rela.text.GX_SetCoPlanar
                0x80004194        0x0 c:/devkitpro/devkitppc/bin/../lib/gcc/powerpc-eabi/6.3.0/crtbegin.o
 .rela.text.GX_EnableTexOffsets
                0x80004194        0x0 c:/devkitpro/devkitppc/bin/../lib/gcc/powerpc-eabi/6.3.0/crtbegin.o
 .rela.text.GX_SetScissor
                0x80004194        0x0 c:/devkitpro/devkitppc/bin/../lib/gcc/powerpc-eabi/6.3.0/crtbegin.o
 .rela.text.GX_SetNumChans
                0x80004194        0x0 c:/devkitpro/devkitppc/bin/../lib/gcc/powerpc-eabi/6.3.0/crtbegin.o
 .rela.text.GX_SetTevOrder
                0x80004194        0x0 c:/devkitpro/devkitppc/bin/../lib/gcc/powerpc-eabi/6.3.0/crtbegin.o
 .rela.text.GX_SetNumTevStages
                0x80004194        0x0 c:/devkitpro/devkitppc/bin/../lib/gcc/powerpc-eabi/6.3.0/crtbegin.o
 .rela.text.GX_SetTevKColorSel
                0x80004194        0x0 c:/devkitpro/devkitppc/bin/../lib/gcc/powerpc-eabi/6.3.0/crtbegin.o
 .rela.text.GX_SetTevKAlphaSel
                0x80004194        0x0 c:/devkitpro/devkitppc/bin/../lib/gcc/powerpc-eabi/6.3.0/crtbegin.o
 .rela.text.GX_SetTevSwapMode
                0x80004194        0x0 c:/devkitpro/devkitppc/bin/../lib/gcc/powerpc-eabi/6.3.0/crtbegin.o
 .rela.text.GX_SetTevSwapModeTable
                0x80004194        0x0 c:/devkitpro/devkitppc/bin/../lib/gcc/powerpc-eabi/6.3.0/crtbegin.o
 .rela.text.GX_SetNumIndStages
                0x80004194        0x0 c:/devkitpro/devkitppc/bin/../lib/gcc/powerpc-eabi/6.3.0/crtbegin.o
 .rela.text.GX_SetIndTexCoordScale
                0x80004194        0x0 c:/devkitpro/devkitppc/bin/../lib/gcc/powerpc-eabi/6.3.0/crtbegin.o
 .rela.text.GX_SetColorUpdate
                0x80004194        0x0 c:/devkitpro/devkitppc/bin/../lib/gcc/powerpc-eabi/6.3.0/crtbegin.o
 .rela.text.GX_SetAlphaUpdate
                0x80004194        0x0 c:/devkitpro/devkitppc/bin/../lib/gcc/powerpc-eabi/6.3.0/crtbegin.o
 .rela.text.GX_SetZCompLoc
                0x80004194        0x0 c:/devkitpro/devkitppc/bin/../lib/gcc/powerpc-eabi/6.3.0/crtbegin.o
 .rela.text.GX_SetPixelFmt
                0x80004194        0x0 c:/devkitpro/devkitppc/bin/../lib/gcc/powerpc-eabi/6.3.0/crtbegin.o
 .rela.text.GX_SetDither
                0x80004194        0x0 c:/devkitpro/devkitppc/bin/../lib/gcc/powerpc-eabi/6.3.0/crtbegin.o
 .rela.text.GX_SetDstAlpha
                0x80004194        0x0 c:/devkitpro/devkitppc/bin/../lib/gcc/powerpc-eabi/6.3.0/crtbegin.o
 .rela.text.GX_SetFieldMode
                0x80004194        0x0 c:/devkitpro/devkitppc/bin/../lib/gcc/powerpc-eabi/6.3.0/crtbegin.o
 .rela.text.GX_SetIndTexOrder
                0x80004194        0x0 c:/devkitpro/devkitppc/bin/../lib/gcc/powerpc-eabi/6.3.0/crtbegin.o
 .rela.text.GX_SetGPMetric
                0x80004194        0x0 c:/devkitpro/devkitppc/bin/../lib/gcc/powerpc-eabi/6.3.0/crtbegin.o
 .rela.text.GX_Init
                0x80004194        0x0 c:/devkitpro/devkitppc/bin/../lib/gcc/powerpc-eabi/6.3.0/crtbegin.o
 .rela.text.GX_ReadGPMetric
                0x80004194        0x0 c:/devkitpro/devkitppc/bin/../lib/gcc/powerpc-eabi/6.3.0/crtbegin.o
 .rela.text.c_decrementer_handler
                0x80004194        0x0 c:/devkitpro/devkitppc/bin/../lib/gcc/powerpc-eabi/6.3.0/crtbegin.o
 .rela.text.__lwp_mqbox_init
                0x80004194        0x0 c:/devkitpro/devkitppc/bin/../lib/gcc/powerpc-eabi/6.3.0/crtbegin.o
 .rela.text.MQ_Init
                0x80004194        0x0 c:/devkitpro/devkitppc/bin/../lib/gcc/powerpc-eabi/6.3.0/crtbegin.o
 .rela.text.MQ_Close
                0x80004194        0x0 c:/devkitpro/devkitppc/bin/../lib/gcc/powerpc-eabi/6.3.0/crtbegin.o
 .rela.text.MQ_Send
                0x80004194        0x0 c:/devkitpro/devkitppc/bin/../lib/gcc/powerpc-eabi/6.3.0/crtbegin.o
 .rela.text.MQ_Receive
                0x80004194        0x0 c:/devkitpro/devkitppc/bin/../lib/gcc/powerpc-eabi/6.3.0/crtbegin.o
 .rela.text.MQ_Jam
                0x80004194        0x0 c:/devkitpro/devkitppc/bin/../lib/gcc/powerpc-eabi/6.3.0/crtbegin.o
 .rela.text.__ios_ioctlvformat_parse
                0x80004194        0x0 c:/devkitpro/devkitppc/bin/../lib/gcc/powerpc-eabi/6.3.0/crtbegin.o
 .rela.text.__ioctlvfmtCB
                0x80004194        0x0 c:/devkitpro/devkitppc/bin/../lib/gcc/powerpc-eabi/6.3.0/crtbegin.o
 .rela.text.IOS_IoctlvFormat
                0x80004194        0x0 c:/devkitpro/devkitppc/bin/../lib/gcc/powerpc-eabi/6.3.0/crtbegin.o
 .rela.text.IOS_IoctlvFormatAsync
                0x80004194        0x0 c:/devkitpro/devkitppc/bin/../lib/gcc/powerpc-eabi/6.3.0/crtbegin.o
 .rela.text.nanosleep
                0x80004194        0x0 c:/devkitpro/devkitppc/bin/../lib/gcc/powerpc-eabi/6.3.0/crtbegin.o
 .rela.text.__libc_delete_hook
                0x80004194        0x0 c:/devkitpro/devkitppc/bin/../lib/gcc/powerpc-eabi/6.3.0/crtbegin.o
 .rela.text.__libc_init
                0x80004194        0x0 c:/devkitpro/devkitppc/bin/../lib/gcc/powerpc-eabi/6.3.0/crtbegin.o
 .rela.text.__CheckARGV
                0x80004194        0x0 c:/devkitpro/devkitppc/bin/../lib/gcc/powerpc-eabi/6.3.0/crtbegin.o
 .rela.text.__lwp_priority_init
                0x80004194        0x0 c:/devkitpro/devkitppc/bin/../lib/gcc/powerpc-eabi/6.3.0/crtbegin.o
 .rela.text.__lwp_threadqueue_enqueuefifo
                0x80004194        0x0 c:/devkitpro/devkitppc/bin/../lib/gcc/powerpc-eabi/6.3.0/crtbegin.o
 .rela.text.__lwp_threadqueue_dequeuefifo
                0x80004194        0x0 c:/devkitpro/devkitppc/bin/../lib/gcc/powerpc-eabi/6.3.0/crtbegin.o
 .rela.text.__lwp_threadqueue_enqueuepriority
                0x80004194        0x0 c:/devkitpro/devkitppc/bin/../lib/gcc/powerpc-eabi/6.3.0/crtbegin.o
 .rela.text.__lwp_threadqueue_dequeuepriority
                0x80004194        0x0 c:/devkitpro/devkitppc/bin/../lib/gcc/powerpc-eabi/6.3.0/crtbegin.o
 .rela.text.__lwp_threadqueue_enqueue
                0x80004194        0x0 c:/devkitpro/devkitppc/bin/../lib/gcc/powerpc-eabi/6.3.0/crtbegin.o
 .rela.text.__lwp_threadqueue_extractfifo
                0x80004194        0x0 c:/devkitpro/devkitppc/bin/../lib/gcc/powerpc-eabi/6.3.0/crtbegin.o
 .rela.text.__lwp_threadqueue_extractpriority
                0x80004194        0x0 c:/devkitpro/devkitppc/bin/../lib/gcc/powerpc-eabi/6.3.0/crtbegin.o
 .rela.text.__lwpmq_initialize
                0x80004194        0x0 c:/devkitpro/devkitppc/bin/../lib/gcc/powerpc-eabi/6.3.0/crtbegin.o
 .rela.text.__lwpmq_close
                0x80004194        0x0 c:/devkitpro/devkitppc/bin/../lib/gcc/powerpc-eabi/6.3.0/crtbegin.o
 .rela.text.__systemcall_init
                0x80004194        0x0 c:/devkitpro/devkitppc/bin/../lib/gcc/powerpc-eabi/6.3.0/crtbegin.o
 .rela.text.__exception_init
                0x80004194        0x0 c:/devkitpro/devkitppc/bin/../lib/gcc/powerpc-eabi/6.3.0/crtbegin.o
 .rela.text.__exception_close
                0x80004194        0x0 c:/devkitpro/devkitppc/bin/../lib/gcc/powerpc-eabi/6.3.0/crtbegin.o
 .rela.text.__exception_sethandler
                0x80004194        0x0 c:/devkitpro/devkitppc/bin/../lib/gcc/powerpc-eabi/6.3.0/crtbegin.o
 .rela.text     0x80004194        0x0 c:/devkitpro/devkitppc/bin/../lib/gcc/powerpc-eabi/6.3.0/crtbegin.o
 .rela.text.__lwp_sema_init
                0x80004194        0x0 c:/devkitpro/devkitppc/bin/../lib/gcc/powerpc-eabi/6.3.0/crtbegin.o
 .rela.text.LWP_SemInit
                0x80004194        0x0 c:/devkitpro/devkitppc/bin/../lib/gcc/powerpc-eabi/6.3.0/crtbegin.o
 .rela.text.LWP_SemWait
                0x80004194        0x0 c:/devkitpro/devkitppc/bin/../lib/gcc/powerpc-eabi/6.3.0/crtbegin.o
 .rela.text.LWP_SemPost
                0x80004194        0x0 c:/devkitpro/devkitppc/bin/../lib/gcc/powerpc-eabi/6.3.0/crtbegin.o
 .rela.text.LWP_SemDestroy
                0x80004194        0x0 c:/devkitpro/devkitppc/bin/../lib/gcc/powerpc-eabi/6.3.0/crtbegin.o
 .rela.text.kprintf
                0x80004194        0x0 c:/devkitpro/devkitppc/bin/../lib/gcc/powerpc-eabi/6.3.0/crtbegin.o
 .rela.text.__card_sd_status
                0x80004194        0x0 c:/devkitpro/devkitppc/bin/../lib/gcc/powerpc-eabi/6.3.0/crtbegin.o
 .rela.text.__card_readcid
                0x80004194        0x0 c:/devkitpro/devkitppc/bin/../lib/gcc/powerpc-eabi/6.3.0/crtbegin.o
 .rela.text.__card_readcsd
                0x80004194        0x0 c:/devkitpro/devkitppc/bin/../lib/gcc/powerpc-eabi/6.3.0/crtbegin.o
 .rela.text.sdgecko_initIO
                0x80004194        0x0 c:/devkitpro/devkitppc/bin/../lib/gcc/powerpc-eabi/6.3.0/crtbegin.o
 .rela.text.__console_init
                0x80004194        0x0 c:/devkitpro/devkitppc/bin/../lib/gcc/powerpc-eabi/6.3.0/crtbegin.o
 .rela.text.__console_init_ex
                0x80004194        0x0 c:/devkitpro/devkitppc/bin/../lib/gcc/powerpc-eabi/6.3.0/crtbegin.o
 .rela.text.CON_EnableGecko
                0x80004194        0x0 c:/devkitpro/devkitppc/bin/../lib/gcc/powerpc-eabi/6.3.0/crtbegin.o
 .rela.text.atangent
                0x80004194        0x0 c:/devkitpro/devkitppc/bin/../lib/gcc/powerpc-eabi/6.3.0/crtbegin.o
 .rela.text.atangentf
                0x80004194        0x0 c:/devkitpro/devkitppc/bin/../lib/gcc/powerpc-eabi/6.3.0/crtbegin.o
 .rela.text.sinef
                0x80004194        0x0 c:/devkitpro/devkitppc/bin/../lib/gcc/powerpc-eabi/6.3.0/crtbegin.o
 .rela.text.sqrtf
                0x80004194        0x0 c:/devkitpro/devkitppc/bin/../lib/gcc/powerpc-eabi/6.3.0/crtbegin.o
 .rela.text.tanf
                0x80004194        0x0 c:/devkitpro/devkitppc/bin/../lib/gcc/powerpc-eabi/6.3.0/crtbegin.o
 .rela.text.MP3Player_PlayBuffer
                0x80004194        0x0 c:/devkitpro/devkitppc/bin/../lib/gcc/powerpc-eabi/6.3.0/crtbegin.o
 .rela.text.III_decode
                0x80004194        0x0 c:/devkitpro/devkitppc/bin/../lib/gcc/powerpc-eabi/6.3.0/crtbegin.o
 .rela.text._exit
                0x80004194        0x0 c:/devkitpro/devkitppc/bin/../lib/gcc/powerpc-eabi/6.3.0/crtbegin.o
 .rela.text.chdir
                0x80004194        0x0 c:/devkitpro/devkitppc/bin/../lib/gcc/powerpc-eabi/6.3.0/crtbegin.o
 .rela.text.getcwd
                0x80004194        0x0 c:/devkitpro/devkitppc/bin/../lib/gcc/powerpc-eabi/6.3.0/crtbegin.o
 .rela.text.calloc
                0x80004194        0x0 c:/devkitpro/devkitppc/bin/../lib/gcc/powerpc-eabi/6.3.0/crtbegin.o
 .rela.text.__errno
                0x80004194        0x0 c:/devkitpro/devkitppc/bin/../lib/gcc/powerpc-eabi/6.3.0/crtbegin.o
 .rela.text.exit
                0x80004194        0x0 c:/devkitpro/devkitppc/bin/../lib/gcc/powerpc-eabi/6.3.0/crtbegin.o
 .rela.text.fclose
                0x80004194        0x0 c:/devkitpro/devkitppc/bin/../lib/gcc/powerpc-eabi/6.3.0/crtbegin.o
 .rela.text.fflush
                0x80004194        0x0 c:/devkitpro/devkitppc/bin/../lib/gcc/powerpc-eabi/6.3.0/crtbegin.o
 .rela.text.std.isra.0
                0x80004194        0x0 c:/devkitpro/devkitppc/bin/../lib/gcc/powerpc-eabi/6.3.0/crtbegin.o
 .rela.text._cleanup
                0x80004194        0x0 c:/devkitpro/devkitppc/bin/../lib/gcc/powerpc-eabi/6.3.0/crtbegin.o
 .rela.text.__sfp
                0x80004194        0x0 c:/devkitpro/devkitppc/bin/../lib/gcc/powerpc-eabi/6.3.0/crtbegin.o
 .rela.text.__fp_lock_all
                0x80004194        0x0 c:/devkitpro/devkitppc/bin/../lib/gcc/powerpc-eabi/6.3.0/crtbegin.o
 .rela.text.__fp_unlock_all
                0x80004194        0x0 c:/devkitpro/devkitppc/bin/../lib/gcc/powerpc-eabi/6.3.0/crtbegin.o
 .rela.text._fopen_r
                0x80004194        0x0 c:/devkitpro/devkitppc/bin/../lib/gcc/powerpc-eabi/6.3.0/crtbegin.o
 .rela.text.fopen
                0x80004194        0x0 c:/devkitpro/devkitppc/bin/../lib/gcc/powerpc-eabi/6.3.0/crtbegin.o
 .rela.text.fprintf
                0x80004194        0x0 c:/devkitpro/devkitppc/bin/../lib/gcc/powerpc-eabi/6.3.0/crtbegin.o
 .rela.text.fputc
                0x80004194        0x0 c:/devkitpro/devkitppc/bin/../lib/gcc/powerpc-eabi/6.3.0/crtbegin.o
 .rela.text.fread
                0x80004194        0x0 c:/devkitpro/devkitppc/bin/../lib/gcc/powerpc-eabi/6.3.0/crtbegin.o
 .rela.text._malloc_trim_r
                0x80004194        0x0 c:/devkitpro/devkitppc/bin/../lib/gcc/powerpc-eabi/6.3.0/crtbegin.o
 .rela.text._free_r
                0x80004194        0x0 c:/devkitpro/devkitppc/bin/../lib/gcc/powerpc-eabi/6.3.0/crtbegin.o
 .rela.text.fseek
                0x80004194        0x0 c:/devkitpro/devkitppc/bin/../lib/gcc/powerpc-eabi/6.3.0/crtbegin.o
 .rela.text._fseeko_r
                0x80004194        0x0 c:/devkitpro/devkitppc/bin/../lib/gcc/powerpc-eabi/6.3.0/crtbegin.o
 .rela.text.fseeko
                0x80004194        0x0 c:/devkitpro/devkitppc/bin/../lib/gcc/powerpc-eabi/6.3.0/crtbegin.o
 .rela.text.ftell
                0x80004194        0x0 c:/devkitpro/devkitppc/bin/../lib/gcc/powerpc-eabi/6.3.0/crtbegin.o
 .rela.text.ftello
                0x80004194        0x0 c:/devkitpro/devkitppc/bin/../lib/gcc/powerpc-eabi/6.3.0/crtbegin.o
 .rela.text.fwrite
                0x80004194        0x0 c:/devkitpro/devkitppc/bin/../lib/gcc/powerpc-eabi/6.3.0/crtbegin.o
 .rela.text._findenv
                0x80004194        0x0 c:/devkitpro/devkitppc/bin/../lib/gcc/powerpc-eabi/6.3.0/crtbegin.o
 .rela.text.getenv
                0x80004194        0x0 c:/devkitpro/devkitppc/bin/../lib/gcc/powerpc-eabi/6.3.0/crtbegin.o
 .rela.text._findenv_r
                0x80004194        0x0 c:/devkitpro/devkitppc/bin/../lib/gcc/powerpc-eabi/6.3.0/crtbegin.o
 .rela.text.gmtime
                0x80004194        0x0 c:/devkitpro/devkitppc/bin/../lib/gcc/powerpc-eabi/6.3.0/crtbegin.o
 .rela.text.localtime_r
                0x80004194        0x0 c:/devkitpro/devkitppc/bin/../lib/gcc/powerpc-eabi/6.3.0/crtbegin.o
 .rela.text.__loadlocale
                0x80004194        0x0 c:/devkitpro/devkitppc/bin/../lib/gcc/powerpc-eabi/6.3.0/crtbegin.o
 .rela.text.mktime
                0x80004194        0x0 c:/devkitpro/devkitppc/bin/../lib/gcc/powerpc-eabi/6.3.0/crtbegin.o
 .rela.text.sscanf
                0x80004194        0x0 c:/devkitpro/devkitppc/bin/../lib/gcc/powerpc-eabi/6.3.0/crtbegin.o
 .rela.text._sscanf_r
                0x80004194        0x0 c:/devkitpro/devkitppc/bin/../lib/gcc/powerpc-eabi/6.3.0/crtbegin.o
 .rela.text._strtod_l
                0x80004194        0x0 c:/devkitpro/devkitppc/bin/../lib/gcc/powerpc-eabi/6.3.0/crtbegin.o
 .rela.text._tzset_unlocked_r
                0x80004194        0x0 c:/devkitpro/devkitppc/bin/../lib/gcc/powerpc-eabi/6.3.0/crtbegin.o
 .rela.text.__register_exitproc
                0x80004194        0x0 c:/devkitpro/devkitppc/bin/../lib/gcc/powerpc-eabi/6.3.0/crtbegin.o
 .rela.text._dtoa_r
                0x80004194        0x0 c:/devkitpro/devkitppc/bin/../lib/gcc/powerpc-eabi/6.3.0/crtbegin.o

.rel.fini
 *(.rel.fini)

.rela.fini
 *(.rela.fini)

.rel.rodata
 *(.rel.rodata .rel.rodata.* .rel.gnu.linkonce.r.*)

.rela.rodata    0x80004194        0x0
 *(.rela.rodata .rela.rodata.* .rela.gnu.linkonce.r.*)
 .rela.rodata   0x80004194        0x0 c:/devkitpro/devkitppc/bin/../lib/gcc/powerpc-eabi/6.3.0/crtbegin.o
 .rela.rodata.CSWTCH.110
                0x80004194        0x0 c:/devkitpro/devkitppc/bin/../lib/gcc/powerpc-eabi/6.3.0/crtbegin.o
 .rela.rodata.dotab_fat
                0x80004194        0x0 c:/devkitpro/devkitppc/bin/../lib/gcc/powerpc-eabi/6.3.0/crtbegin.o
 .rela.rodata.decoder_table
                0x80004194        0x0 c:/devkitpro/devkitppc/bin/../lib/gcc/powerpc-eabi/6.3.0/crtbegin.o
 .rela.rodata.__C_locale
                0x80004194        0x0 c:/devkitpro/devkitppc/bin/../lib/gcc/powerpc-eabi/6.3.0/crtbegin.o

.rel.data
 *(.rel.data .rel.data.* .rel.gnu.linkonce.d.*)

.rela.data      0x80004194        0x0
 *(.rela.data .rela.data.* .rela.gnu.linkonce.d.*)
 .rela.data.__global_locale
                0x80004194        0x0 c:/devkitpro/devkitppc/bin/../lib/gcc/powerpc-eabi/6.3.0/crtbegin.o

.rel.tdata
 *(.rel.tdata .rel.tdata.* .rel.gnu.linkonce.td.*)

.rela.tdata
 *(.rela.tdata .rela.tdata.* .rela.gnu.linkonce.td.*)

.rel.tbss
 *(.rel.tbss .rel.tbss.* .rel.gnu.linkonce.tb.*)

.rela.tbss
 *(.rela.tbss .rela.tbss.* .rela.gnu.linkonce.tb.*)

.rel.ctors
 *(.rel.ctors)

.rela.ctors
 *(.rela.ctors)

.rel.dtors
 *(.rel.dtors)

.rela.dtors
 *(.rela.dtors)

.rel.got
 *(.rel.got)

.rela.got
 *(.rela.got)

.rela.got1
 *(.rela.got1)

.rela.got2      0x80004194        0x0
 *(.rela.got2)
 .rela.got2     0x80004194        0x0 c:/devkitpro/devkitppc/bin/../lib/gcc/powerpc-eabi/6.3.0/crtbegin.o

.rel.sdata
 *(.rel.sdata .rel.sdata.* .rel.gnu.linkonce.s.*)

.rela.sdata
 *(.rela.sdata .rela.sdata.* .rela.gnu.linkonce.s.*)

.rel.sbss
 *(.rel.sbss .rel.sbss.* .rel.gnu.linkonce.sb.*)

.rela.sbss
 *(.rela.sbss .rela.sbss.* .rel.gnu.linkonce.sb.*)

.rel.sdata2
 *(.rel.sdata2 .rel.sdata2.* .rel.gnu.linkonce.s2.*)

.rela.sdata2    0x80004194        0x0
 *(.rela.sdata2 .rela.sdata2.* .rela.gnu.linkonce.s2.*)
 .rela.sdata2.__sys_inIPL
                0x80004194        0x0 c:/devkitpro/devkitppc/bin/../lib/gcc/powerpc-eabi/6.3.0/crtbegin.o

.rel.sbss2
 *(.rel.sbss2 .rel.sbss2.* .rel.gnu.linkonce.sb2.*)

.rela.sbss2
 *(.rela.sbss2 .rela.sbss2.* .rela.gnu.linkonce.sb2.*)

.rel.bss
 *(.rel.bss .rel.bss.* .rel.gnu.linkonce.b.*)

.rela.bss
 *(.rela.bss .rela.bss.* .rela.gnu.linkonce.b.*)

.rel.plt
 *(.rel.plt)

.rela.plt
 *(.rela.plt)

.text           0x800041a0   0x127e80
 *(.text)
 .text          0x800041a0      0x164 c:/devkitPro/libogc/lib/wii\libfreetype.a(ftinit.o)
                0x800041a0                FT_Add_Default_Modules
                0x80004218                FT_Init_FreeType
                0x800042a4                FT_Done_FreeType
 .text          0x80004304    0x1102c c:/devkitPro/libogc/lib/wii\libfreetype.a(ftbase.o)
                0x80004418                FT_Get_Advance
                0x80004550                FT_Get_Advances
                0x80004794                FT_RoundFix
                0x800047f0                FT_CeilFix
                0x8000484c                FT_FloorFix
                0x80004898                FT_MSB
                0x80004984                FT_Hypot
                0x80004c90                FT_MulDiv
                0x80004e78                FT_MulDiv_No_Round
                0x80005010                FT_MulFix
                0x80005160                FT_DivFix
                0x800052b4                FT_Matrix_Multiply
                0x80005460                FT_Matrix_Invert
                0x800055a0                FT_Matrix_Multiply_Scaled
                0x8000577c                FT_Vector_Transform_Scaled
                0x800058a0                FT_SqrtFixed
                0x80005978                ft_corner_orientation
                0x80005b3c                ft_corner_is_flat
                0x80005ca0                FT_GlyphLoader_New
                0x80005d20                FT_GlyphLoader_Rewind
                0x80005db0                FT_GlyphLoader_Reset
                0x80005ec8                FT_GlyphLoader_Done
                0x8000602c                FT_GlyphLoader_CreateExtra
                0x80006148                FT_GlyphLoader_CheckPoints
                0x80006464                FT_GlyphLoader_CheckSubGlyphs
                0x80006574                FT_GlyphLoader_Prepare
                0x800065e8                FT_GlyphLoader_Add
                0x80006764                FT_GlyphLoader_CopyPoints
                0x80006900                ft_service_list_lookup
                0x800069b4                ft_validator_init
                0x80006a14                ft_validator_run
                0x80006a3c                ft_validator_error
                0x80006a7c                FT_Stream_New
                0x80006c44                FT_Stream_Free
                0x80006ddc                ft_glyphslot_free_bitmap
                0x80006e94                ft_glyphslot_set_bitmap
                0x80006ee0                ft_glyphslot_alloc_bitmap
                0x800071c8                FT_New_GlyphSlot
                0x80007318                FT_Done_GlyphSlot
                0x8000743c                FT_Set_Transform
                0x800077d0                FT_Load_Glyph
                0x80007e74                FT_Load_Char
                0x800087a4                FT_New_Face
                0x8000882c                FT_New_Memory_Face
                0x80009fc4                FT_Open_Face
                0x8000a6e0                FT_Attach_File
                0x8000a758                FT_Attach_Stream
                0x8000a884                FT_Reference_Face
                0x8000a8c0                FT_Done_Face
                0x8000a9cc                FT_New_Size
                0x8000ab88                FT_Done_Size
                0x8000acd4                FT_Match_Size
                0x8000af08                ft_synthesize_vertical_metrics
                0x8000b128                FT_Select_Metrics
                0x8000b290                FT_Request_Metrics
                0x8000b708                FT_Select_Size
                0x8000b7f4                FT_Request_Size
                0x8000b950                FT_Set_Char_Size
                0x8000ba6c                FT_Set_Pixel_Sizes
                0x8000bb80                FT_Get_Kerning
                0x8000bd8c                FT_Get_Track_Kerning
                0x8000be8c                FT_Select_Charmap
                0x8000bf9c                FT_Set_Charmap
                0x8000c08c                FT_Get_Charmap_Index
                0x8000c1c8                FT_CMap_Done
                0x8000c3d0                FT_CMap_New
                0x8000c5b8                FT_Get_Char_Index
                0x8000c644                FT_Get_First_Char
                0x8000c724                FT_Get_Next_Char
                0x8000c824                FT_Face_GetCharVariantIndex
                0x8000c8f8                FT_Face_GetCharVariantIsDefault
                0x8000c994                FT_Face_GetVariantSelectors
                0x8000ca2c                FT_Face_GetVariantsOfChar
                0x8000cacc                FT_Face_GetCharsOfVariant
                0x8000cb6c                FT_Get_Name_Index
                0x8000ccc0                FT_Get_Glyph_Name
                0x8000ce5c                FT_Get_Postscript_Name
                0x8000cfa8                FT_Get_Sfnt_Table
                0x8000d088                FT_Load_Sfnt_Table
                0x8000d184                FT_Sfnt_Table_Info
                0x8000d280                FT_Get_CMap_Language_ID
                0x8000d380                FT_Get_CMap_Format
                0x8000d480                FT_Activate_Size
                0x8000d4f8                FT_Lookup_Renderer
                0x8000d964                FT_Get_Renderer
                0x8000d9b0                FT_Set_Renderer
                0x8000db10                FT_Render_Glyph_Internal
                0x8000dc94                FT_Render_Glyph
                0x8000de14                FT_Add_Module
                0x8000e1e4                FT_Get_Module
                0x8000e2c4                FT_Get_Module_Interface
                0x8000e32c                ft_module_get_service
                0x8000e478                FT_Remove_Module
                0x8000e598                ft_property_do
                0x8000e7cc                FT_Property_Set
                0x8000e828                FT_Property_Get
                0x8000e884                FT_Reference_Library
                0x8000e8c0                FT_New_Library
                0x8000e9e4                FT_Library_Version
                0x8000eaa4                FT_Done_Library
                0x8000ecec                FT_Set_Debug_Hook
                0x8000ed5c                FT_Get_TrueType_Engine_Type
                0x8000edf4                FT_Get_SubGlyph_Info
                0x8000ef08                FT_Outline_Decompose
                0x8000f624                FT_Outline_New_Internal
                0x8000f7f8                FT_Outline_New
                0x8000f86c                FT_Outline_Check
                0x8000f998                FT_Outline_Copy
                0x8000fb24                FT_Outline_Done_Internal
                0x8000fc20                FT_Outline_Done
                0x8000fc84                FT_Outline_Get_CBox
                0x8000fe20                FT_Outline_Translate
                0x8000fed4                FT_Outline_Reverse
                0x80010098                FT_Outline_Render
                0x800101ec                FT_Outline_Get_Bitmap
                0x800102a0                FT_Vector_Transform
                0x800103a4                FT_Outline_Transform
                0x8001044c                FT_Outline_Embolden
                0x80010498                FT_Outline_EmboldenXY
                0x800109e4                FT_Outline_Get_Orientation
                0x80010c28                FT_Raccess_Get_HeaderInfo
                0x80010fb4                FT_Raccess_Get_DataOffsets
                0x800113b4                FT_Raccess_Guess
                0x80012060                FT_Get_Sfnt_Name_Count
                0x800120b4                FT_Get_Sfnt_Name
                0x800122d0                FT_Stream_OpenMemory
                0x80012344                FT_Stream_Close
                0x800123a8                FT_Stream_Seek
                0x80012468                FT_Stream_Skip
                0x800124d4                FT_Stream_Pos
                0x80012500                FT_Stream_Read
                0x8001255c                FT_Stream_ReadAt
                0x80012674                FT_Stream_TryRead
                0x80012788                FT_Stream_ExtractFrame
                0x8001280c                FT_Stream_ReleaseFrame
                0x80012898                FT_Stream_EnterFrame
                0x80012a90                FT_Stream_ExitFrame
                0x80012b18                FT_Stream_GetChar
                0x80012b80                FT_Stream_GetUShort
                0x80012c1c                FT_Stream_GetUShortLE
                0x80012cb8                FT_Stream_GetUOffset
                0x80012d64                FT_Stream_GetULong
                0x80012e28                FT_Stream_GetULongLE
                0x80012eec                FT_Stream_ReadChar
                0x80012fec                FT_Stream_ReadUShort
                0x80013148                FT_Stream_ReadUShortLE
                0x800132a4                FT_Stream_ReadUOffset
                0x80013410                FT_Stream_ReadULong
                0x80013594                FT_Stream_ReadULongLE
                0x80013718                FT_Stream_ReadFields
                0x80014274                FT_Cos
                0x800142d8                FT_Sin
                0x80014324                FT_Tan
                0x80014394                FT_Atan2
                0x80014418                FT_Vector_Unit
                0x800144a8                FT_Vector_Rotate
                0x8001461c                FT_Vector_Length
                0x80014718                FT_Vector_Polarize
                0x800147f8                FT_Vector_From_Polar
                0x80014858                FT_Angle_Diff
                0x8001490c                ft_mem_alloc
                0x8001499c                ft_mem_qalloc
                0x80014a4c                ft_mem_realloc
                0x80014b28                ft_mem_qrealloc
                0x80014ca8                ft_mem_free
                0x80014d04                ft_mem_dup
                0x80014d98                ft_mem_strdup
                0x80014e14                ft_mem_strcpyn
                0x80014eac                FT_List_Find
                0x80014f1c                FT_List_Add
                0x80014f9c                FT_List_Insert
                0x8001501c                FT_List_Remove
                0x800150ac                FT_List_Up
                0x80015168                FT_List_Iterate
                0x8001520c                FT_List_Finalize
                0x800152d8                ft_highpow2
 .text          0x80015330    0x146f4 c:/devkitPro/libogc/lib/wii\libfreetype.a(truetype.o)
                0x8001d5b4                TT_New_Context
                0x80024f28                TT_RunIns
 .text          0x80029a24     0x9fd0 c:/devkitPro/libogc/lib/wii\libfreetype.a(type1.o)
 .text          0x800339f4    0x14a74 c:/devkitPro/libogc/lib/wii\libfreetype.a(cff.o)
 .text          0x80048468     0x3620 c:/devkitPro/libogc/lib/wii\libfreetype.a(type1cid.o)
 .text          0x8004ba88     0x72a0 c:/devkitPro/libogc/lib/wii\libfreetype.a(pfr.o)
 .text          0x80052d28     0x3a24 c:/devkitPro/libogc/lib/wii\libfreetype.a(type42.o)
 .text          0x8005674c     0x1c8c c:/devkitPro/libogc/lib/wii\libfreetype.a(winfnt.o)
 .text          0x800583d8     0x387c c:/devkitPro/libogc/lib/wii\libfreetype.a(pcf.o)
 .text          0x8005bc54     0x70fc c:/devkitPro/libogc/lib/wii\libfreetype.a(bdf.o)
 .text          0x80062d50    0x101a8 c:/devkitPro/libogc/lib/wii\libfreetype.a(sfnt.o)
 .text          0x80072ef8     0xc0c8 c:/devkitPro/libogc/lib/wii\libfreetype.a(autofit.o)
                0x8007400c                af_glyph_hints_dump_points
                0x80074030                af_glyph_hints_dump_segments
                0x80074054                af_glyph_hints_get_num_segments
                0x80074084                af_glyph_hints_get_segment_offset
                0x800740b8                af_glyph_hints_dump_edges
                0x8007eb54                af_property_get_face_globals
                0x8007ec20                af_property_set
                0x8007ed14                af_property_get
 .text          0x8007efc0     0x7330 c:/devkitPro/libogc/lib/wii\libfreetype.a(pshinter.o)
                0x80085e20                ps_hints_apply
 .text          0x800862f0     0x54fc c:/devkitPro/libogc/lib/wii\libfreetype.a(raster.o)
 .text          0x8008b7ec     0x3a3c c:/devkitPro/libogc/lib/wii\libfreetype.a(smooth.o)
 .text          0x8008f228     0x60fc c:/devkitPro/libogc/lib/wii\libfreetype.a(ftgzip.o)
                0x800950c0                FT_Stream_OpenGzip
 .text          0x80095324     0x166c c:/devkitPro/libogc/lib/wii\libfreetype.a(ftlzw.o)
                0x80095a88                FT_Stream_OpenLZW
                0x800961a4                ft_lzwstate_reset
                0x80096228                ft_lzwstate_init
                0x800962d4                ft_lzwstate_done
                0x80096390                ft_lzwstate_io
 .text          0x80096990     0x78f8 c:/devkitPro/libogc/lib/wii\libfreetype.a(psaux.o)
 .text          0x8009e288      0xf40 c:/devkitPro/libogc/lib/wii\libfreetype.a(psnames.o)
 .text          0x8009f1c8      0x418 c:/devkitPro/libogc/lib/wii\libfreetype.a(ftsystem.o)
                0x8009f3cc                FT_Stream_Open
                0x8009f518                FT_New_Memory
                0x8009f5a4                FT_Done_Memory
 .text          0x8009f5e0      0x44c c:/devkitPro/libogc/lib/wii\libogc.a(lwp_handler.o)
                0x8009f5e0                _cpu_context_save_fp
                0x8009f720                _cpu_context_restore_fp
                0x8009f860                _cpu_context_switch
                0x8009f940                _cpu_context_save
                0x8009f9c0                _cpu_context_restore
 .text          0x8009fa2c      0x4f4 c:/devkitPro/libogc/lib/wii\libogc.a(cache_asm.o)
                0x8009fa2c                DCFlashInvalidate
                0x8009fa40                DCEnable
                0x8009fa54                DCDisable
                0x8009fa68                DCFreeze
                0x8009fa7c                DCUnfreeze
                0x8009fa90                DCTouchLoad
                0x8009fa98                DCBlockZero
                0x8009faa0                DCBlockStore
                0x8009faa8                DCBlockFlush
                0x8009fab0                DCBlockInvalidate
                0x8009fab8                DCInvalidateRange
                0x8009fae8                DCFlushRange
                0x8009fb1c                DCStoreRange
                0x8009fb50                DCFlushRangeNoSync
                0x8009fb80                DCStoreRangeNoSync
                0x8009fbb0                DCZeroRange
                0x8009fbe0                DCTouchRange
                0x8009fc10                ICInvalidateRange
                0x8009fc48                ICFlashInvalidate
                0x8009fc5c                ICEnable
                0x8009fc70                ICDisable
                0x8009fc84                ICFreeze
                0x8009fc98                ICUnfreeze
                0x8009fcac                ICBlockInvalidate
                0x8009fcb4                ICSync
                0x8009fcbc                L2Init
                0x8009fd04                L2Enable
                0x8009fd20                L2Disable
                0x8009fd38                L2GlobalInvalidate
                0x8009fd90                __LCEnable
                0x8009fe5c                LCDisable
                0x8009fe84                LCAllocOneTag
                0x8009fe98                LCAllocTags
                0x8009fed8                LCLoadBlocks
                0x8009fefc                LCStoreBlocks
 .text          0x8009ff20      0x4a0 c:/devkitPro/libogc/lib/wii\libogc.a(system_asm.o)
                0x8009ff20                __realmode
                0x8009ff38                __configBATS
                0x800a0068                __InitFPRS
                0x800a0194                __InitPS
                0x800a01f0                __InitCache
                0x800a0248                __InitSystem
                0x800a02d0                __flush_cache
                0x800a0304                __reset
                0x800a0374                __InitBATS
                0x800a0390                SYS_SwitchFiber
 .text          0x800a03c0      0x8dc c:/devkitPro/libogc/lib/wii\libogc.a(gu_psasm.o)
                0x800a03c0                ps_guMtxConcat
                0x800a0484                ps_guMtxIdentity
                0x800a04b0                ps_guMtxCopy
                0x800a04e4                ps_guMtxTranspose
                0x800a0534                ps_guMtxInverse
                0x800a062c                ps_guMtxInvXpose
                0x800a06f4                ps_guMtxScale
                0x800a071c                ps_guMtxScaleApply
                0x800a0774                ps_guMtxApplyScale
                0x800a07d8                ps_guMtxTrans
                0x800a080c                ps_guMtxTransApply
                0x800a0858                ps_guMtxApplyTrans
                0x800a08d4                ps_guMtxRotTrig
                0x800a0984                __ps_guMtxRotAxisRadInternal
                0x800a0a44                ps_guMtxReflect
                0x800a0ab4                ps_guVecAdd
                0x800a0ad8                ps_guVecSub
                0x800a0afc                ps_guVecScale
                0x800a0b18                ps_guVecNormalize
                0x800a0b5c                ps_guVecCross
                0x800a0b98                ps_guVecDotProduct
                0x800a0bb8                ps_guVecMultiply
                0x800a0c0c                ps_guVecMultiplySR
                0x800a0c7c                ps_guQuatDotProduct
 .text          0x800a0c9c      0x1ac c:/devkitPro/libogc/lib/wii\libogc.a(irq_handler.o)
                0x800a0c9c                irq_exceptionhandler
 .text          0x800a0e48      0x1ac c:/devkitPro/libogc/lib/wii\libogc.a(decrementer_handler.o)
                0x800a0e48                dec_exceptionhandler
 .text          0x800a0ff4      0x35c c:/devkitPro/libogc/lib/wii\libogc.a(exception_handler.o)
                0x800a0ff4                exceptionhandler_start
                0x800a1070                exceptionhandler_patch
                0x800a10a4                exceptionhandler_end
                0x800a10a8                default_exceptionhandler
                0x800a11d8                fpu_exceptionhandler
                0x800a1320                systemcallhandler_start
                0x800a134c                systemcallhandler_end
 .text          0x800a1350       0x48 c:/devkitpro/devkitppc/bin/../lib/gcc/powerpc-eabi/6.3.0\libgcc.a(eabi.o)
                0x800a1350                __eabi
 .text          0x800a1398       0x58 c:/devkitpro/devkitppc/bin/../lib/gcc/powerpc-eabi/6.3.0\libgcc.a(crtresxgpr.o)
                0x800a1398                _restgpr_14_x
                0x800a139c                _restgpr_15_x
                0x800a13a0                _restgpr_16_x
                0x800a13a4                _restgpr_17_x
                0x800a13a8                _restgpr_18_x
                0x800a13ac                _restgpr_19_x
                0x800a13b0                _restgpr_20_x
                0x800a13b4                _restgpr_21_x
                0x800a13b8                _restgpr_22_x
                0x800a13bc                _restgpr_23_x
                0x800a13c0                _restgpr_24_x
                0x800a13c4                _restgpr_25_x
                0x800a13c8                _restgpr_26_x
                0x800a13cc                _restgpr_27_x
                0x800a13d0                _restgpr_28_x
                0x800a13d4                _restgpr_29_x
                0x800a13d8                _restgpr_30_x
                0x800a13dc                _restgpr_31_x
 .text          0x800a13f0      0x180 c:/devkitpro/devkitppc/bin/../lib/gcc/powerpc-eabi/6.3.0/../../../../powerpc-eabi/lib\libc.a(lib_a-setjmp.o)
                0x800a13f0                setjmp
                0x800a14ac                longjmp
 *(.text.*)
 .text.deregister_tm_clones
                0x800a1570       0x38 c:/devkitpro/devkitppc/bin/../lib/gcc/powerpc-eabi/6.3.0/crtbegin.o
 .text.register_tm_clones
                0x800a15a8       0x3c c:/devkitpro/devkitppc/bin/../lib/gcc/powerpc-eabi/6.3.0/crtbegin.o
 .text.__do_global_dtors_aux
                0x800a15e4       0xd4 c:/devkitpro/devkitppc/bin/../lib/gcc/powerpc-eabi/6.3.0/crtbegin.o
 .text.frame_dummy
                0x800a16b8       0x74 c:/devkitpro/devkitppc/bin/../lib/gcc/powerpc-eabi/6.3.0/crtbegin.o
 .text.__crtmain
                0x800a172c       0x44 c:/devkitpro/devkitppc/bin/../lib/gcc/powerpc-eabi/6.3.0/../../../../powerpc-eabi/lib/crtmain.o
                0x800a1730                __crtmain
 .text.startup.main
                0x800a1770      0x284 main.o
                0x800a1770                main
 .text.GRRLIB_ClipReset
                0x800a19f4       0x3c c:/devkitPro/libogc/lib/wii\libgrrlib.a(GRRLIB_core.o)
                0x800a19f4                GRRLIB_ClipReset
 .text.GRRLIB_Rectangle
                0x800a1a30      0x150 c:/devkitPro/libogc/lib/wii\libgrrlib.a(GRRLIB_core.o)
                0x800a1a30                GRRLIB_Rectangle
 .text.GRRLIB_FillScreen
                0x800a1b80       0x78 c:/devkitPro/libogc/lib/wii\libgrrlib.a(GRRLIB_core.o)
                0x800a1b80                GRRLIB_FillScreen
 .text.GRRLIB_Exit
                0x800a1bf8      0x108 c:/devkitPro/libogc/lib/wii\libgrrlib.a(GRRLIB_core.o)
                0x800a1bf8                GRRLIB_Exit
 .text.GRRLIB_Init
                0x800a1d00      0x4f8 c:/devkitPro/libogc/lib/wii\libgrrlib.a(GRRLIB_core.o)
                0x800a1d00                GRRLIB_Init
 .text.GRRLIB_DrawImg
                0x800a21f8      0x4a8 c:/devkitPro/libogc/lib/wii\libgrrlib.a(GRRLIB_render.o)
                0x800a21f8                GRRLIB_DrawImg
 .text.GRRLIB_Render
                0x800a26a0       0xbc c:/devkitPro/libogc/lib/wii\libgrrlib.a(GRRLIB_render.o)
                0x800a26a0                GRRLIB_Render
 .text.GRRLIB_CreatePalette
                0x800a275c       0x8c c:/devkitPro/libogc/lib/wii\libgrrlib.a(GRRLIB_texEdit.o)
 .text.GRRLIB_LoadTexturePNG
                0x800a27e8      0x140 c:/devkitPro/libogc/lib/wii\libgrrlib.a(GRRLIB_texEdit.o)
                0x800a27e8                GRRLIB_LoadTexturePNG
 .text.GRRLIB_LoadTextureBMP
                0x800a2928      0x6f8 c:/devkitPro/libogc/lib/wii\libgrrlib.a(GRRLIB_texEdit.o)
                0x800a2928                GRRLIB_LoadTextureBMP
 .text.GRRLIB_LoadTextureJPGEx
                0x800a3020      0x2f0 c:/devkitPro/libogc/lib/wii\libgrrlib.a(GRRLIB_texEdit.o)
                0x800a3020                GRRLIB_LoadTextureJPGEx
 .text.GRRLIB_LoadTextureJPG
                0x800a3310       0x64 c:/devkitPro/libogc/lib/wii\libgrrlib.a(GRRLIB_texEdit.o)
                0x800a3310                GRRLIB_LoadTextureJPG
 .text.GRRLIB_LoadTexture
                0x800a3374       0x4c c:/devkitPro/libogc/lib/wii\libgrrlib.a(GRRLIB_texEdit.o)
                0x800a3374                GRRLIB_LoadTexture
 .text.GRRLIB_InitTTF
                0x800a33c0       0x30 c:/devkitPro/libogc/lib/wii\libgrrlib.a(GRRLIB_ttf.o)
                0x800a33c0                GRRLIB_InitTTF
 .text.GRRLIB_ExitTTF
                0x800a33f0        0xc c:/devkitPro/libogc/lib/wii\libgrrlib.a(GRRLIB_ttf.o)
                0x800a33f0                GRRLIB_ExitTTF
 .text.pngu_read_data_from_buffer
                0x800a33fc       0x68 c:/devkitPro/libogc/lib/wii\libpngu.a(pngu.o)
                0x800a33fc                pngu_read_data_from_buffer
 .text.pngu_free_info.part.0
                0x800a3464       0x80 c:/devkitPro/libogc/lib/wii\libpngu.a(pngu.o)
 .text.PNGU_SelectImageFromBuffer
                0x800a34e4       0x64 c:/devkitPro/libogc/lib/wii\libpngu.a(pngu.o)
                0x800a34e4                PNGU_SelectImageFromBuffer
 .text.PNGU_ReleaseImageContext
                0x800a3548       0x9c c:/devkitPro/libogc/lib/wii\libpngu.a(pngu.o)
                0x800a3548                PNGU_ReleaseImageContext
 .text.pngu_info
                0x800a35e4      0x544 c:/devkitPro/libogc/lib/wii\libpngu.a(pngu.o)
                0x800a35e4                pngu_info
 .text.PNGU_GetImageProperties
                0x800a3b28       0xa0 c:/devkitPro/libogc/lib/wii\libpngu.a(pngu.o)
                0x800a3b28                PNGU_GetImageProperties
 .text.pngu_decode
                0x800a3bc8      0x21c c:/devkitPro/libogc/lib/wii\libpngu.a(pngu.o)
                0x800a3bc8                pngu_decode
 .text.PNGU_DecodeTo4x4RGBA8
                0x800a3de4      0x3bc c:/devkitPro/libogc/lib/wii\libpngu.a(pngu.o)
                0x800a3de4                PNGU_DecodeTo4x4RGBA8
 .text.png_zalloc
                0x800a41a0       0x54 c:/devkitPro/libogc/lib/wii\libpng.a(png.o)
                0x800a41a0                png_zalloc
 .text.png_zfree
                0x800a41f4        0x4 c:/devkitPro/libogc/lib/wii\libpng.a(png.o)
                0x800a41f4                png_zfree
 .text.png_build_16bit_table
                0x800a41f8      0x264 c:/devkitPro/libogc/lib/wii\libpng.a(png.o)
 .text.png_colorspace_endpoints_match
                0x800a445c      0x11c c:/devkitPro/libogc/lib/wii\libpng.a(png.o)
 .text.png_colorspace_set_xy_and_XYZ
                0x800a4578      0x1ac c:/devkitPro/libogc/lib/wii\libpng.a(png.o)
 .text.is_ICC_signature_char.part.1
                0x800a4724       0x2c c:/devkitPro/libogc/lib/wii\libpng.a(png.o)
 .text.png_icc_profile_error
                0x800a4750      0x2a8 c:/devkitPro/libogc/lib/wii\libpng.a(png.o)
 .text.png_muldiv.part.7
                0x800a49f8       0xd4 c:/devkitPro/libogc/lib/wii\libpng.a(png.o)
 .text.png_xy_from_XYZ
                0x800a4acc      0x25c c:/devkitPro/libogc/lib/wii\libpng.a(png.o)
 .text.png_colorspace_check_xy.part.8
                0x800a4d28       0x54 c:/devkitPro/libogc/lib/wii\libpng.a(png.o)
 .text.png_colorspace_check_gamma.isra.9
                0x800a4d7c      0x114 c:/devkitPro/libogc/lib/wii\libpng.a(png.o)
 .text.png_reciprocal2.part.12
                0x800a4e90       0xbc c:/devkitPro/libogc/lib/wii\libpng.a(png.o)
 .text.png_gamma_8bit_correct.part.13
                0x800a4f4c       0x98 c:/devkitPro/libogc/lib/wii\libpng.a(png.o)
 .text.png_build_8bit_table
                0x800a4fe4       0xc8 c:/devkitPro/libogc/lib/wii\libpng.a(png.o)
 .text.png_gamma_16bit_correct.part.14
                0x800a50ac       0x98 c:/devkitPro/libogc/lib/wii\libpng.a(png.o)
 .text.png_set_sig_bytes
                0x800a5144       0x48 c:/devkitPro/libogc/lib/wii\libpng.a(png.o)
                0x800a5144                png_set_sig_bytes
 .text.png_sig_cmp
                0x800a518c       0x84 c:/devkitPro/libogc/lib/wii\libpng.a(png.o)
                0x800a518c                png_sig_cmp
 .text.png_reset_crc
                0x800a5210       0x3c c:/devkitPro/libogc/lib/wii\libpng.a(png.o)
                0x800a5210                png_reset_crc
 .text.png_calculate_crc
                0x800a524c       0x70 c:/devkitPro/libogc/lib/wii\libpng.a(png.o)
                0x800a524c                png_calculate_crc
 .text.png_user_version_check
                0x800a52bc      0x120 c:/devkitPro/libogc/lib/wii\libpng.a(png.o)
                0x800a52bc                png_user_version_check
 .text.png_create_png_struct
                0x800a53dc      0x178 c:/devkitPro/libogc/lib/wii\libpng.a(png.o)
                0x800a53dc                png_create_png_struct
 .text.png_create_info_struct
                0x800a5554       0x60 c:/devkitPro/libogc/lib/wii\libpng.a(png.o)
                0x800a5554                png_create_info_struct
 .text.png_free_data
                0x800a55b4      0x500 c:/devkitPro/libogc/lib/wii\libpng.a(png.o)
                0x800a55b4                png_free_data
 .text.png_destroy_info_struct
                0x800a5ab4       0x90 c:/devkitPro/libogc/lib/wii\libpng.a(png.o)
                0x800a5ab4                png_destroy_info_struct
 .text.png_get_io_ptr
                0x800a5b44       0x18 c:/devkitPro/libogc/lib/wii\libpng.a(png.o)
                0x800a5b44                png_get_io_ptr
 .text.png_init_io
                0x800a5b5c       0x10 c:/devkitPro/libogc/lib/wii\libpng.a(png.o)
                0x800a5b5c                png_init_io
 .text.png_handle_as_unknown
                0x800a5b6c       0xb8 c:/devkitPro/libogc/lib/wii\libpng.a(png.o)
                0x800a5b6c                png_handle_as_unknown
 .text.png_chunk_unknown_handling
                0x800a5c24       0x4c c:/devkitPro/libogc/lib/wii\libpng.a(png.o)
                0x800a5c24                png_chunk_unknown_handling
 .text.png_zstream_error
                0x800a5c70       0xd4 c:/devkitPro/libogc/lib/wii\libpng.a(png.o)
                0x800a5c70                png_zstream_error
 .text.png_colorspace_set_gamma
                0x800a5d44       0xd8 c:/devkitPro/libogc/lib/wii\libpng.a(png.o)
                0x800a5d44                png_colorspace_set_gamma
 .text.png_colorspace_sync_info
                0x800a5e1c       0x90 c:/devkitPro/libogc/lib/wii\libpng.a(png.o)
                0x800a5e1c                png_colorspace_sync_info
 .text.png_colorspace_sync
                0x800a5eac       0x68 c:/devkitPro/libogc/lib/wii\libpng.a(png.o)
                0x800a5eac                png_colorspace_sync
 .text.png_colorspace_set_sRGB
                0x800a5f14      0x1e0 c:/devkitPro/libogc/lib/wii\libpng.a(png.o)
                0x800a5f14                png_colorspace_set_sRGB
 .text.png_icc_check_length
                0x800a60f4       0xdc c:/devkitPro/libogc/lib/wii\libpng.a(png.o)
                0x800a60f4                png_icc_check_length
 .text.png_icc_check_header
                0x800a61d0      0x3ac c:/devkitPro/libogc/lib/wii\libpng.a(png.o)
                0x800a61d0                png_icc_check_header
 .text.png_icc_check_tag_table
                0x800a657c      0x1f0 c:/devkitPro/libogc/lib/wii\libpng.a(png.o)
                0x800a657c                png_icc_check_tag_table
 .text.png_icc_set_sRGB
                0x800a676c      0x32c c:/devkitPro/libogc/lib/wii\libpng.a(png.o)
                0x800a676c                png_icc_set_sRGB
 .text.png_colorspace_set_rgb_coefficients
                0x800a6a98      0x1ec c:/devkitPro/libogc/lib/wii\libpng.a(png.o)
                0x800a6a98                png_colorspace_set_rgb_coefficients
 .text.png_check_IHDR
                0x800a6c84      0x31c c:/devkitPro/libogc/lib/wii\libpng.a(png.o)
                0x800a6c84                png_check_IHDR
 .text.png_check_fp_number
                0x800a6fa0      0x160 c:/devkitPro/libogc/lib/wii\libpng.a(png.o)
                0x800a6fa0                png_check_fp_number
 .text.png_check_fp_string
                0x800a7100       0x74 c:/devkitPro/libogc/lib/wii\libpng.a(png.o)
                0x800a7100                png_check_fp_string
 .text.png_muldiv
                0x800a7174       0x38 c:/devkitPro/libogc/lib/wii\libpng.a(png.o)
                0x800a7174                png_muldiv
 .text.png_reciprocal
                0x800a71ac       0xa4 c:/devkitPro/libogc/lib/wii\libpng.a(png.o)
                0x800a71ac                png_reciprocal
 .text.png_XYZ_from_xy
                0x800a7250      0x5bc c:/devkitPro/libogc/lib/wii\libpng.a(png.o)
 .text.png_colorspace_set_chromaticities
                0x800a780c       0xfc c:/devkitPro/libogc/lib/wii\libpng.a(png.o)
                0x800a780c                png_colorspace_set_chromaticities
 .text.png_gamma_significant
                0x800a7908       0x18 c:/devkitPro/libogc/lib/wii\libpng.a(png.o)
                0x800a7908                png_gamma_significant
 .text.png_reciprocal2
                0x800a7920       0x1c c:/devkitPro/libogc/lib/wii\libpng.a(png.o)
                0x800a7920                png_reciprocal2
 .text.png_gamma_8bit_correct
                0x800a793c       0x18 c:/devkitPro/libogc/lib/wii\libpng.a(png.o)
                0x800a793c                png_gamma_8bit_correct
 .text.png_gamma_correct
                0x800a7954       0x6c c:/devkitPro/libogc/lib/wii\libpng.a(png.o)
                0x800a7954                png_gamma_correct
 .text.png_destroy_gamma_table
                0x800a79c0      0x164 c:/devkitPro/libogc/lib/wii\libpng.a(png.o)
                0x800a79c0                png_destroy_gamma_table
 .text.png_build_gamma_table
                0x800a7b24      0x550 c:/devkitPro/libogc/lib/wii\libpng.a(png.o)
                0x800a7b24                png_build_gamma_table
 .text.png_format_buffer.isra.0
                0x800a8074      0x10c c:/devkitPro/libogc/lib/wii\libpng.a(pngerror.o)
 .text.png_safecat.part.2
                0x800a8180       0x8c c:/devkitPro/libogc/lib/wii\libpng.a(pngerror.o)
 .text.png_safecat
                0x800a820c       0x20 c:/devkitPro/libogc/lib/wii\libpng.a(pngerror.o)
                0x800a820c                png_safecat
 .text.png_format_number
                0x800a822c      0x194 c:/devkitPro/libogc/lib/wii\libpng.a(pngerror.o)
                0x800a822c                png_format_number
 .text.png_warning
                0x800a83c0       0xa8 c:/devkitPro/libogc/lib/wii\libpng.a(pngerror.o)
                0x800a83c0                png_warning
 .text.png_chunk_warning
                0x800a8468       0x48 c:/devkitPro/libogc/lib/wii\libpng.a(pngerror.o)
                0x800a8468                png_chunk_warning
 .text.png_free_jmpbuf
                0x800a84b0       0xa0 c:/devkitPro/libogc/lib/wii\libpng.a(pngerror.o)
                0x800a84b0                png_free_jmpbuf
 .text.png_longjmp
                0x800a8550       0x38 c:/devkitPro/libogc/lib/wii\libpng.a(pngerror.o)
                0x800a8550                png_longjmp
 .text.png_error
                0x800a8588       0x88 c:/devkitPro/libogc/lib/wii\libpng.a(pngerror.o)
                0x800a8588                png_error
 .text.png_app_warning
                0x800a8610       0x20 c:/devkitPro/libogc/lib/wii\libpng.a(pngerror.o)
                0x800a8610                png_app_warning
 .text.png_app_error
                0x800a8630       0x20 c:/devkitPro/libogc/lib/wii\libpng.a(pngerror.o)
                0x800a8630                png_app_error
 .text.png_chunk_error
                0x800a8650       0x34 c:/devkitPro/libogc/lib/wii\libpng.a(pngerror.o)
                0x800a8650                png_chunk_error
 .text.png_chunk_benign_error
                0x800a8684       0x20 c:/devkitPro/libogc/lib/wii\libpng.a(pngerror.o)
                0x800a8684                png_chunk_benign_error
 .text.png_chunk_report
                0x800a86a4       0x2c c:/devkitPro/libogc/lib/wii\libpng.a(pngerror.o)
                0x800a86a4                png_chunk_report
 .text.png_benign_error
                0x800a86d0       0x70 c:/devkitPro/libogc/lib/wii\libpng.a(pngerror.o)
                0x800a86d0                png_benign_error
 .text.png_set_error_fn
                0x800a8740       0x18 c:/devkitPro/libogc/lib/wii\libpng.a(pngerror.o)
                0x800a8740                png_set_error_fn
 .text.png_get_rowbytes
                0x800a8758       0x20 c:/devkitPro/libogc/lib/wii\libpng.a(pngget.o)
                0x800a8758                png_get_rowbytes
 .text.png_get_bKGD
                0x800a8778       0x3c c:/devkitPro/libogc/lib/wii\libpng.a(pngget.o)
                0x800a8778                png_get_bKGD
 .text.png_get_IHDR
                0x800a87b4       0xc4 c:/devkitPro/libogc/lib/wii\libpng.a(pngget.o)
                0x800a87b4                png_get_IHDR
 .text.png_get_tRNS
                0x800a8878       0xac c:/devkitPro/libogc/lib/wii\libpng.a(pngget.o)
                0x800a8878                png_get_tRNS
 .text.png_malloc_base
                0x800a8924       0x34 c:/devkitPro/libogc/lib/wii\libpng.a(pngmem.o)
                0x800a8924                png_malloc_base
 .text.png_malloc_array
                0x800a8958       0x50 c:/devkitPro/libogc/lib/wii\libpng.a(pngmem.o)
                0x800a8958                png_malloc_array
 .text.png_realloc_array
                0x800a89a8      0x130 c:/devkitPro/libogc/lib/wii\libpng.a(pngmem.o)
                0x800a89a8                png_realloc_array
 .text.png_malloc
                0x800a8ad8       0x50 c:/devkitPro/libogc/lib/wii\libpng.a(pngmem.o)
                0x800a8ad8                png_malloc
 .text.png_calloc
                0x800a8b28       0x4c c:/devkitPro/libogc/lib/wii\libpng.a(pngmem.o)
                0x800a8b28                png_calloc
 .text.png_malloc_warn
                0x800a8b74       0x60 c:/devkitPro/libogc/lib/wii\libpng.a(pngmem.o)
                0x800a8b74                png_malloc_warn
 .text.png_free
                0x800a8bd4       0x2c c:/devkitPro/libogc/lib/wii\libpng.a(pngmem.o)
                0x800a8bd4                png_free
 .text.png_destroy_png_struct
                0x800a8c00       0x60 c:/devkitPro/libogc/lib/wii\libpng.a(pngmem.o)
                0x800a8c00                png_destroy_png_struct
 .text.png_set_mem_fn
                0x800a8c60       0x18 c:/devkitPro/libogc/lib/wii\libpng.a(pngmem.o)
                0x800a8c60                png_set_mem_fn
 .text.png_create_read_struct_2
                0x800a8c78       0x60 c:/devkitPro/libogc/lib/wii\libpng.a(pngread.o)
                0x800a8c78                png_create_read_struct_2
 .text.png_create_read_struct
                0x800a8cd8       0x10 c:/devkitPro/libogc/lib/wii\libpng.a(pngread.o)
                0x800a8cd8                png_create_read_struct
 .text.png_read_info
                0x800a8ce8      0x4c0 c:/devkitPro/libogc/lib/wii\libpng.a(pngread.o)
                0x800a8ce8                png_read_info
 .text.png_read_update_info
                0x800a91a8       0x88 c:/devkitPro/libogc/lib/wii\libpng.a(pngread.o)
                0x800a91a8                png_read_update_info
 .text.png_start_read_image
                0x800a9230       0x24 c:/devkitPro/libogc/lib/wii\libpng.a(pngread.o)
                0x800a9230                png_start_read_image
 .text.png_read_row
                0x800a9254      0x460 c:/devkitPro/libogc/lib/wii\libpng.a(pngread.o)
                0x800a9254                png_read_row
 .text.png_read_image
                0x800a96b4      0x114 c:/devkitPro/libogc/lib/wii\libpng.a(pngread.o)
                0x800a96b4                png_read_image
 .text.png_destroy_read_struct
                0x800a97c8      0x178 c:/devkitPro/libogc/lib/wii\libpng.a(pngread.o)
                0x800a97c8                png_destroy_read_struct
 .text.png_default_read_data
                0x800a9940       0x60 c:/devkitPro/libogc/lib/wii\libpng.a(pngrio.o)
                0x800a9940                png_default_read_data
 .text.png_read_data
                0x800a99a0       0x2c c:/devkitPro/libogc/lib/wii\libpng.a(pngrio.o)
                0x800a99a0                png_read_data
 .text.png_set_read_fn
                0x800a99cc       0x78 c:/devkitPro/libogc/lib/wii\libpng.a(pngrio.o)
                0x800a99cc                png_set_read_fn
 .text.png_do_gray_to_rgb
                0x800a9a44      0x224 c:/devkitPro/libogc/lib/wii\libpng.a(pngrtran.o)
 .text.png_do_expand
                0x800a9c68      0x658 c:/devkitPro/libogc/lib/wii\libpng.a(pngrtran.o)
 .text.png_rtran_ok
                0x800aa2c0       0x8c c:/devkitPro/libogc/lib/wii\libpng.a(pngrtran.o)
 .text.png_set_strip_16
                0x800aa34c       0x44 c:/devkitPro/libogc/lib/wii\libpng.a(pngrtran.o)
                0x800aa34c                png_set_strip_16
 .text.png_set_strip_alpha
                0x800aa390       0x44 c:/devkitPro/libogc/lib/wii\libpng.a(pngrtran.o)
                0x800aa390                png_set_strip_alpha
 .text.png_set_gray_to_rgb
                0x800aa3d4       0x7c c:/devkitPro/libogc/lib/wii\libpng.a(pngrtran.o)
                0x800aa3d4                png_set_gray_to_rgb
 .text.png_init_read_transformations
                0x800aa450      0xcc0 c:/devkitPro/libogc/lib/wii\libpng.a(pngrtran.o)
                0x800aa450                png_init_read_transformations
 .text.png_read_transform_info
                0x800ab110      0x30c c:/devkitPro/libogc/lib/wii\libpng.a(pngrtran.o)
                0x800ab110                png_read_transform_info
 .text.png_do_read_transformations
                0x800ab41c     0x2de0 c:/devkitPro/libogc/lib/wii\libpng.a(pngrtran.o)
                0x800ab41c                png_do_read_transformations
 .text.png_read_filter_row_sub
                0x800ae1fc       0x4c c:/devkitPro/libogc/lib/wii\libpng.a(pngrutil.o)
 .text.png_read_filter_row_up
                0x800ae248       0x30 c:/devkitPro/libogc/lib/wii\libpng.a(pngrutil.o)
 .text.png_read_filter_row_avg
                0x800ae278       0x88 c:/devkitPro/libogc/lib/wii\libpng.a(pngrutil.o)
 .text.png_read_filter_row_paeth_1byte_pixel
                0x800ae300       0xa0 c:/devkitPro/libogc/lib/wii\libpng.a(pngrutil.o)
 .text.png_read_filter_row_paeth_multibyte_pixel
                0x800ae3a0      0x100 c:/devkitPro/libogc/lib/wii\libpng.a(pngrutil.o)
 .text.png_inflate_claim
                0x800ae4a0      0x1b8 c:/devkitPro/libogc/lib/wii\libpng.a(pngrutil.o)
 .text.png_read_buffer
                0x800ae658       0xc0 c:/devkitPro/libogc/lib/wii\libpng.a(pngrutil.o)
 .text.png_get_fixed_point.constprop.8
                0x800ae718       0x34 c:/devkitPro/libogc/lib/wii\libpng.a(pngrutil.o)
 .text.png_get_uint_31
                0x800ae74c       0x4c c:/devkitPro/libogc/lib/wii\libpng.a(pngrutil.o)
                0x800ae74c                png_get_uint_31
 .text.png_read_sig
                0x800ae798      0x104 c:/devkitPro/libogc/lib/wii\libpng.a(pngrutil.o)
                0x800ae798                png_read_sig
 .text.png_crc_read
                0x800ae89c       0x70 c:/devkitPro/libogc/lib/wii\libpng.a(pngrutil.o)
                0x800ae89c                png_crc_read
 .text.png_crc_error
                0x800ae90c       0xcc c:/devkitPro/libogc/lib/wii\libpng.a(pngrutil.o)
                0x800ae90c                png_crc_error
 .text.png_crc_finish
                0x800ae9d8       0xc4 c:/devkitPro/libogc/lib/wii\libpng.a(pngrutil.o)
                0x800ae9d8                png_crc_finish
 .text.png_cache_unknown_chunk
                0x800aea9c      0x114 c:/devkitPro/libogc/lib/wii\libpng.a(pngrutil.o)
 .text.png_zlib_inflate
                0x800aebb0       0x4c c:/devkitPro/libogc/lib/wii\libpng.a(pngrutil.o)
                0x800aebb0                png_zlib_inflate
 .text.png_inflate_read.part.3.constprop.5
                0x800aebfc      0x138 c:/devkitPro/libogc/lib/wii\libpng.a(pngrutil.o)
 .text.png_inflate.constprop.7
                0x800aed34      0x184 c:/devkitPro/libogc/lib/wii\libpng.a(pngrutil.o)
 .text.png_decompress_chunk.constprop.6
                0x800aeeb8      0x29c c:/devkitPro/libogc/lib/wii\libpng.a(pngrutil.o)
 .text.png_handle_IHDR
                0x800af154      0x1ac c:/devkitPro/libogc/lib/wii\libpng.a(pngrutil.o)
                0x800af154                png_handle_IHDR
 .text.png_handle_PLTE
                0x800af300      0x2cc c:/devkitPro/libogc/lib/wii\libpng.a(pngrutil.o)
                0x800af300                png_handle_PLTE
 .text.png_handle_IEND
                0x800af5cc       0x8c c:/devkitPro/libogc/lib/wii\libpng.a(pngrutil.o)
                0x800af5cc                png_handle_IEND
 .text.png_handle_gAMA
                0x800af658       0xe4 c:/devkitPro/libogc/lib/wii\libpng.a(pngrutil.o)
                0x800af658                png_handle_gAMA
 .text.png_handle_sBIT
                0x800af73c      0x274 c:/devkitPro/libogc/lib/wii\libpng.a(pngrutil.o)
                0x800af73c                png_handle_sBIT
 .text.png_handle_cHRM
                0x800af9b0      0x24c c:/devkitPro/libogc/lib/wii\libpng.a(pngrutil.o)
                0x800af9b0                png_handle_cHRM
 .text.png_handle_sRGB
                0x800afbfc      0x11c c:/devkitPro/libogc/lib/wii\libpng.a(pngrutil.o)
                0x800afbfc                png_handle_sRGB
 .text.png_handle_iCCP
                0x800afd18      0x5f0 c:/devkitPro/libogc/lib/wii\libpng.a(pngrutil.o)
                0x800afd18                png_handle_iCCP
 .text.png_handle_sPLT
                0x800b0308      0x340 c:/devkitPro/libogc/lib/wii\libpng.a(pngrutil.o)
                0x800b0308                png_handle_sPLT
 .text.png_handle_tRNS
                0x800b0648      0x25c c:/devkitPro/libogc/lib/wii\libpng.a(pngrutil.o)
                0x800b0648                png_handle_tRNS
 .text.png_handle_bKGD
                0x800b08a4      0x280 c:/devkitPro/libogc/lib/wii\libpng.a(pngrutil.o)
                0x800b08a4                png_handle_bKGD
 .text.png_handle_hIST
                0x800b0b24      0x18c c:/devkitPro/libogc/lib/wii\libpng.a(pngrutil.o)
                0x800b0b24                png_handle_hIST
 .text.png_handle_pHYs
                0x800b0cb0      0x174 c:/devkitPro/libogc/lib/wii\libpng.a(pngrutil.o)
                0x800b0cb0                png_handle_pHYs
 .text.png_handle_oFFs
                0x800b0e24      0x1a4 c:/devkitPro/libogc/lib/wii\libpng.a(pngrutil.o)
                0x800b0e24                png_handle_oFFs
 .text.png_handle_pCAL
                0x800b0fc8      0x3d4 c:/devkitPro/libogc/lib/wii\libpng.a(pngrutil.o)
                0x800b0fc8                png_handle_pCAL
 .text.png_handle_sCAL
                0x800b139c      0x2ac c:/devkitPro/libogc/lib/wii\libpng.a(pngrutil.o)
                0x800b139c                png_handle_sCAL
 .text.png_handle_tIME
                0x800b1648      0x140 c:/devkitPro/libogc/lib/wii\libpng.a(pngrutil.o)
                0x800b1648                png_handle_tIME
 .text.png_handle_tEXt
                0x800b1788      0x1ec c:/devkitPro/libogc/lib/wii\libpng.a(pngrutil.o)
                0x800b1788                png_handle_tEXt
 .text.png_handle_zTXt
                0x800b1974      0x250 c:/devkitPro/libogc/lib/wii\libpng.a(pngrutil.o)
                0x800b1974                png_handle_zTXt
 .text.png_handle_iTXt
                0x800b1bc4      0x34c c:/devkitPro/libogc/lib/wii\libpng.a(pngrutil.o)
                0x800b1bc4                png_handle_iTXt
 .text.png_handle_unknown
                0x800b1f10      0x210 c:/devkitPro/libogc/lib/wii\libpng.a(pngrutil.o)
                0x800b1f10                png_handle_unknown
 .text.png_check_chunk_name
                0x800b2120       0x48 c:/devkitPro/libogc/lib/wii\libpng.a(pngrutil.o)
                0x800b2120                png_check_chunk_name
 .text.png_read_chunk_header
                0x800b2168       0x98 c:/devkitPro/libogc/lib/wii\libpng.a(pngrutil.o)
                0x800b2168                png_read_chunk_header
 .text.png_combine_row
                0x800b2200      0x580 c:/devkitPro/libogc/lib/wii\libpng.a(pngrutil.o)
                0x800b2200                png_combine_row
 .text.png_do_read_interlace
                0x800b2780      0x474 c:/devkitPro/libogc/lib/wii\libpng.a(pngrutil.o)
                0x800b2780                png_do_read_interlace
 .text.png_read_filter_row
                0x800b2bf4       0x98 c:/devkitPro/libogc/lib/wii\libpng.a(pngrutil.o)
                0x800b2bf4                png_read_filter_row
 .text.png_read_IDAT_data
                0x800b2c8c      0x248 c:/devkitPro/libogc/lib/wii\libpng.a(pngrutil.o)
                0x800b2c8c                png_read_IDAT_data
 .text.png_read_finish_IDAT
                0x800b2ed4       0xbc c:/devkitPro/libogc/lib/wii\libpng.a(pngrutil.o)
                0x800b2ed4                png_read_finish_IDAT
 .text.png_read_finish_row
                0x800b2f90      0x148 c:/devkitPro/libogc/lib/wii\libpng.a(pngrutil.o)
                0x800b2f90                png_read_finish_row
 .text.png_read_start_row
                0x800b30d8      0x3d8 c:/devkitPro/libogc/lib/wii\libpng.a(pngrutil.o)
                0x800b30d8                png_read_start_row
 .text.check_location
                0x800b34b0       0xc0 c:/devkitPro/libogc/lib/wii\libpng.a(pngset.o)
 .text.png_set_bKGD
                0x800b3570       0x40 c:/devkitPro/libogc/lib/wii\libpng.a(pngset.o)
                0x800b3570                png_set_bKGD
 .text.png_set_hIST
                0x800b35b0      0x104 c:/devkitPro/libogc/lib/wii\libpng.a(pngset.o)
                0x800b35b0                png_set_hIST
 .text.png_set_IHDR
                0x800b36b4      0x150 c:/devkitPro/libogc/lib/wii\libpng.a(pngset.o)
                0x800b36b4                png_set_IHDR
 .text.png_set_oFFs
                0x800b3804       0x2c c:/devkitPro/libogc/lib/wii\libpng.a(pngset.o)
                0x800b3804                png_set_oFFs
 .text.png_set_pCAL
                0x800b3830      0x35c c:/devkitPro/libogc/lib/wii\libpng.a(pngset.o)
                0x800b3830                png_set_pCAL
 .text.png_set_sCAL_s
                0x800b3b8c      0x1d4 c:/devkitPro/libogc/lib/wii\libpng.a(pngset.o)
                0x800b3b8c                png_set_sCAL_s
 .text.png_set_pHYs
                0x800b3d60       0x2c c:/devkitPro/libogc/lib/wii\libpng.a(pngset.o)
                0x800b3d60                png_set_pHYs
 .text.png_set_PLTE
                0x800b3d8c      0x180 c:/devkitPro/libogc/lib/wii\libpng.a(pngset.o)
                0x800b3d8c                png_set_PLTE
 .text.png_set_sBIT
                0x800b3f0c       0x38 c:/devkitPro/libogc/lib/wii\libpng.a(pngset.o)
                0x800b3f0c                png_set_sBIT
 .text.png_set_text_2
                0x800b3f44      0x3e4 c:/devkitPro/libogc/lib/wii\libpng.a(pngset.o)
                0x800b3f44                png_set_text_2
 .text.png_set_tIME
                0x800b4328       0x9c c:/devkitPro/libogc/lib/wii\libpng.a(pngset.o)
                0x800b4328                png_set_tIME
 .text.png_set_tRNS
                0x800b43c4      0x1a0 c:/devkitPro/libogc/lib/wii\libpng.a(pngset.o)
                0x800b43c4                png_set_tRNS
 .text.png_set_sPLT
                0x800b4564      0x1ec c:/devkitPro/libogc/lib/wii\libpng.a(pngset.o)
                0x800b4564                png_set_sPLT
 .text.png_set_unknown_chunks