Archive member included to satisfy reference by file (symbol)

c:/devkitPro/libogc/lib/wii\libwiiuse.a(wpad.o)
                              template.o (WPAD_Init)
c:/devkitPro/libogc/lib/wii\libwiiuse.a(motion_plus.o)
                              c:/devkitPro/libogc/lib/wii\libwiiuse.a(wpad.o) (wiiuse_set_motion_plus)
c:/devkitPro/libogc/lib/wii\libwiiuse.a(dynamics.o)
                              c:/devkitPro/libogc/lib/wii\libwiiuse.a(wpad.o) (calculate_gforce)
c:/devkitPro/libogc/lib/wii\libwiiuse.a(io.o)
                              c:/devkitPro/libogc/lib/wii\libwiiuse.a(motion_plus.o) (wiiuse_disable_expansion)
c:/devkitPro/libogc/lib/wii\libwiiuse.a(io_wii.o)
                              c:/devkitPro/libogc/lib/wii\libwiiuse.a(wpad.o) (__wiiuse_sensorbar_enable)
c:/devkitPro/libogc/lib/wii\libwiiuse.a(ir.o)
                              c:/devkitPro/libogc/lib/wii\libwiiuse.a(motion_plus.o) (wiiuse_set_ir_mode)
c:/devkitPro/libogc/lib/wii\libwiiuse.a(nunchuk.o)
                              c:/devkitPro/libogc/lib/wii\libwiiuse.a(io.o) (nunchuk_handshake)
c:/devkitPro/libogc/lib/wii\libwiiuse.a(wiiboard.o)
                              c:/devkitPro/libogc/lib/wii\libwiiuse.a(io.o) (wii_board_handshake)
c:/devkitPro/libogc/lib/wii\libwiiuse.a(wiiuse.o)
                              c:/devkitPro/libogc/lib/wii\libwiiuse.a(wpad.o) (wiiuse_init)
c:/devkitPro/libogc/lib/wii\libwiiuse.a(speaker.o)
                              c:/devkitPro/libogc/lib/wii\libwiiuse.a(wpad.o) (wencdata)
c:/devkitPro/libogc/lib/wii\libwiiuse.a(classic.o)
                              c:/devkitPro/libogc/lib/wii\libwiiuse.a(io.o) (classic_ctrl_handshake)
c:/devkitPro/libogc/lib/wii\libwiiuse.a(events.o)
                              c:/devkitPro/libogc/lib/wii\libwiiuse.a(io_wii.o) (parse_event)
c:/devkitPro/libogc/lib/wii\libwiiuse.a(guitar_hero_3.o)
                              c:/devkitPro/libogc/lib/wii\libwiiuse.a(io.o) (guitar_hero_3_handshake)
c:/devkitPro/libogc/lib/wii\libbte.a(bte.o)
                              c:/devkitPro/libogc/lib/wii\libwiiuse.a(wpad.o) (BTE_Init)
c:/devkitPro/libogc/lib/wii\libbte.a(hci.o)
                              c:/devkitPro/libogc/lib/wii\libbte.a(bte.o) (hci_init)
c:/devkitPro/libogc/lib/wii\libbte.a(l2cap.o)
                              c:/devkitPro/libogc/lib/wii\libbte.a(bte.o) (l2cap_init)
c:/devkitPro/libogc/lib/wii\libbte.a(btmemb.o)
                              c:/devkitPro/libogc/lib/wii\libbte.a(bte.o) (btmemb_init)
c:/devkitPro/libogc/lib/wii\libbte.a(btmemr.o)
                              c:/devkitPro/libogc/lib/wii\libbte.a(hci.o) (btmemr_init)
c:/devkitPro/libogc/lib/wii\libbte.a(btpbuf.o)
                              c:/devkitPro/libogc/lib/wii\libbte.a(hci.o) (btpbuf_init)
c:/devkitPro/libogc/lib/wii\libbte.a(physbusif.o)
                              c:/devkitPro/libogc/lib/wii\libbte.a(bte.o) (physbusif_init)
c:/devkitPro/libogc/lib/wii\libogc.a(console.o)
                              template.o (CON_Init)
c:/devkitPro/libogc/lib/wii\libogc.a(lwp_queue.o)
                              c:/devkitPro/libogc/lib/wii\libwiiuse.a(io_wii.o) (__lwp_queue_initialize)
c:/devkitPro/libogc/lib/wii\libogc.a(lwp_threads.o)
                              c:/devkitPro/libogc/lib/wii\libwiiuse.a(wpad.o) (_thread_dispatch_disable_level)
c:/devkitPro/libogc/lib/wii\libogc.a(lwp.o)
                              c:/devkitPro/libogc/lib/wii\libbte.a(bte.o) (LWP_InitQueue)
c:/devkitPro/libogc/lib/wii\libogc.a(lwp_handler.o)
                              c:/devkitPro/libogc/lib/wii\libogc.a(lwp_threads.o) (_cpu_context_save_fp)
c:/devkitPro/libogc/lib/wii\libogc.a(lwp_stack.o)
                              c:/devkitPro/libogc/lib/wii\libogc.a(lwp_threads.o) (__lwp_stack_allocate)
c:/devkitPro/libogc/lib/wii\libogc.a(lwp_watchdog.o)
                              c:/devkitPro/libogc/lib/wii\libogc.a(lwp_threads.o) (_wd_ticks_queue)
c:/devkitPro/libogc/lib/wii\libogc.a(lwp_wkspace.o)
                              c:/devkitPro/libogc/lib/wii\libwiiuse.a(motion_plus.o) (__wkspace_heap)
c:/devkitPro/libogc/lib/wii\libogc.a(lwp_objmgr.o)
                              c:/devkitPro/libogc/lib/wii\libogc.a(lwp.o) (__lwp_objmgr_initinfo)
c:/devkitPro/libogc/lib/wii\libogc.a(lwp_heap.o)
                              c:/devkitPro/libogc/lib/wii\libogc.a(lwp_wkspace.o) (__lwp_heap_init)
c:/devkitPro/libogc/lib/wii\libogc.a(sys_state.o)
                              c:/devkitPro/libogc/lib/wii\libogc.a(lwp_threads.o) (_sys_state_curr)
c:/devkitPro/libogc/lib/wii\libogc.a(irq.o)
                              c:/devkitPro/libogc/lib/wii\libwiiuse.a(io_wii.o) (IRQ_Disable)
c:/devkitPro/libogc/lib/wii\libogc.a(video.o)
                              c:/devkitPro/libogc/lib/wii\libogc.a(console.o) (VIDEO_GetCurrentFramebuffer)
c:/devkitPro/libogc/lib/wii\libogc.a(system.o)
                              c:/devkitPro/libogc/lib/wii\libwiiuse.a(wpad.o) (__SYS_DoPowerCB)
[...]
Memory Configuration

Name             Origin             Length             Attributes
*default*        0x00000000         0xffffffff

Linker script and memory map

                0x00003400                . = 0x3400

.stub
 *(.stub)
                0x80004000                . = 0x80004000

.init           0x80004000      0x194
 *crt0.o(*.init)
 .init          0x80004000      0x170 c:/devkitPro/libogc/lib/wii\libogc.a(ogc_crt0.o)
                0x80004000                _start
                0x80004140                _memset
 *(.init)
 .init          0x80004170        0xc c:/devkitpro/devkitppc/bin/../lib/gcc/powerpc-eabi/6.3.0/ecrti.o
                0x80004170                __init
 .init          0x8000417c        0x4 c:/devkitpro/devkitppc/bin/../lib/gcc/powerpc-eabi/6.3.0/crtbegin.o
 .init          0x80004180        0x4 c:/devkitpro/devkitppc/bin/../lib/gcc/powerpc-eabi/6.3.0/crtend.o
 .init          0x80004184       0x10 c:/devkitpro/devkitppc/bin/../lib/gcc/powerpc-eabi/6.3.0/ecrtn.o

.rela.dyn       0x80004194        0x0
 .rela.iplt     0x80004194        0x0 c:/devkitpro/devkitppc/bin/../lib/gcc/powerpc-eabi/6.3.0/crtbegin.o

.plt
 *(.plt)

.interp
 *(.interp)

.hash
 *(.hash)

.dynsym
 *(.dynsym)

.dynstr
 *(.dynstr)

.gnu.version
 *(.gnu.version)

.gnu.version_d
 *(.gnu.version_d)

.gnu.version_r
 *(.gnu.version_r)

.rel.init
 *(.rel.init)

.rela.init      0x80004194        0x0
 *(.rela.init)
 .rela.init     0x80004194        0x0 c:/devkitpro/devkitppc/bin/../lib/gcc/powerpc-eabi/6.3.0/crtbegin.o

.rel.text
 *(.rel.text .rel.text.* .rel.gnu.linkonce.t.*)

.rela.text      0x80004194        0x0
 *(.rela.text .rela.text.* .rela.gnu.linkonce.t.*)
 .rela.text.deregister_tm_clones
                0x80004194        0x0 c:/devkitpro/devkitppc/bin/../lib/gcc/powerpc-eabi/6.3.0/crtbegin.o
 .rela.text.register_tm_clones
                0x80004194        0x0 c:/devkitpro/devkitppc/bin/../lib/gcc/powerpc-eabi/6.3.0/crtbegin.o
 .rela.text.__do_global_dtors_aux
                0x80004194        0x0 c:/devkitpro/devkitppc/bin/../lib/gcc/powerpc-eabi/6.3.0/crtbegin.o
 .rela.text.frame_dummy
                0x80004194        0x0 c:/devkitpro/devkitppc/bin/../lib/gcc/powerpc-eabi/6.3.0/crtbegin.o
 .rela.text.wiiuse_probe_motion_plus_check1
                0x80004194        0x0 c:/devkitpro/devkitppc/bin/../lib/gcc/powerpc-eabi/6.3.0/crtbegin.o
 .rela.text.wiiuse_probe_motion_plus
                0x80004194        0x0 c:/devkitpro/devkitppc/bin/../lib/gcc/powerpc-eabi/6.3.0/crtbegin.o
 .rela.text.wiiuse_handshake
                0x80004194        0x0 c:/devkitpro/devkitppc/bin/../lib/gcc/powerpc-eabi/6.3.0/crtbegin.o
 .rela.text.wiiuse_handshake_expansion
                0x80004194        0x0 c:/devkitpro/devkitppc/bin/../lib/gcc/powerpc-eabi/6.3.0/crtbegin.o
 .rela.text.wiiuse_init_cmd_queue
                0x80004194        0x0 c:/devkitpro/devkitppc/bin/../lib/gcc/powerpc-eabi/6.3.0/crtbegin.o
 .rela.text.wiiuse_init
                0x80004194        0x0 c:/devkitpro/devkitppc/bin/../lib/gcc/powerpc-eabi/6.3.0/crtbegin.o
 .rela.text.bt_alarmhandler
                0x80004194        0x0 c:/devkitpro/devkitppc/bin/../lib/gcc/powerpc-eabi/6.3.0/crtbegin.o
 .rela.text.__console_init
                0x80004194        0x0 c:/devkitpro/devkitppc/bin/../lib/gcc/powerpc-eabi/6.3.0/crtbegin.o
 .rela.text.__console_init_ex
                0x80004194        0x0 c:/devkitpro/devkitppc/bin/../lib/gcc/powerpc-eabi/6.3.0/crtbegin.o
 .rela.text.CON_EnableGecko
                0x80004194        0x0 c:/devkitpro/devkitppc/bin/../lib/gcc/powerpc-eabi/6.3.0/crtbegin.o
 .rela.text.__lwp_rotate_readyqueue
                0x80004194        0x0 c:/devkitpro/devkitppc/bin/../lib/gcc/powerpc-eabi/6.3.0/crtbegin.o
 .rela.text.__lwp_thread_tickle_timeslice
                0x80004194        0x0 c:/devkitpro/devkitppc/bin/../lib/gcc/powerpc-eabi/6.3.0/crtbegin.o
 .rela.text.__lwp_thread_setstate
                0x80004194        0x0 c:/devkitpro/devkitppc/bin/../lib/gcc/powerpc-eabi/6.3.0/crtbegin.o
 .rela.text.__lwp_thread_setpriority
                0x80004194        0x0 c:/devkitpro/devkitppc/bin/../lib/gcc/powerpc-eabi/6.3.0/crtbegin.o
 .rela.text.__lwp_thread_suspend
                0x80004194        0x0 c:/devkitpro/devkitppc/bin/../lib/gcc/powerpc-eabi/6.3.0/crtbegin.o
 .rela.text.__lwp_thread_changepriority
                0x80004194        0x0 c:/devkitpro/devkitppc/bin/../lib/gcc/powerpc-eabi/6.3.0/crtbegin.o
 .rela.text.__lwp_thread_ready
                0x80004194        0x0 c:/devkitpro/devkitppc/bin/../lib/gcc/powerpc-eabi/6.3.0/crtbegin.o
 .rela.text.__lwp_thread_init
                0x80004194        0x0 c:/devkitpro/devkitppc/bin/../lib/gcc/powerpc-eabi/6.3.0/crtbegin.o
 .rela.text.__lwp_thread_close
                0x80004194        0x0 c:/devkitpro/devkitppc/bin/../lib/gcc/powerpc-eabi/6.3.0/crtbegin.o
 .rela.text.__lwp_thread_closeall
                0x80004194        0x0 c:/devkitpro/devkitppc/bin/../lib/gcc/powerpc-eabi/6.3.0/crtbegin.o
 .rela.text.__lwp_thread_startmultitasking
                0x80004194        0x0 c:/devkitpro/devkitppc/bin/../lib/gcc/powerpc-eabi/6.3.0/crtbegin.o
 .rela.text.__lwp_thread_stopmultitasking
                0x80004194        0x0 c:/devkitpro/devkitppc/bin/../lib/gcc/powerpc-eabi/6.3.0/crtbegin.o
 .rela.text.__lwp_thread_coreinit
                0x80004194        0x0 c:/devkitpro/devkitppc/bin/../lib/gcc/powerpc-eabi/6.3.0/crtbegin.o
 .rela.text.__lwp_sysinit
                0x80004194        0x0 c:/devkitpro/devkitppc/bin/../lib/gcc/powerpc-eabi/6.3.0/crtbegin.o
 .rela.text.__lwp_thread_isalive
                0x80004194        0x0 c:/devkitpro/devkitppc/bin/../lib/gcc/powerpc-eabi/6.3.0/crtbegin.o
 .rela.text.__lwp_thread_exists
                0x80004194        0x0 c:/devkitpro/devkitppc/bin/../lib/gcc/powerpc-eabi/6.3.0/crtbegin.o
 .rela.text.__lwp_thread_context
                0x80004194        0x0 c:/devkitpro/devkitppc/bin/../lib/gcc/powerpc-eabi/6.3.0/crtbegin.o
 .rela.text.LWP_CreateThread
                0x80004194        0x0 c:/devkitpro/devkitppc/bin/../lib/gcc/powerpc-eabi/6.3.0/crtbegin.o
 .rela.text.LWP_SuspendThread
                0x80004194        0x0 c:/devkitpro/devkitppc/bin/../lib/gcc/powerpc-eabi/6.3.0/crtbegin.o
 .rela.text.LWP_ResumeThread
                0x80004194        0x0 c:/devkitpro/devkitppc/bin/../lib/gcc/powerpc-eabi/6.3.0/crtbegin.o
 .rela.text.LWP_SetThreadPriority
                0x80004194        0x0 c:/devkitpro/devkitppc/bin/../lib/gcc/powerpc-eabi/6.3.0/crtbegin.o
 .rela.text.LWP_ThreadIsSuspended
                0x80004194        0x0 c:/devkitpro/devkitppc/bin/../lib/gcc/powerpc-eabi/6.3.0/crtbegin.o
 .rela.text.LWP_JoinThread
                0x80004194        0x0 c:/devkitpro/devkitppc/bin/../lib/gcc/powerpc-eabi/6.3.0/crtbegin.o
 .rela.text.LWP_InitQueue
                0x80004194        0x0 c:/devkitpro/devkitppc/bin/../lib/gcc/powerpc-eabi/6.3.0/crtbegin.o
 .rela.text.LWP_CloseQueue
                0x80004194        0x0 c:/devkitpro/devkitppc/bin/../lib/gcc/powerpc-eabi/6.3.0/crtbegin.o
 .rela.text.LWP_ThreadSleep
                0x80004194        0x0 c:/devkitpro/devkitppc/bin/../lib/gcc/powerpc-eabi/6.3.0/crtbegin.o
 .rela.text.LWP_ThreadBroadcast
                0x80004194        0x0 c:/devkitpro/devkitppc/bin/../lib/gcc/powerpc-eabi/6.3.0/crtbegin.o
 .rela.text.LWP_ThreadSignal
                0x80004194        0x0 c:/devkitpro/devkitppc/bin/../lib/gcc/powerpc-eabi/6.3.0/crtbegin.o
 .rela.text.__lwp_stack_allocate
                0x80004194        0x0 c:/devkitpro/devkitppc/bin/../lib/gcc/powerpc-eabi/6.3.0/crtbegin.o
 .rela.text.__lwp_stack_free
                0x80004194        0x0 c:/devkitpro/devkitppc/bin/../lib/gcc/powerpc-eabi/6.3.0/crtbegin.o
 .rela.text.__lwp_watchdog_init
                0x80004194        0x0 c:/devkitpro/devkitppc/bin/../lib/gcc/powerpc-eabi/6.3.0/crtbegin.o
 .rela.text.__lwp_wd_tickle
                0x80004194        0x0 c:/devkitpro/devkitppc/bin/../lib/gcc/powerpc-eabi/6.3.0/crtbegin.o
 .rela.text.__lwp_wkspace_heapfree
                0x80004194        0x0 c:/devkitpro/devkitppc/bin/../lib/gcc/powerpc-eabi/6.3.0/crtbegin.o
 .rela.text.__lwp_wkspace_heapused
                0x80004194        0x0 c:/devkitpro/devkitppc/bin/../lib/gcc/powerpc-eabi/6.3.0/crtbegin.o
 .rela.text.__lwp_wkspace_init
                0x80004194        0x0 c:/devkitpro/devkitppc/bin/../lib/gcc/powerpc-eabi/6.3.0/crtbegin.o
 .rela.text.__lwp_objmgr_initinfo
                0x80004194        0x0 c:/devkitpro/devkitppc/bin/../lib/gcc/powerpc-eabi/6.3.0/crtbegin.o
 .rela.text.__irq_init
                0x80004194        0x0 c:/devkitpro/devkitppc/bin/../lib/gcc/powerpc-eabi/6.3.0/crtbegin.o
 .rela.text.__call_resetfuncs
                0x80004194        0x0 c:/devkitpro/devkitppc/bin/../lib/gcc/powerpc-eabi/6.3.0/crtbegin.o
 .rela.text.__unlocksram
                0x80004194        0x0 c:/devkitpro/devkitppc/bin/../lib/gcc/powerpc-eabi/6.3.0/crtbegin.o
 .rela.text.__sram_writecallback
                0x80004194        0x0 c:/devkitpro/devkitppc/bin/../lib/gcc/powerpc-eabi/6.3.0/crtbegin.o
 .rela.text.__sys_alarmhandler
                0x80004194        0x0 c:/devkitpro/devkitppc/bin/../lib/gcc/powerpc-eabi/6.3.0/crtbegin.o
 .rela.text.__sram_read.constprop.10
                0x80004194        0x0 c:/devkitpro/devkitppc/bin/../lib/gcc/powerpc-eabi/6.3.0/crtbegin.o
 .rela.text.__sram_init
                0x80004194        0x0 c:/devkitpro/devkitppc/bin/../lib/gcc/powerpc-eabi/6.3.0/crtbegin.o
 .rela.text.__SYS_LockSram
                0x80004194        0x0 c:/devkitpro/devkitppc/bin/../lib/gcc/powerpc-eabi/6.3.0/crtbegin.o
 .rela.text.__SYS_LockSramEx
                0x80004194        0x0 c:/devkitpro/devkitppc/bin/../lib/gcc/powerpc-eabi/6.3.0/crtbegin.o
 .rela.text.__SYS_SyncSram
                0x80004194        0x0 c:/devkitpro/devkitppc/bin/../lib/gcc/powerpc-eabi/6.3.0/crtbegin.o
 .rela.text.__SYS_SetBootTime
                0x80004194        0x0 c:/devkitpro/devkitppc/bin/../lib/gcc/powerpc-eabi/6.3.0/crtbegin.o
 .rela.text.SYS_Init
                0x80004194        0x0 c:/devkitpro/devkitppc/bin/../lib/gcc/powerpc-eabi/6.3.0/crtbegin.o
 .rela.text.SYS_SetAlarm
                0x80004194        0x0 c:/devkitpro/devkitppc/bin/../lib/gcc/powerpc-eabi/6.3.0/crtbegin.o
 .rela.text.SYS_SetPeriodicAlarm
                0x80004194        0x0 c:/devkitpro/devkitppc/bin/../lib/gcc/powerpc-eabi/6.3.0/crtbegin.o
 .rela.text.SYS_RemoveAlarm
                0x80004194        0x0 c:/devkitpro/devkitppc/bin/../lib/gcc/powerpc-eabi/6.3.0/crtbegin.o
 .rela.text.SYS_CancelAlarm
                0x80004194        0x0 c:/devkitpro/devkitppc/bin/../lib/gcc/powerpc-eabi/6.3.0/crtbegin.o
 .rela.text.SYS_SetWirelessID
                0x80004194        0x0 c:/devkitpro/devkitppc/bin/../lib/gcc/powerpc-eabi/6.3.0/crtbegin.o
 .rela.text.SYS_GetWirelessID
                0x80004194        0x0 c:/devkitpro/devkitppc/bin/../lib/gcc/powerpc-eabi/6.3.0/crtbegin.o
 .rela.text.__lwp_cond_waitsupp.constprop.4
                0x80004194        0x0 c:/devkitpro/devkitppc/bin/../lib/gcc/powerpc-eabi/6.3.0/crtbegin.o
 .rela.text.__lwp_cond_signalsupp
                0x80004194        0x0 c:/devkitpro/devkitppc/bin/../lib/gcc/powerpc-eabi/6.3.0/crtbegin.o
 .rela.text.__lwp_cond_init
                0x80004194        0x0 c:/devkitpro/devkitppc/bin/../lib/gcc/powerpc-eabi/6.3.0/crtbegin.o
 .rela.text.LWP_CondInit
                0x80004194        0x0 c:/devkitpro/devkitppc/bin/../lib/gcc/powerpc-eabi/6.3.0/crtbegin.o
 .rela.text.LWP_CondDestroy
                0x80004194        0x0 c:/devkitpro/devkitppc/bin/../lib/gcc/powerpc-eabi/6.3.0/crtbegin.o
 .rela.text.c_decrementer_handler
                0x80004194        0x0 c:/devkitpro/devkitppc/bin/../lib/gcc/powerpc-eabi/6.3.0/crtbegin.o
 .rela.text.__lwp_mqbox_init
                0x80004194        0x0 c:/devkitpro/devkitppc/bin/../lib/gcc/powerpc-eabi/6.3.0/crtbegin.o
 .rela.text.MQ_Init
                0x80004194        0x0 c:/devkitpro/devkitppc/bin/../lib/gcc/powerpc-eabi/6.3.0/crtbegin.o
 .rela.text.MQ_Close
                0x80004194        0x0 c:/devkitpro/devkitppc/bin/../lib/gcc/powerpc-eabi/6.3.0/crtbegin.o
 .rela.text.MQ_Send
                0x80004194        0x0 c:/devkitpro/devkitppc/bin/../lib/gcc/powerpc-eabi/6.3.0/crtbegin.o
 .rela.text.MQ_Receive
                0x80004194        0x0 c:/devkitpro/devkitppc/bin/../lib/gcc/powerpc-eabi/6.3.0/crtbegin.o
 .rela.text.MQ_Jam
                0x80004194        0x0 c:/devkitpro/devkitppc/bin/../lib/gcc/powerpc-eabi/6.3.0/crtbegin.o
 .rela.text.__ios_ioctlvformat_parse
                0x80004194        0x0 c:/devkitpro/devkitppc/bin/../lib/gcc/powerpc-eabi/6.3.0/crtbegin.o
 .rela.text.__ioctlvfmtCB
                0x80004194        0x0 c:/devkitpro/devkitppc/bin/../lib/gcc/powerpc-eabi/6.3.0/crtbegin.o
 .rela.text.IOS_IoctlvFormat
                0x80004194        0x0 c:/devkitpro/devkitppc/bin/../lib/gcc/powerpc-eabi/6.3.0/crtbegin.o
 .rela.text.IOS_IoctlvFormatAsync
                0x80004194        0x0 c:/devkitpro/devkitppc/bin/../lib/gcc/powerpc-eabi/6.3.0/crtbegin.o
 .rela.text.nanosleep
                0x80004194        0x0 c:/devkitpro/devkitppc/bin/../lib/gcc/powerpc-eabi/6.3.0/crtbegin.o
 .rela.text.__libc_delete_hook
                0x80004194        0x0 c:/devkitpro/devkitppc/bin/../lib/gcc/powerpc-eabi/6.3.0/crtbegin.o
 .rela.text.__libc_init
                0x80004194        0x0 c:/devkitpro/devkitppc/bin/../lib/gcc/powerpc-eabi/6.3.0/crtbegin.o
 .rela.text.__CheckARGV
                0x80004194        0x0 c:/devkitpro/devkitppc/bin/../lib/gcc/powerpc-eabi/6.3.0/crtbegin.o
 .rela.text.__lwp_priority_init
                0x80004194        0x0 c:/devkitpro/devkitppc/bin/../lib/gcc/powerpc-eabi/6.3.0/crtbegin.o
 .rela.text.__lwp_threadqueue_enqueuefifo
                0x80004194        0x0 c:/devkitpro/devkitppc/bin/../lib/gcc/powerpc-eabi/6.3.0/crtbegin.o
 .rela.text.__lwp_threadqueue_dequeuefifo
                0x80004194        0x0 c:/devkitpro/devkitppc/bin/../lib/gcc/powerpc-eabi/6.3.0/crtbegin.o
 .rela.text.__lwp_threadqueue_enqueuepriority
                0x80004194        0x0 c:/devkitpro/devkitppc/bin/../lib/gcc/powerpc-eabi/6.3.0/crtbegin.o
 .rela.text.__lwp_threadqueue_dequeuepriority
                0x80004194        0x0 c:/devkitpro/devkitppc/bin/../lib/gcc/powerpc-eabi/6.3.0/crtbegin.o
 .rela.text.__lwp_threadqueue_enqueue
                0x80004194        0x0 c:/devkitpro/devkitppc/bin/../lib/gcc/powerpc-eabi/6.3.0/crtbegin.o
 .rela.text.__lwp_threadqueue_extractfifo
                0x80004194        0x0 c:/devkitpro/devkitppc/bin/../lib/gcc/powerpc-eabi/6.3.0/crtbegin.o
 .rela.text.__lwp_threadqueue_extractpriority
                0x80004194        0x0 c:/devkitpro/devkitppc/bin/../lib/gcc/powerpc-eabi/6.3.0/crtbegin.o
 .rela.text.__lwpmq_initialize
                0x80004194        0x0 c:/devkitpro/devkitppc/bin/../lib/gcc/powerpc-eabi/6.3.0/crtbegin.o
 .rela.text.__lwpmq_close
                0x80004194        0x0 c:/devkitpro/devkitppc/bin/../lib/gcc/powerpc-eabi/6.3.0/crtbegin.o
 .rela.text.__systemcall_init
                0x80004194        0x0 c:/devkitpro/devkitppc/bin/../lib/gcc/powerpc-eabi/6.3.0/crtbegin.o
 .rela.text.__exception_init
                0x80004194        0x0 c:/devkitpro/devkitppc/bin/../lib/gcc/powerpc-eabi/6.3.0/crtbegin.o
 .rela.text.__exception_close
                0x80004194        0x0 c:/devkitpro/devkitppc/bin/../lib/gcc/powerpc-eabi/6.3.0/crtbegin.o
 .rela.text.__exception_sethandler
                0x80004194        0x0 c:/devkitpro/devkitppc/bin/../lib/gcc/powerpc-eabi/6.3.0/crtbegin.o
 .rela.text     0x80004194        0x0 c:/devkitpro/devkitppc/bin/../lib/gcc/powerpc-eabi/6.3.0/crtbegin.o
 .rela.text.__lwp_sema_init
                0x80004194        0x0 c:/devkitpro/devkitppc/bin/../lib/gcc/powerpc-eabi/6.3.0/crtbegin.o
 .rela.text.LWP_SemInit
                0x80004194        0x0 c:/devkitpro/devkitppc/bin/../lib/gcc/powerpc-eabi/6.3.0/crtbegin.o
 .rela.text.LWP_SemWait
                0x80004194        0x0 c:/devkitpro/devkitppc/bin/../lib/gcc/powerpc-eabi/6.3.0/crtbegin.o
 .rela.text.LWP_SemPost
                0x80004194        0x0 c:/devkitpro/devkitppc/bin/../lib/gcc/powerpc-eabi/6.3.0/crtbegin.o
 .rela.text.LWP_SemDestroy
                0x80004194        0x0 c:/devkitpro/devkitppc/bin/../lib/gcc/powerpc-eabi/6.3.0/crtbegin.o
 .rela.text.__lwp_mutex_locksupp.constprop.8
                0x80004194        0x0 c:/devkitpro/devkitppc/bin/../lib/gcc/powerpc-eabi/6.3.0/crtbegin.o
 .rela.text.__lwp_mutex_init
                0x80004194        0x0 c:/devkitpro/devkitppc/bin/../lib/gcc/powerpc-eabi/6.3.0/crtbegin.o
 .rela.text.LWP_MutexInit
                0x80004194        0x0 c:/devkitpro/devkitppc/bin/../lib/gcc/powerpc-eabi/6.3.0/crtbegin.o
 .rela.text.LWP_MutexDestroy
                0x80004194        0x0 c:/devkitpro/devkitppc/bin/../lib/gcc/powerpc-eabi/6.3.0/crtbegin.o
 .rela.text.LWP_MutexUnlock
                0x80004194        0x0 c:/devkitpro/devkitppc/bin/../lib/gcc/powerpc-eabi/6.3.0/crtbegin.o
 .rela.text.__GX_InitRevBits
                0x80004194        0x0 c:/devkitpro/devkitppc/bin/../lib/gcc/powerpc-eabi/6.3.0/crtbegin.o
 .rela.text.__GX_CleanGPFifo
                0x80004194        0x0 c:/devkitpro/devkitppc/bin/../lib/gcc/powerpc-eabi/6.3.0/crtbegin.o
 .rela.text.__GXDefTexRegionCallback
                0x80004194        0x0 c:/devkitpro/devkitppc/bin/../lib/gcc/powerpc-eabi/6.3.0/crtbegin.o
 .rela.text.__GXDefTlutRegionCallback
                0x80004194        0x0 c:/devkitpro/devkitppc/bin/../lib/gcc/powerpc-eabi/6.3.0/crtbegin.o
 .rela.text.__SetSURegs
                0x80004194        0x0 c:/devkitpro/devkitppc/bin/../lib/gcc/powerpc-eabi/6.3.0/crtbegin.o
 .rela.text.__GXCPInterruptHandler
                0x80004194        0x0 c:/devkitpro/devkitppc/bin/../lib/gcc/powerpc-eabi/6.3.0/crtbegin.o
 .rela.text.__GX_Abort
                0x80004194        0x0 c:/devkitpro/devkitppc/bin/../lib/gcc/powerpc-eabi/6.3.0/crtbegin.o
 .rela.text.GX_SetTexCoordGen2.part.7
                0x80004194        0x0 c:/devkitpro/devkitppc/bin/../lib/gcc/powerpc-eabi/6.3.0/crtbegin.o
 .rela.text.__GX_SetDirtyState
                0x80004194        0x0 c:/devkitpro/devkitppc/bin/../lib/gcc/powerpc-eabi/6.3.0/crtbegin.o
 .rela.text.GX_SetCPUFifo
                0x80004194        0x0 c:/devkitpro/devkitppc/bin/../lib/gcc/powerpc-eabi/6.3.0/crtbegin.o
 .rela.text.GX_SetGPFifo
                0x80004194        0x0 c:/devkitpro/devkitppc/bin/../lib/gcc/powerpc-eabi/6.3.0/crtbegin.o
 .rela.text.GX_RestoreWriteGatherPipe
                0x80004194        0x0 c:/devkitpro/devkitppc/bin/../lib/gcc/powerpc-eabi/6.3.0/crtbegin.o
 .rela.text.GX_Flush
                0x80004194        0x0 c:/devkitpro/devkitppc/bin/../lib/gcc/powerpc-eabi/6.3.0/crtbegin.o
 .rela.text.GX_RedirectWriteGatherPipe
                0x80004194        0x0 c:/devkitpro/devkitppc/bin/../lib/gcc/powerpc-eabi/6.3.0/crtbegin.o
 .rela.text.__gx_onreset
                0x80004194        0x0 c:/devkitpro/devkitppc/bin/../lib/gcc/powerpc-eabi/6.3.0/crtbegin.o
 .rela.text.GX_EnableBreakPt
                0x80004194        0x0 c:/devkitpro/devkitppc/bin/../lib/gcc/powerpc-eabi/6.3.0/crtbegin.o
 .rela.text.GX_DisableBreakPt
                0x80004194        0x0 c:/devkitpro/devkitppc/bin/../lib/gcc/powerpc-eabi/6.3.0/crtbegin.o
 .rela.text.GX_AbortFrame
                0x80004194        0x0 c:/devkitpro/devkitppc/bin/../lib/gcc/powerpc-eabi/6.3.0/crtbegin.o
 .rela.text.GX_PixModeSync
                0x80004194        0x0 c:/devkitpro/devkitppc/bin/../lib/gcc/powerpc-eabi/6.3.0/crtbegin.o
 .rela.text.GX_SetMisc
                0x80004194        0x0 c:/devkitpro/devkitppc/bin/../lib/gcc/powerpc-eabi/6.3.0/crtbegin.o
 .rela.text.GX_SetCopyClamp
                0x80004194        0x0 c:/devkitpro/devkitppc/bin/../lib/gcc/powerpc-eabi/6.3.0/crtbegin.o
 .rela.text.GX_SetDispCopyGamma
                0x80004194        0x0 c:/devkitpro/devkitppc/bin/../lib/gcc/powerpc-eabi/6.3.0/crtbegin.o
 .rela.text.GX_SetDispCopyFrame2Field
                0x80004194        0x0 c:/devkitpro/devkitppc/bin/../lib/gcc/powerpc-eabi/6.3.0/crtbegin.o
 .rela.text.GX_SetDispCopyYScale
                0x80004194        0x0 c:/devkitpro/devkitppc/bin/../lib/gcc/powerpc-eabi/6.3.0/crtbegin.o
 .rela.text.GX_SetDispCopyDst
                0x80004194        0x0 c:/devkitpro/devkitppc/bin/../lib/gcc/powerpc-eabi/6.3.0/crtbegin.o
 .rela.text.GX_SetDispCopySrc
                0x80004194        0x0 c:/devkitpro/devkitppc/bin/../lib/gcc/powerpc-eabi/6.3.0/crtbegin.o
 .rela.text.GX_CopyDisp
                0x80004194        0x0 c:/devkitpro/devkitppc/bin/../lib/gcc/powerpc-eabi/6.3.0/crtbegin.o
 .rela.text.GX_CopyTex
                0x80004194        0x0 c:/devkitpro/devkitppc/bin/../lib/gcc/powerpc-eabi/6.3.0/crtbegin.o
 .rela.text.GX_SetTexCopySrc
                0x80004194        0x0 c:/devkitpro/devkitppc/bin/../lib/gcc/powerpc-eabi/6.3.0/crtbegin.o
 .rela.text.GX_SetTexCopyDst
                0x80004194        0x0 c:/devkitpro/devkitppc/bin/../lib/gcc/powerpc-eabi/6.3.0/crtbegin.o
 .rela.text.GX_BeginDispList
                0x80004194        0x0 c:/devkitpro/devkitppc/bin/../lib/gcc/powerpc-eabi/6.3.0/crtbegin.o
 .rela.text.GX_EndDispList
                0x80004194        0x0 c:/devkitpro/devkitppc/bin/../lib/gcc/powerpc-eabi/6.3.0/crtbegin.o
 .rela.text.GX_CallDispList
                0x80004194        0x0 c:/devkitpro/devkitppc/bin/../lib/gcc/powerpc-eabi/6.3.0/crtbegin.o
 .rela.text.GX_SetChanCtrl
                0x80004194        0x0 c:/devkitpro/devkitppc/bin/../lib/gcc/powerpc-eabi/6.3.0/crtbegin.o
 .rela.text.GX_SetChanAmbColor
                0x80004194        0x0 c:/devkitpro/devkitppc/bin/../lib/gcc/powerpc-eabi/6.3.0/crtbegin.o
 .rela.text.GX_SetChanMatColor
                0x80004194        0x0 c:/devkitpro/devkitppc/bin/../lib/gcc/powerpc-eabi/6.3.0/crtbegin.o
 .rela.text.GX_SetVtxDesc
                0x80004194        0x0 c:/devkitpro/devkitppc/bin/../lib/gcc/powerpc-eabi/6.3.0/crtbegin.o
 .rela.text.GX_SetVtxDescv
                0x80004194        0x0 c:/devkitpro/devkitppc/bin/../lib/gcc/powerpc-eabi/6.3.0/crtbegin.o
 .rela.text.GX_GetVtxDescv
                0x80004194        0x0 c:/devkitpro/devkitppc/bin/../lib/gcc/powerpc-eabi/6.3.0/crtbegin.o
 .rela.text.GX_SetVtxAttrFmt
                0x80004194        0x0 c:/devkitpro/devkitppc/bin/../lib/gcc/powerpc-eabi/6.3.0/crtbegin.o
 .rela.text.GX_SetVtxAttrFmtv
                0x80004194        0x0 c:/devkitpro/devkitppc/bin/../lib/gcc/powerpc-eabi/6.3.0/crtbegin.o
 .rela.text.GX_Begin
                0x80004194        0x0 c:/devkitpro/devkitppc/bin/../lib/gcc/powerpc-eabi/6.3.0/crtbegin.o
 .rela.text.GX_SetCurrentMtx
                0x80004194        0x0 c:/devkitpro/devkitppc/bin/../lib/gcc/powerpc-eabi/6.3.0/crtbegin.o
 .rela.text.GX_SetNumTexGens
                0x80004194        0x0 c:/devkitpro/devkitppc/bin/../lib/gcc/powerpc-eabi/6.3.0/crtbegin.o
 .rela.text.GX_SetZMode
                0x80004194        0x0 c:/devkitpro/devkitppc/bin/../lib/gcc/powerpc-eabi/6.3.0/crtbegin.o
 .rela.text.GX_LoadTexObjPreloaded
                0x80004194        0x0 c:/devkitpro/devkitppc/bin/../lib/gcc/powerpc-eabi/6.3.0/crtbegin.o
 .rela.text.GX_PreloadEntireTexture
                0x80004194        0x0 c:/devkitpro/devkitppc/bin/../lib/gcc/powerpc-eabi/6.3.0/crtbegin.o
 .rela.text.GX_InvalidateTexAll
                0x80004194        0x0 c:/devkitpro/devkitppc/bin/../lib/gcc/powerpc-eabi/6.3.0/crtbegin.o
 .rela.text.GX_InvalidateTexRegion
                0x80004194        0x0 c:/devkitpro/devkitppc/bin/../lib/gcc/powerpc-eabi/6.3.0/crtbegin.o
 .rela.text.GX_LoadTlut
                0x80004194        0x0 c:/devkitpro/devkitppc/bin/../lib/gcc/powerpc-eabi/6.3.0/crtbegin.o
 .rela.text.GX_SetTexCoordScaleManually
                0x80004194        0x0 c:/devkitpro/devkitppc/bin/../lib/gcc/powerpc-eabi/6.3.0/crtbegin.o
 .rela.text.GX_SetTexCoordCylWrap
                0x80004194        0x0 c:/devkitpro/devkitppc/bin/../lib/gcc/powerpc-eabi/6.3.0/crtbegin.o
 .rela.text.GX_SetTexCoordBias
                0x80004194        0x0 c:/devkitpro/devkitppc/bin/../lib/gcc/powerpc-eabi/6.3.0/crtbegin.o
 .rela.text.GX_SetBlendMode
                0x80004194        0x0 c:/devkitpro/devkitppc/bin/../lib/gcc/powerpc-eabi/6.3.0/crtbegin.o
 .rela.text.GX_ClearVtxDesc
                0x80004194        0x0 c:/devkitpro/devkitppc/bin/../lib/gcc/powerpc-eabi/6.3.0/crtbegin.o
 .rela.text.GX_SetLineWidth
                0x80004194        0x0 c:/devkitpro/devkitppc/bin/../lib/gcc/powerpc-eabi/6.3.0/crtbegin.o
 .rela.text.GX_SetPointSize
                0x80004194        0x0 c:/devkitpro/devkitppc/bin/../lib/gcc/powerpc-eabi/6.3.0/crtbegin.o
 .rela.text.GX_SetTevColorIn
                0x80004194        0x0 c:/devkitpro/devkitppc/bin/../lib/gcc/powerpc-eabi/6.3.0/crtbegin.o
 .rela.text.GX_SetTevAlphaIn
                0x80004194        0x0 c:/devkitpro/devkitppc/bin/../lib/gcc/powerpc-eabi/6.3.0/crtbegin.o
 .rela.text.GX_SetTevColorOp
                0x80004194        0x0 c:/devkitpro/devkitppc/bin/../lib/gcc/powerpc-eabi/6.3.0/crtbegin.o
 .rela.text.GX_SetTevAlphaOp
                0x80004194        0x0 c:/devkitpro/devkitppc/bin/../lib/gcc/powerpc-eabi/6.3.0/crtbegin.o
 .rela.text.GX_SetTevOp
                0x80004194        0x0 c:/devkitpro/devkitppc/bin/../lib/gcc/powerpc-eabi/6.3.0/crtbegin.o
 .rela.text.GX_SetCullMode
                0x80004194        0x0 c:/devkitpro/devkitppc/bin/../lib/gcc/powerpc-eabi/6.3.0/crtbegin.o
 .rela.text.GX_SetCoPlanar
                0x80004194        0x0 c:/devkitpro/devkitppc/bin/../lib/gcc/powerpc-eabi/6.3.0/crtbegin.o
 .rela.text.GX_EnableTexOffsets
                0x80004194        0x0 c:/devkitpro/devkitppc/bin/../lib/gcc/powerpc-eabi/6.3.0/crtbegin.o
 .rela.text.GX_SetScissor
                0x80004194        0x0 c:/devkitpro/devkitppc/bin/../lib/gcc/powerpc-eabi/6.3.0/crtbegin.o
 .rela.text.GX_SetNumChans
                0x80004194        0x0 c:/devkitpro/devkitppc/bin/../lib/gcc/powerpc-eabi/6.3.0/crtbegin.o
 .rela.text.GX_SetTevOrder
                0x80004194        0x0 c:/devkitpro/devkitppc/bin/../lib/gcc/powerpc-eabi/6.3.0/crtbegin.o
 .rela.text.GX_SetNumTevStages
                0x80004194        0x0 c:/devkitpro/devkitppc/bin/../lib/gcc/powerpc-eabi/6.3.0/crtbegin.o
 .rela.text.GX_SetTevKColorSel
                0x80004194        0x0 c:/devkitpro/devkitppc/bin/../lib/gcc/powerpc-eabi/6.3.0/crtbegin.o
 .rela.text.GX_SetTevKAlphaSel
                0x80004194        0x0 c:/devkitpro/devkitppc/bin/../lib/gcc/powerpc-eabi/6.3.0/crtbegin.o
 .rela.text.GX_SetTevSwapMode
                0x80004194        0x0 c:/devkitpro/devkitppc/bin/../lib/gcc/powerpc-eabi/6.3.0/crtbegin.o
 .rela.text.GX_SetTevSwapModeTable
                0x80004194        0x0 c:/devkitpro/devkitppc/bin/../lib/gcc/powerpc-eabi/6.3.0/crtbegin.o
 .rela.text.GX_SetNumIndStages
                0x80004194        0x0 c:/devkitpro/devkitppc/bin/../lib/gcc/powerpc-eabi/6.3.0/crtbegin.o
 .rela.text.GX_SetIndTexCoordScale
                0x80004194        0x0 c:/devkitpro/devkitppc/bin/../lib/gcc/powerpc-eabi/6.3.0/crtbegin.o
 .rela.text.GX_SetColorUpdate
                0x80004194        0x0 c:/devkitpro/devkitppc/bin/../lib/gcc/powerpc-eabi/6.3.0/crtbegin.o
 .rela.text.GX_SetAlphaUpdate
                0x80004194        0x0 c:/devkitpro/devkitppc/bin/../lib/gcc/powerpc-eabi/6.3.0/crtbegin.o
 .rela.text.GX_SetZCompLoc
                0x80004194        0x0 c:/devkitpro/devkitppc/bin/../lib/gcc/powerpc-eabi/6.3.0/crtbegin.o
 .rela.text.GX_SetPixelFmt
                0x80004194        0x0 c:/devkitpro/devkitppc/bin/../lib/gcc/powerpc-eabi/6.3.0/crtbegin.o
 .rela.text.GX_SetDither
                0x80004194        0x0 c:/devkitpro/devkitppc/bin/../lib/gcc/powerpc-eabi/6.3.0/crtbegin.o
 .rela.text.GX_SetDstAlpha
                0x80004194        0x0 c:/devkitpro/devkitppc/bin/../lib/gcc/powerpc-eabi/6.3.0/crtbegin.o
 .rela.text.GX_SetFieldMode
                0x80004194        0x0 c:/devkitpro/devkitppc/bin/../lib/gcc/powerpc-eabi/6.3.0/crtbegin.o
 .rela.text.GX_SetIndTexOrder
                0x80004194        0x0 c:/devkitpro/devkitppc/bin/../lib/gcc/powerpc-eabi/6.3.0/crtbegin.o
 .rela.text.GX_SetGPMetric
                0x80004194        0x0 c:/devkitpro/devkitppc/bin/../lib/gcc/powerpc-eabi/6.3.0/crtbegin.o
 .rela.text.GX_Init
                0x80004194        0x0 c:/devkitpro/devkitppc/bin/../lib/gcc/powerpc-eabi/6.3.0/crtbegin.o
 .rela.text.GX_ReadGPMetric
                0x80004194        0x0 c:/devkitpro/devkitppc/bin/../lib/gcc/powerpc-eabi/6.3.0/crtbegin.o
 .rela.text.kprintf
                0x80004194        0x0 c:/devkitpro/devkitppc/bin/../lib/gcc/powerpc-eabi/6.3.0/crtbegin.o
 .rela.text.atangent
                0x80004194        0x0 c:/devkitpro/devkitppc/bin/../lib/gcc/powerpc-eabi/6.3.0/crtbegin.o
 .rela.text.atangentf
                0x80004194        0x0 c:/devkitpro/devkitppc/bin/../lib/gcc/powerpc-eabi/6.3.0/crtbegin.o
 .rela.text.sinef
                0x80004194        0x0 c:/devkitpro/devkitppc/bin/../lib/gcc/powerpc-eabi/6.3.0/crtbegin.o
 .rela.text.sqrtf
                0x80004194        0x0 c:/devkitpro/devkitppc/bin/../lib/gcc/powerpc-eabi/6.3.0/crtbegin.o
 .rela.text._exit
                0x80004194        0x0 c:/devkitpro/devkitppc/bin/../lib/gcc/powerpc-eabi/6.3.0/crtbegin.o
 .rela.text.calloc
                0x80004194        0x0 c:/devkitpro/devkitppc/bin/../lib/gcc/powerpc-eabi/6.3.0/crtbegin.o
 .rela.text.__errno
                0x80004194        0x0 c:/devkitpro/devkitppc/bin/../lib/gcc/powerpc-eabi/6.3.0/crtbegin.o
 .rela.text.exit
                0x80004194        0x0 c:/devkitpro/devkitppc/bin/../lib/gcc/powerpc-eabi/6.3.0/crtbegin.o
 .rela.text.fprintf
                0x80004194        0x0 c:/devkitpro/devkitppc/bin/../lib/gcc/powerpc-eabi/6.3.0/crtbegin.o
 .rela.text._malloc_trim_r
                0x80004194        0x0 c:/devkitpro/devkitppc/bin/../lib/gcc/powerpc-eabi/6.3.0/crtbegin.o
 .rela.text._free_r
                0x80004194        0x0 c:/devkitpro/devkitppc/bin/../lib/gcc/powerpc-eabi/6.3.0/crtbegin.o
 .rela.text.fwrite
                0x80004194        0x0 c:/devkitpro/devkitppc/bin/../lib/gcc/powerpc-eabi/6.3.0/crtbegin.o
 .rela.text.__loadlocale
                0x80004194        0x0 c:/devkitpro/devkitppc/bin/../lib/gcc/powerpc-eabi/6.3.0/crtbegin.o
 .rela.text._dtoa_r
                0x80004194        0x0 c:/devkitpro/devkitppc/bin/../lib/gcc/powerpc-eabi/6.3.0/crtbegin.o
 .rela.text._cleanup_r
                0x80004194        0x0 c:/devkitpro/devkitppc/bin/../lib/gcc/powerpc-eabi/6.3.0/crtbegin.o
 .rela.text.std.isra.0
                0x80004194        0x0 c:/devkitpro/devkitppc/bin/../lib/gcc/powerpc-eabi/6.3.0/crtbegin.o
 .rela.text._cleanup
                0x80004194        0x0 c:/devkitpro/devkitppc/bin/../lib/gcc/powerpc-eabi/6.3.0/crtbegin.o
 .rela.text._findenv_r
                0x80004194        0x0 c:/devkitpro/devkitppc/bin/../lib/gcc/powerpc-eabi/6.3.0/crtbegin.o

.rel.fini
 *(.rel.fini)

.rela.fini
 *(.rela.fini)

.rel.rodata
 *(.rel.rodata .rel.rodata.* .rel.gnu.linkonce.r.*)

.rela.rodata    0x80004194        0x0
 *(.rela.rodata .rela.rodata.* .rela.gnu.linkonce.r.*)
 .rela.rodata.__C_locale
                0x80004194        0x0 c:/devkitpro/devkitppc/bin/../lib/gcc/powerpc-eabi/6.3.0/crtbegin.o

.rel.data
 *(.rel.data .rel.data.* .rel.gnu.linkonce.d.*)

.rela.data      0x80004194        0x0
 *(.rela.data .rela.data.* .rela.gnu.linkonce.d.*)
 .rela.data.__global_locale
                0x80004194        0x0 c:/devkitpro/devkitppc/bin/../lib/gcc/powerpc-eabi/6.3.0/crtbegin.o

.rel.tdata
 *(.rel.tdata .rel.tdata.* .rel.gnu.linkonce.td.*)

.rela.tdata
 *(.rela.tdata .rela.tdata.* .rela.gnu.linkonce.td.*)

.rel.tbss
 *(.rel.tbss .rel.tbss.* .rel.gnu.linkonce.tb.*)

.rela.tbss
 *(.rela.tbss .rela.tbss.* .rela.gnu.linkonce.tb.*)

.rel.ctors
 *(.rel.ctors)

.rela.ctors
 *(.rela.ctors)

.rel.dtors
 *(.rel.dtors)

.rela.dtors
 *(.rela.dtors)

.rel.got
 *(.rel.got)

.rela.got
 *(.rela.got)

.rela.got1
 *(.rela.got1)

.rela.got2      0x80004194        0x0
 *(.rela.got2)
 .rela.got2     0x80004194        0x0 c:/devkitpro/devkitppc/bin/../lib/gcc/powerpc-eabi/6.3.0/crtbegin.o

.rel.sdata
 *(.rel.sdata .rel.sdata.* .rel.gnu.linkonce.s.*)

.rela.sdata
 *(.rela.sdata .rela.sdata.* .rela.gnu.linkonce.s.*)

.rel.sbss
 *(.rel.sbss .rel.sbss.* .rel.gnu.linkonce.sb.*)

.rela.sbss
 *(.rela.sbss .rela.sbss.* .rel.gnu.linkonce.sb.*)

.rel.sdata2
 *(.rel.sdata2 .rel.sdata2.* .rel.gnu.linkonce.s2.*)

.rela.sdata2    0x80004194        0x0
 *(.rela.sdata2 .rela.sdata2.* .rela.gnu.linkonce.s2.*)
 .rela.sdata2.__sys_inIPL
                0x80004194        0x0 c:/devkitpro/devkitppc/bin/../lib/gcc/powerpc-eabi/6.3.0/crtbegin.o

.rel.sbss2
 *(.rel.sbss2 .rel.sbss2.* .rel.gnu.linkonce.sb2.*)

.rela.sbss2
 *(.rela.sbss2 .rela.sbss2.* .rela.gnu.linkonce.sb2.*)

.rel.bss
 *(.rel.bss .rel.bss.* .rel.gnu.linkonce.b.*)

.rela.bss
 *(.rela.bss .rela.bss.* .rela.gnu.linkonce.b.*)

.rel.plt
 *(.rel.plt)

.rela.plt
 *(.rela.plt)

.text           0x800041a0    0x34080
 *(.text)
 .text          0x800041a0      0x44c c:/devkitPro/libogc/lib/wii\libogc.a(lwp_handler.o)
                0x800041a0                _cpu_context_save_fp
                0x800042e0                _cpu_context_restore_fp
                0x80004420                _cpu_context_switch
                0x80004500                _cpu_context_save
                0x80004580                _cpu_context_restore
 .text          0x800045ec      0x4a0 c:/devkitPro/libogc/lib/wii\libogc.a(system_asm.o)
                0x800045ec                __realmode
                0x80004604                __configBATS
                0x80004734                __InitFPRS
                0x80004860                __InitPS
                0x800048bc                __InitCache
                0x80004914                __InitSystem
                0x8000499c                __flush_cache
                0x800049d0                __reset
                0x80004a40                __InitBATS
                0x80004a5c                SYS_SwitchFiber
 .text          0x80004a8c      0x1ac c:/devkitPro/libogc/lib/wii\libogc.a(irq_handler.o)
                0x80004a8c                irq_exceptionhandler
 .text          0x80004c38      0x4f4 c:/devkitPro/libogc/lib/wii\libogc.a(cache_asm.o)
                0x80004c38                DCFlashInvalidate
                0x80004c4c                DCEnable
                0x80004c60                DCDisable
                0x80004c74                DCFreeze
                0x80004c88                DCUnfreeze
                0x80004c9c                DCTouchLoad
                0x80004ca4                DCBlockZero
                0x80004cac                DCBlockStore
                0x80004cb4                DCBlockFlush
                0x80004cbc                DCBlockInvalidate
                0x80004cc4                DCInvalidateRange
                0x80004cf4                DCFlushRange
                0x80004d28                DCStoreRange
                0x80004d5c                DCFlushRangeNoSync
                0x80004d8c                DCStoreRangeNoSync
                0x80004dbc                DCZeroRange
                0x80004dec                DCTouchRange
                0x80004e1c                ICInvalidateRange
                0x80004e54                ICFlashInvalidate
                0x80004e68                ICEnable
                0x80004e7c                ICDisable
                0x80004e90                ICFreeze
                0x80004ea4                ICUnfreeze
                0x80004eb8                ICBlockInvalidate
                0x80004ec0                ICSync
                0x80004ec8                L2Init
                0x80004f10                L2Enable
                0x80004f2c                L2Disable
                0x80004f44                L2GlobalInvalidate
                0x80004f9c                __LCEnable
                0x80005068                LCDisable
                0x80005090                LCAllocOneTag
                0x800050a4                LCAllocTags
                0x800050e4                LCLoadBlocks
                0x80005108                LCStoreBlocks
 .text          0x8000512c      0x1ac c:/devkitPro/libogc/lib/wii\libogc.a(decrementer_handler.o)
                0x8000512c                dec_exceptionhandler
 .text          0x800052d8      0x35c c:/devkitPro/libogc/lib/wii\libogc.a(exception_handler.o)
                0x800052d8                exceptionhandler_start
                0x80005354                exceptionhandler_patch
                0x80005388                exceptionhandler_end
                0x8000538c                default_exceptionhandler
                0x800054bc                fpu_exceptionhandler
                0x80005604                systemcallhandler_start
                0x80005630                systemcallhandler_end
 .text          0x80005634       0x48 c:/devkitpro/devkitppc/bin/../lib/gcc/powerpc-eabi/6.3.0\libgcc.a(eabi.o)
                0x80005634                __eabi
 *(.text.*)
 .text.deregister_tm_clones
                0x8000567c       0x38 c:/devkitpro/devkitppc/bin/../lib/gcc/powerpc-eabi/6.3.0/crtbegin.o
 .text.register_tm_clones
                0x800056b4       0x3c c:/devkitpro/devkitppc/bin/../lib/gcc/powerpc-eabi/6.3.0/crtbegin.o
 .text.__do_global_dtors_aux
                0x800056f0       0xd4 c:/devkitpro/devkitppc/bin/../lib/gcc/powerpc-eabi/6.3.0/crtbegin.o
 .text.frame_dummy
                0x800057c4       0x74 c:/devkitpro/devkitppc/bin/../lib/gcc/powerpc-eabi/6.3.0/crtbegin.o
 .text.__crtmain
                0x80005838       0x44 c:/devkitpro/devkitppc/bin/../lib/gcc/powerpc-eabi/6.3.0/../../../../powerpc-eabi/lib/crtmain.o
                0x8000583c                __crtmain
 .text.startup.main
                0x8000587c       0xdc template.o
                0x8000587c                main
 .text.__wpad_assign_slot
                0x80005958      0x20c c:/devkitPro/libogc/lib/wii\libwiiuse.a(wpad.o)
                0x80005958                __wpad_assign_slot
 .text.__wpad_def_powcb
                0x80005b64        0x4 c:/devkitPro/libogc/lib/wii\libwiiuse.a(wpad.o)
 .text.__wpad_disconnect
                0x80005b68       0x4c c:/devkitPro/libogc/lib/wii\libwiiuse.a(wpad.o)
 .text.__readlinkkey_finished
                0x80005bb4       0x34 c:/devkitPro/libogc/lib/wii\libwiiuse.a(wpad.o)
 .text.__wpad_patch_finished
                0x80005be8       0x2c c:/devkitPro/libogc/lib/wii\libwiiuse.a(wpad.o)
 .text.__wpad_setfmt
                0x80005c14      0x124 c:/devkitPro/libogc/lib/wii\libwiiuse.a(wpad.o)
 .text.__wpad_eventCB
                0x80005d38      0xa48 c:/devkitPro/libogc/lib/wii\libwiiuse.a(wpad.o)
 .text.__wpad_disconnectCB
                0x80006780       0xd4 c:/devkitPro/libogc/lib/wii\libwiiuse.a(wpad.o)
                0x80006780                __wpad_disconnectCB
 .text.__wpad_timeouthandler
                0x80006854       0xb0 c:/devkitPro/libogc/lib/wii\libwiiuse.a(wpad.o)
 .text.__initcore_finished
                0x80006904       0x48 c:/devkitPro/libogc/lib/wii\libwiiuse.a(wpad.o)
 .text.__wpad_init_finished
                0x8000694c      0x1d0 c:/devkitPro/libogc/lib/wii\libwiiuse.a(wpad.o)
 .text.WPAD_ReadEvent
                0x80006b1c      0x64c c:/devkitPro/libogc/lib/wii\libwiiuse.a(wpad.o)
                0x80006b1c                WPAD_ReadEvent
 .text.WPAD_ReadPending
                0x80007168      0x188 c:/devkitPro/libogc/lib/wii\libwiiuse.a(wpad.o)
                0x80007168                WPAD_ReadPending
 .text.WPAD_ReadPending.part.5
                0x800072f0       0x68 c:/devkitPro/libogc/lib/wii\libwiiuse.a(wpad.o)
 .text.WPAD_Shutdown
                0x80007358       0xcc c:/devkitPro/libogc/lib/wii\libwiiuse.a(wpad.o)
                0x80007358                WPAD_Shutdown
 .text.WPAD_Init
                0x80007424      0x294 c:/devkitPro/libogc/lib/wii\libwiiuse.a(wpad.o)
                0x80007424                WPAD_Init
 .text.__wpad_onreset
                0x800076b8       0x34 c:/devkitPro/libogc/lib/wii\libwiiuse.a(wpad.o)
 .text.WPAD_ScanPads
                0x800076ec        0x8 c:/devkitPro/libogc/lib/wii\libwiiuse.a(wpad.o)
                0x800076ec                WPAD_ScanPads
 .text.WPAD_ButtonsDown
                0x800076f4       0x28 c:/devkitPro/libogc/lib/wii\libwiiuse.a(wpad.o)
                0x800076f4                WPAD_ButtonsDown
 .text.motion_plus_disconnected
                0x8000771c       0x10 c:/devkitPro/libogc/lib/wii\libwiiuse.a(motion_plus.o)
                0x8000771c                motion_plus_disconnected
 .text.motion_plus_event
                0x8000772c       0x64 c:/devkitPro/libogc/lib/wii\libwiiuse.a(motion_plus.o)
                0x8000772c                motion_plus_event
 .text.apply_smoothing.part.0
                0x80007790       0x8c c:/devkitPro/libogc/lib/wii\libwiiuse.a(dynamics.o)
 .text.calculate_gforce
                0x8000781c      0x114 c:/devkitPro/libogc/lib/wii\libwiiuse.a(dynamics.o)
                0x8000781c                calculate_gforce
 .text.calc_joystick_state
                0x80007930      0x20c c:/devkitPro/libogc/lib/wii\libwiiuse.a(dynamics.o)
                0x80007930                calc_joystick_state
 .text.apply_smoothing
                0x80007b3c       0xa8 c:/devkitPro/libogc/lib/wii\libwiiuse.a(dynamics.o)
                0x80007b3c                apply_smoothing
 .text.calculate_orientation
                0x80007be4      0x2f0 c:/devkitPro/libogc/lib/wii\libwiiuse.a(dynamics.o)
                0x80007be4                calculate_orientation
 .text.calc_balanceboard_state
                0x80007ed4      0x3a4 c:/devkitPro/libogc/lib/wii\libwiiuse.a(dynamics.o)
                0x80007ed4                calc_balanceboard_state
 .text.wiiuse_handshake
                0x80008278      0x1fc c:/devkitPro/libogc/lib/wii\libwiiuse.a(io.o)
                0x80008278                wiiuse_handshake
 .text.wiiuse_handshake_expansion
                0x80008474      0x228 c:/devkitPro/libogc/lib/wii\libwiiuse.a(io.o)
                0x80008474                wiiuse_handshake_expansion
 .text.wiiuse_handshake_expansion_start
                0x8000869c       0x24 c:/devkitPro/libogc/lib/wii\libwiiuse.a(io.o)
                0x8000869c                wiiuse_handshake_expansion_start
 .text.wiiuse_disable_expansion
                0x800086c0      0x1b0 c:/devkitPro/libogc/lib/wii\libwiiuse.a(io.o)
                0x800086c0                wiiuse_disable_expansion
 .text.__wiiuse_connected
                0x80008870       0x9c c:/devkitPro/libogc/lib/wii\libwiiuse.a(io_wii.o)
 .text.__wiiuse_disconnected
                0x8000890c       0xb4 c:/devkitPro/libogc/lib/wii\libwiiuse.a(io_wii.o)
 .text.__wiiuse_receive
                0x800089c0       0xbc c:/devkitPro/libogc/lib/wii\libwiiuse.a(io_wii.o)
 .text.__wiiuse_sensorbar_enable
                0x80008a7c       0x54 c:/devkitPro/libogc/lib/wii\libwiiuse.a(io_wii.o)
                0x80008a7c                __wiiuse_sensorbar_enable
 .text.wiiuse_register
                0x80008ad0       0xe4 c:/devkitPro/libogc/lib/wii\libwiiuse.a(io_wii.o)
                0x80008ad0                wiiuse_register
 .text.wiiuse_disconnect
                0x80008bb4       0x24 c:/devkitPro/libogc/lib/wii\libwiiuse.a(io_wii.o)
                0x80008bb4                wiiuse_disconnect
 .text.wiiuse_init_cmd_queue
                0x80008bd8       0xa4 c:/devkitPro/libogc/lib/wii\libwiiuse.a(io_wii.o)
                0x80008bd8                wiiuse_init_cmd_queue
 .text.wiiuse_io_write
                0x80008c7c       0x1c c:/devkitPro/libogc/lib/wii\libwiiuse.a(io_wii.o)
                0x80008c7c                wiiuse_io_write
 .text.get_ir_sens.isra.0
                0x80008c98       0xe4 c:/devkitPro/libogc/lib/wii\libwiiuse.a(ir.o)
 .text.rotate_dots
                0x80008d7c      0x11c c:/devkitPro/libogc/lib/wii\libwiiuse.a(ir.o)
 .text.wiiuse_set_ir_mode
                0x80008e98       0x88 c:/devkitPro/libogc/lib/wii\libwiiuse.a(ir.o)
                0x80008e98                wiiuse_set_ir_mode
 .text.wiiuse_set_ir
                0x80008f20      0x228 c:/devkitPro/libogc/lib/wii\libwiiuse.a(ir.o)
                0x80008f20                wiiuse_set_ir
 .text.wiiuse_set_ir_position
                0x80009148       0x84 c:/devkitPro/libogc/lib/wii\libwiiuse.a(ir.o)
                0x80009148                wiiuse_set_ir_position
 .text.wiiuse_set_aspect_ratio
                0x800091cc       0x44 c:/devkitPro/libogc/lib/wii\libwiiuse.a(ir.o)
                0x800091cc                wiiuse_set_aspect_ratio
 .text.wiiuse_set_ir_sensitivity
                0x80009210      0x138 c:/devkitPro/libogc/lib/wii\libwiiuse.a(ir.o)
                0x80009210                wiiuse_set_ir_sensitivity
 .text.calculate_basic_ir
                0x80009348       0xec c:/devkitPro/libogc/lib/wii\libwiiuse.a(ir.o)
                0x80009348                calculate_basic_ir
 .text.calculate_extended_ir
                0x80009434       0x70 c:/devkitPro/libogc/lib/wii\libwiiuse.a(ir.o)
                0x80009434                calculate_extended_ir
 .text.find_sensorbar
                0x800094a4      0x940 c:/devkitPro/libogc/lib/wii\libwiiuse.a(ir.o)
                0x800094a4                find_sensorbar
 .text.apply_ir_smoothing
                0x80009de4      0x100 c:/devkitPro/libogc/lib/wii\libwiiuse.a(ir.o)
                0x80009de4                apply_ir_smoothing
 .text.interpret_ir_data
                0x80009ee4      0x3cc c:/devkitPro/libogc/lib/wii\libwiiuse.a(ir.o)
                0x80009ee4                interpret_ir_data
 .text.nunchuk_handshake
                0x8000a2b0      0x2d8 c:/devkitPro/libogc/lib/wii\libwiiuse.a(nunchuk.o)
                0x8000a2b0                nunchuk_handshake
 .text.nunchuk_disconnected
                0x8000a588        0xc c:/devkitPro/libogc/lib/wii\libwiiuse.a(nunchuk.o)
                0x8000a588                nunchuk_disconnected
 .text.nunchuk_event
                0x8000a594       0xe0 c:/devkitPro/libogc/lib/wii\libwiiuse.a(nunchuk.o)
                0x8000a594                nunchuk_event
 .text.wii_board_handshake
                0x8000a674      0x2a4 c:/devkitPro/libogc/lib/wii\libwiiuse.a(wiiboard.o)
                0x8000a674                wii_board_handshake
 .text.wii_board_disconnected
                0x8000a918        0xc c:/devkitPro/libogc/lib/wii\libwiiuse.a(wiiboard.o)
                0x8000a918                wii_board_disconnected
 .text.wii_board_event
                0x8000a924       0x54 c:/devkitPro/libogc/lib/wii\libwiiuse.a(wiiboard.o)
                0x8000a924                wii_board_event
 .text.wiiuse_send_next_command
                0x8000a978       0x50 c:/devkitPro/libogc/lib/wii\libwiiuse.a(wiiuse.o)
                0x8000a978                wiiuse_send_next_command
 .text.wiiuse_init
                0x8000a9c8      0x1d4 c:/devkitPro/libogc/lib/wii\libwiiuse.a(wiiuse.o)
                0x8000a9c8                wiiuse_init
 .text.wiiuse_set_flags
                0x8000ab9c       0x24 c:/devkitPro/libogc/lib/wii\libwiiuse.a(wiiuse.o)
                0x8000ab9c                wiiuse_set_flags
 .text.wiiuse_read_data
                0x8000abc0      0x140 c:/devkitPro/libogc/lib/wii\libwiiuse.a(wiiuse.o)
                0x8000abc0                wiiuse_read_data
 .text.wiiuse_write_data
                0x8000ad00      0x184 c:/devkitPro/libogc/lib/wii\libwiiuse.a(wiiuse.o)
                0x8000ad00                wiiuse_write_data
 .text.wiiuse_sendcmd
                0x8000ae84      0x154 c:/devkitPro/libogc/lib/wii\libwiiuse.a(wiiuse.o)
                0x8000ae84                wiiuse_sendcmd
 .text.wiiuse_set_report_type
                0x8000afd8      0x144 c:/devkitPro/libogc/lib/wii\libwiiuse.a(wiiuse.o)
                0x8000afd8                wiiuse_set_report_type
 .text.wiiuse_motion_sensing
                0x8000b11c       0x7c c:/devkitPro/libogc/lib/wii\libwiiuse.a(wiiuse.o)
                0x8000b11c                wiiuse_motion_sensing
 .text.wiiuse_status
                0x8000b198       0x4c c:/devkitPro/libogc/lib/wii\libwiiuse.a(wiiuse.o)
                0x8000b198                wiiuse_status
 .text.wiiuse_set_leds
                0x8000b1e4       0x50 c:/devkitPro/libogc/lib/wii\libwiiuse.a(wiiuse.o)
                0x8000b1e4                wiiuse_set_leds
 .text.wiiuse_set_speaker
                0x8000b234      0x25c c:/devkitPro/libogc/lib/wii\libwiiuse.a(speaker.o)
                0x8000b234                wiiuse_set_speaker
 .text.classic_ctrl_handshake
                0x8000b490      0x2b4 c:/devkitPro/libogc/lib/wii\libwiiuse.a(classic.o)
                0x8000b490                classic_ctrl_handshake
 .text.classic_ctrl_disconnected
                0x8000b744        0xc c:/devkitPro/libogc/lib/wii\libwiiuse.a(classic.o)
                0x8000b744                classic_ctrl_disconnected
 .text.classic_ctrl_event
                0x8000b750      0x164 c:/devkitPro/libogc/lib/wii\libwiiuse.a(classic.o)
                0x8000b750                classic_ctrl_event
 .text.handle_expansion
                0x8000b8b4       0x54 c:/devkitPro/libogc/lib/wii\libwiiuse.a(events.o)
 .text.parse_event
                0x8000b908      0x710 c:/devkitPro/libogc/lib/wii\libwiiuse.a(events.o)
                0x8000b908                parse_event
 .text.guitar_hero_3_handshake
                0x8000c018       0x70 c:/devkitPro/libogc/lib/wii\libwiiuse.a(guitar_hero_3.o)
                0x8000c018                guitar_hero_3_handshake
 .text.guitar_hero_3_disconnected
                0x8000c088        0xc c:/devkitPro/libogc/lib/wii\libwiiuse.a(guitar_hero_3.o)
                0x8000c088                guitar_hero_3_disconnected
 .text.guitar_hero_3_event
                0x8000c094       0x64 c:/devkitPro/libogc/lib/wii\libwiiuse.a(guitar_hero_3.o)
                0x8000c094                guitar_hero_3_event
 .text.bt_alarmhandler
                0x8000c0f8       0x60 c:/devkitPro/libogc/lib/wii\libbte.a(bte.o)
 .text.__bte_send_pending_request
                0x8000c158      0x114 c:/devkitPro/libogc/lib/wii\libbte.a(bte.o)
 .text.acl_conn_complete
                0x8000c26c       0x2c c:/devkitPro/libogc/lib/wii\libbte.a(bte.o)
                0x8000c26c                acl_conn_complete
 .text.l2cap_disconnected_ind
                0x8000c298      0x180 c:/devkitPro/libogc/lib/wii\libbte.a(bte.o)
                0x8000c298                l2cap_disconnected_ind
 .text.bte_process_input
                0x8000c418      0x13c c:/devkitPro/libogc/lib/wii\libbte.a(bte.o)
 .text.l2cap_accepted
                0x8000c554      0x110 c:/devkitPro/libogc/lib/wii\libbte.a(bte.o)
                0x8000c554                l2cap_accepted
 .text.acl_wlp_completed
                0x8000c664        0x8 c:/devkitPro/libogc/lib/wii\libbte.a(bte.o)
                0x8000c664                acl_wlp_completed
 .text.l2cap_disconnect_cfm
                0x8000c66c      0x180 c:/devkitPro/libogc/lib/wii\libbte.a(bte.o)
                0x8000c66c                l2cap_disconnect_cfm
 .text.__bte_shutdown_finished
                0x8000c7ec       0xd8 c:/devkitPro/libogc/lib/wii\libbte.a(bte.o)
 .text.bte_hci_apply_patch_complete
                0x8000c8c4      0x154 c:/devkitPro/libogc/lib/wii\libbte.a(bte.o)
                0x8000c8c4                bte_hci_apply_patch_complete
 .text.bte_hci_initsub_complete
                0x8000ca18      0x234 c:/devkitPro/libogc/lib/wii\libbte.a(bte.o)
                0x8000ca18                bte_hci_initsub_complete
 .text.bte_hci_initcore_complete
                0x8000cc4c      0x1f0 c:/devkitPro/libogc/lib/wii\libbte.a(bte.o)
                0x8000cc4c                bte_hci_initcore_complete
 .text.bte_read_stored_link_key_complete
                0x8000ce3c      0x278 c:/devkitPro/libogc/lib/wii\libbte.a(bte.o)
                0x8000ce3c                bte_read_stored_link_key_complete
 .text.bte_hci_initcore_complete2
                0x8000d0b4      0x1e8 c:/devkitPro/libogc/lib/wii\libbte.a(bte.o)
                0x8000d0b4                bte_hci_initcore_complete2
 .text.bte_hci_patch_complete
                0x8000d29c      0x2e0 c:/devkitPro/libogc/lib/wii\libbte.a(bte.o)
                0x8000d29c                bte_hci_patch_complete
 .text.BTE_Init
                0x8000d57c      0x138 c:/devkitPro/libogc/lib/wii\libbte.a(bte.o)
                0x8000d57c                BTE_Init
 .text.BTE_Shutdown
                0x8000d6b4      0x11c c:/devkitPro/libogc/lib/wii\libbte.a(bte.o)
                0x8000d6b4                BTE_Shutdown
 .text.BTE_InitCore
                0x8000d7d0       0x94 c:/devkitPro/libogc/lib/wii\libbte.a(bte.o)
                0x8000d7d0                BTE_InitCore
 .text.BTE_ApplyPatch
                0x8000d864       0xb8 c:/devkitPro/libogc/lib/wii\libbte.a(bte.o)
                0x8000d864                BTE_ApplyPatch
 .text.BTE_InitSub
                0x8000d91c       0x98 c:/devkitPro/libogc/lib/wii\libbte.a(bte.o)
                0x8000d91c                BTE_InitSub
 .text.BTE_ReadStoredLinkKey
                0x8000d9b4       0x98 c:/devkitPro/libogc/lib/wii\libbte.a(bte.o)
                0x8000d9b4                BTE_ReadStoredLinkKey
 .text.BTE_SetDisconnectCallback
                0x8000da4c        0x4 c:/devkitPro/libogc/lib/wii\libbte.a(bte.o)
                0x8000da4c                BTE_SetDisconnectCallback
 .text.bte_new  0x8000da50       0x54 c:/devkitPro/libogc/lib/wii\libbte.a(bte.o)
                0x8000da50                bte_new
 .text.bte_registerdeviceasync
                0x8000daa4      0x154 c:/devkitPro/libogc/lib/wii\libbte.a(bte.o)
                0x8000daa4                bte_registerdeviceasync
 .text.bte_disconnect
                0x8000dbf8       0xd8 c:/devkitPro/libogc/lib/wii\libbte.a(bte.o)
                0x8000dbf8                bte_disconnect
 .text.bte_senddata
                0x8000dcd0       0xdc c:/devkitPro/libogc/lib/wii\libbte.a(bte.o)
                0x8000dcd0                bte_senddata
 .text.bte_arg  0x8000ddac       0x3c c:/devkitPro/libogc/lib/wii\libbte.a(bte.o)
                0x8000ddac                bte_arg
 .text.bte_received
                0x8000dde8       0x3c c:/devkitPro/libogc/lib/wii\libbte.a(bte.o)
                0x8000dde8                bte_received
 .text.bte_disconnected
                0x8000de24       0x3c c:/devkitPro/libogc/lib/wii\libbte.a(bte.o)
                0x8000de24                bte_disconnected
 .text.hci_init
                0x8000de60       0x7c c:/devkitPro/libogc/lib/wii\libbte.a(hci.o)
                0x8000de60                hci_init
 .text.hci_new  0x8000dedc       0x48 c:/devkitPro/libogc/lib/wii\libbte.a(hci.o)
                0x8000dedc                hci_new
 .text.hci_get_link
                0x8000df24       0x84 c:/devkitPro/libogc/lib/wii\libbte.a(hci.o)
                0x8000df24                hci_get_link
 .text.hci_close
                0x8000dfa8       0xd8 c:/devkitPro/libogc/lib/wii\libbte.a(hci.o)
                0x8000dfa8                hci_close
 .text.hci_reset_all
                0x8000e080       0xbc c:/devkitPro/libogc/lib/wii\libbte.a(hci.o)
                0x8000e080                hci_reset_all
 .text.hci_arg  0x8000e13c        0xc c:/devkitPro/libogc/lib/wii\libbte.a(hci.o)
                0x8000e13c                hci_arg
 .text.hci_cmd_complete
                0x8000e148        0xc c:/devkitPro/libogc/lib/wii\libbte.a(hci.o)
                0x8000e148                hci_cmd_complete
 .text.hci_connection_complete
                0x8000e154        0xc c:/devkitPro/libogc/lib/wii\libbte.a(hci.o)
                0x8000e154                hci_connection_complete
 .text.hci_wlp_complete
                0x8000e160        0xc c:/devkitPro/libogc/lib/wii\libbte.a(hci.o)
                0x8000e160                hci_wlp_complete
 .text.hci_reset
                0x8000e16c       0xa8 c:/devkitPro/libogc/lib/wii\libbte.a(hci.o)
                0x8000e16c                hci_reset
 .text.hci_read_buffer_size
                0x8000e214       0xa8 c:/devkitPro/libogc/lib/wii\libbte.a(hci.o)
                0x8000e214                hci_read_buffer_size
 .text.hci_read_bd_addr
                0x8000e2bc       0xa8 c:/devkitPro/libogc/lib/wii\libbte.a(hci.o)
                0x8000e2bc                hci_read_bd_addr
 .text.hci_read_local_version
                0x8000e364       0xa4 c:/devkitPro/libogc/lib/wii\libbte.a(hci.o)
                0x8000e364                hci_read_local_version
 .text.hci_read_local_features
                0x8000e408       0xa8 c:/devkitPro/libogc/lib/wii\libbte.a(hci.o)
                0x8000e408                hci_read_local_features
 .text.hci_read_stored_link_key
                0x8000e4b0       0xfc c:/devkitPro/libogc/lib/wii\libbte.a(hci.o)
                0x8000e4b0                hci_read_stored_link_key
 .text.hci_write_page_timeout
                0x8000e5ac       0xcc c:/devkitPro/libogc/lib/wii\libbte.a(hci.o)
                0x8000e5ac                hci_write_page_timeout
 .text.hci_write_scan_enable
                0x8000e678       0xb8 c:/devkitPro/libogc/lib/wii\libbte.a(hci.o)
                0x8000e678                hci_write_scan_enable
 .text.hci_accecpt_conn_request
                0x8000e730       0xdc c:/devkitPro/libogc/lib/wii\libbte.a(hci.o)
                0x8000e730                hci_accecpt_conn_request
 .text.hci_write_local_name
                0x8000e80c       0xd4 c:/devkitPro/libogc/lib/wii\libbte.a(hci.o)
                0x8000e80c                hci_write_local_name
 .text.hci_write_pin_type
                0x8000e8e0       0xb8 c:/devkitPro/libogc/lib/wii\libbte.a(hci.o)
                0x8000e8e0                hci_write_pin_type
 .text.hci_write_inquiry_mode
                0x8000e998       0xb8 c:/devkitPro/libogc/lib/wii\libbte.a(hci.o)
                0x8000e998                hci_write_inquiry_mode
 .text.hci_write_page_scan_type
                0x8000ea50       0xb8 c:/devkitPro/libogc/lib/wii\libbte.a(hci.o)
                0x8000ea50                hci_write_page_scan_type
 .text.hci_write_inquiry_scan_type
                0x8000eb08       0xb8 c:/devkitPro/libogc/lib/wii\libbte.a(hci.o)
                0x8000eb08                hci_write_inquiry_scan_type
 .text.hci_vendor_specific_command
                0x8000ebc0       0xe4 c:/devkitPro/libogc/lib/wii\libbte.a(hci.o)
                0x8000ebc0                hci_vendor_specific_command
 .text.hci_write_link_policy_settings
                0x8000eca4       0xfc c:/devkitPro/libogc/lib/wii\libbte.a(hci.o)
                0x8000eca4                hci_write_link_policy_settings
 .text.hci_pin_code_request_neg_reply
                0x8000eda0       0xc8 c:/devkitPro/libogc/lib/wii\libbte.a(hci.o)
                0x8000eda0                hci_pin_code_request_neg_reply
 .text.hci_link_key_req_neg_reply
                0x8000ee68       0xc8 c:/devkitPro/libogc/lib/wii\libbte.a(hci.o)
                0x8000ee68                hci_link_key_req_neg_reply
 .text.hci_disconnect
                0x8000ef30       0xf4 c:/devkitPro/libogc/lib/wii\libbte.a(hci.o)
                0x8000ef30                hci_disconnect
 .text.hci_write_cod
                0x8000f024       0xc8 c:/devkitPro/libogc/lib/wii\libbte.a(hci.o)
                0x8000f024                hci_write_cod
 .text.hci_host_buffer_size
                0x8000f0ec      0x108 c:/devkitPro/libogc/lib/wii\libbte.a(hci.o)
                0x8000f0ec                hci_host_buffer_size
 .text.hci_host_num_comp_packets
                0x8000f1f4      0x104 c:/devkitPro/libogc/lib/wii\libbte.a(hci.o)
                0x8000f1f4                hci_host_num_comp_packets
 .text.lp_pdu_maxsize
                0x8000f2f8        0xc c:/devkitPro/libogc/lib/wii\libbte.a(hci.o)
                0x8000f2f8                lp_pdu_maxsize
 .text.lp_acl_write
                0x8000f304      0x16c c:/devkitPro/libogc/lib/wii\libbte.a(hci.o)
                0x8000f304                lp_acl_write
 .text.lp_write_flush_timeout
                0x8000f470       0xfc c:/devkitPro/libogc/lib/wii\libbte.a(hci.o)
                0x8000f470                lp_write_flush_timeout
 .text.hci_event_handler
                0x8000f56c      0xb7c c:/devkitPro/libogc/lib/wii\libbte.a(hci.o)
                0x8000f56c                hci_event_handler
 .text.hci_acldata_handler
                0x800100e8      0x120 c:/devkitPro/libogc/lib/wii\libbte.a(hci.o)
                0x800100e8                hci_acldata_handler
 .text.l2cap_init
                0x80010208       0x60 c:/devkitPro/libogc/lib/wii\libbte.a(l2cap.o)
                0x80010208                l2cap_init
 .text.l2cap_write
                0x80010268      0x158 c:/devkitPro/libogc/lib/wii\libbte.a(l2cap.o)
                0x80010268                l2cap_write
 .text.l2cap_new
                0x800103c0       0x74 c:/devkitPro/libogc/lib/wii\libbte.a(l2cap.o)
                0x800103c0                l2cap_new
 .text.l2cap_close
                0x80010434      0x1b4 c:/devkitPro/libogc/lib/wii\libbte.a(l2cap.o)
                0x80010434                l2cap_close
 .text.l2cap_reset_all
                0x800105e8      0x17c c:/devkitPro/libogc/lib/wii\libbte.a(l2cap.o)
                0x800105e8                l2cap_reset_all
 .text.l2cap_signal
                0x80010764      0x21c c:/devkitPro/libogc/lib/wii\libbte.a(l2cap.o)
                0x80010764                l2cap_signal
 .text.l2ca_config_req
                0x80010980      0x138 c:/devkitPro/libogc/lib/wii\libbte.a(l2cap.o)
                0x80010980                l2ca_config_req
 .text.l2ca_disconnect_req
                0x80010ab8       0xc4 c:/devkitPro/libogc/lib/wii\libbte.a(l2cap.o)
                0x80010ab8                l2ca_disconnect_req
 .text.l2cap_tmr
                0x80010b7c      0x288 c:/devkitPro/libogc/lib/wii\libbte.a(l2cap.o)
                0x80010b7c                l2cap_tmr
 .text.l2cap_process_sig
                0x80010e04     0x1270 c:/devkitPro/libogc/lib/wii\libbte.a(l2cap.o)
                0x80010e04                l2cap_process_sig
 .text.l2cap_input
                0x80012074      0x564 c:/devkitPro/libogc/lib/wii\libbte.a(l2cap.o)
                0x80012074                l2cap_input
 .text.l2ca_datawrite
                0x800125d8      0x128 c:/devkitPro/libogc/lib/wii\libbte.a(l2cap.o)
                0x800125d8                l2ca_datawrite
 .text.lp_connect_cfm
                0x80012700      0x148 c:/devkitPro/libogc/lib/wii\libbte.a(l2cap.o)
                0x80012700                lp_connect_cfm
 .text.lp_connect_ind
                0x80012848        0x4 c:/devkitPro/libogc/lib/wii\libbte.a(l2cap.o)
                0x80012848                lp_connect_ind
 .text.lp_disconnect_ind
                0x8001284c      0x134 c:/devkitPro/libogc/lib/wii\libbte.a(l2cap.o)
                0x8001284c                lp_disconnect_ind
 .text.l2cap_disconnect_bb
                0x80012980       0x10 c:/devkitPro/libogc/lib/wii\libbte.a(l2cap.o)
                0x80012980                l2cap_disconnect_bb
 .text.l2cap_arg
                0x80012990        0x8 c:/devkitPro/libogc/lib/wii\libbte.a(l2cap.o)
                0x80012990                l2cap_arg
 .text.l2cap_connect_ind
                0x80012998      0x104 c:/devkitPro/libogc/lib/wii\libbte.a(l2cap.o)
                0x80012998                l2cap_connect_ind
 .text.l2cap_disconnect_ind
                0x80012a9c        0x8 c:/devkitPro/libogc/lib/wii\libbte.a(l2cap.o)
                0x80012a9c                l2cap_disconnect_ind
 .text.l2cap_recv
                0x80012aa4        0x8 c:/devkitPro/libogc/lib/wii\libbte.a(l2cap.o)
                0x80012aa4                l2cap_recv
 .text.btmemb_init
                0x80012aac       0x24 c:/devkitPro/libogc/lib/wii\libbte.a(btmemb.o)
                0x80012aac                btmemb_init
 .text.btmemb_alloc
                0x80012ad0       0xb0 c:/devkitPro/libogc/lib/wii\libbte.a(btmemb.o)
                0x80012ad0                btmemb_alloc
 .text.btmemb_free
                0x80012b80       0xb0 c:/devkitPro/libogc/lib/wii\libbte.a(btmemb.o)
                0x80012b80                btmemb_free
 .text.plug_holes
                0x80012c30       0xa4 c:/devkitPro/libogc/lib/wii\libbte.a(btmemr.o)
 .text.btmemr_free.part.0
                0x80012cd4       0x7c c:/devkitPro/libogc/lib/wii\libbte.a(btmemr.o)
 .text.btmemr_init
                0x80012d50       0xa4 c:/devkitPro/libogc/lib/wii\libbte.a(btmemr.o)
                0x80012d50                btmemr_init
 .text.btmemr_malloc
                0x80012df4      0x190 c:/devkitPro/libogc/lib/wii\libbte.a(btmemr.o)
                0x80012df4                btmemr_malloc
 .text.btmemr_free
                0x80012f84       0x28 c:/devkitPro/libogc/lib/wii\libbte.a(btmemr.o)
                0x80012f84                btmemr_free
 .text.btmemr_realloc
                0x80012fac      0x11c c:/devkitPro/libogc/lib/wii\libbte.a(btmemr.o)
                0x80012fac                btmemr_realloc
 .text.btpbuf_init
                0x800130c8       0x28 c:/devkitPro/libogc/lib/wii\libbte.a(btpbuf.o)
                0x800130c8                btpbuf_init
 .text.btpbuf_free
                0x800130f0      0x15c c:/devkitPro/libogc/lib/wii\libbte.a(btpbuf.o)
                0x800130f0                btpbuf_free
 .text.btpbuf_alloc
                0x8001324c      0x234 c:/devkitPro/libogc/lib/wii\libbte.a(btpbuf.o)
                0x8001324c                btpbuf_alloc
 .text.btpbuf_realloc
                0x80013480       0xc4 c:/devkitPro/libogc/lib/wii\libbte.a(btpbuf.o)
                0x80013480                btpbuf_realloc
 .text.btpbuf_header
                0x80013544       0x94 c:/devkitPro/libogc/lib/wii\libbte.a(btpbuf.o)
                0x80013544                btpbuf_header
 .text.btpbuf_ref
                0x800135d8       0x4c c:/devkitPro/libogc/lib/wii\libbte.a(btpbuf.o)
                0x800135d8                btpbuf_ref
 .text.btpbuf_chain
                0x80013624       0xac c:/devkitPro/libogc/lib/wii\libbte.a(btpbuf.o)
                0x80013624                btpbuf_chain
 .text.btpbuf_dechain
                0x800136d0       0x84 c:/devkitPro/libogc/lib/wii\libbte.a(btpbuf.o)
                0x800136d0                btpbuf_dechain
 .text.btpbuf_take
                0x80013754      0x110 c:/devkitPro/libogc/lib/wii\libbte.a(btpbuf.o)
                0x80013754                btpbuf_take
 .text.__usb_closeCB
                0x80013864       0x10 c:/devkitPro/libogc/lib/wii\libbte.a(physbusif.o)
 .text.__writebulkmsgCB
                0x80013874       0x3c c:/devkitPro/libogc/lib/wii\libbte.a(physbusif.o)
 .text.__writectrlmsgCB
                0x800138b0       0x3c c:/devkitPro/libogc/lib/wii\libbte.a(physbusif.o)
 .text.__issue_intrread.part.0
                0x800138ec       0x80 c:/devkitPro/libogc/lib/wii\libbte.a(physbusif.o)
 .text.__readintrdataCB
                0x8001396c      0x13c c:/devkitPro/libogc/lib/wii\libbte.a(physbusif.o)
 .text.__issue_bulkread.part.2
                0x80013aa8       0x80 c:/devkitPro/libogc/lib/wii\libbte.a(physbusif.o)
 .text.__readbulkdataCB
                0x80013b28      0x13c c:/devkitPro/libogc/lib/wii\libbte.a(physbusif.o)
 .text.physbusif_init
                0x80013c64      0x200 c:/devkitPro/libogc/lib/wii\libbte.a(physbusif.o)
                0x80013c64                physbusif_init
 .text.physbusif_close
                0x80013e64       0x20 c:/devkitPro/libogc/lib/wii\libbte.a(physbusif.o)
                0x80013e64                physbusif_close
 .text.physbusif_shutdown
                0x80013e84       0x24 c:/devkitPro/libogc/lib/wii\libbte.a(physbusif.o)
                0x80013e84                physbusif_shutdown
 .text.physbusif_reset_all
                0x80013ea8        0x4 c:/devkitPro/libogc/lib/wii\libbte.a(physbusif.o)
                0x80013ea8                physbusif_reset_all
 .text.physbusif_output
                0x80013eac      0x1a8 c:/devkitPro/libogc/lib/wii\libbte.a(physbusif.o)
                0x80013eac                physbusif_output
 .text.__console_clear_line
                0x80014054       0x84 c:/devkitPro/libogc/lib/wii\libogc.a(console.o)
 .text.__console_clear
                0x800140d8       0x54 c:/devkitPro/libogc/lib/wii\libogc.a(console.o)
 .text.__console_write
                0x8001412c      0x724 c:/devkitPro/libogc/lib/wii\libogc.a(console.o)
                0x8001412c                __console_write
 .text.__console_init
                0x80014850      0x10c c:/devkitPro/libogc/lib/wii\libogc.a(console.o)
                0x80014850                __console_init
 .text.CON_Init
                0x8001495c        0x4 c:/devkitPro/libogc/lib/wii\libogc.a(console.o)
                0x8001495c                CON_Init
 .text.CON_EnableGecko
                0x80014960       0xe8 c:/devkitPro/libogc/lib/wii\libogc.a(console.o)
                0x80014960                CON_EnableGecko
 .text.__lwp_queue_initialize
                0x80014a48       0x54 c:/devkitPro/libogc/lib/wii\libogc.a(lwp_queue.o)
                0x80014a48                __lwp_queue_initialize
 .text.__lwp_queue_get
                0x80014a9c       0x64 c:/devkitPro/libogc/lib/wii\libogc.a(lwp_queue.o)
                0x80014a9c                __lwp_queue_get
 .text.__lwp_queue_append
                0x80014b00       0x50 c:/devkitPro/libogc/lib/wii\libogc.a(lwp_queue.o)
                0x80014b00                __lwp_queue_append
 .text.__lwp_isr_in_progress
                0x80014b50        0x8 c:/devkitPro/libogc/lib/wii\libogc.a(lwp_threads.o)
                0x80014b50                __lwp_isr_in_progress
 .text.__thread_dispatch_fp
                0x80014b58       0x90 c:/devkitPro/libogc/lib/wii\libogc.a(lwp_threads.o)
                0x80014b58                __thread_dispatch_fp
 .text.__thread_dispatch
                0x80014be8      0x11c c:/devkitPro/libogc/lib/wii\libogc.a(lwp_threads.o)
                0x80014be8                __thread_dispatch
 .text.__lwp_thread_resettimeslice
                0x80014d04       0xf0 c:/devkitPro/libogc/lib/wii\libogc.a(lwp_threads.o)
                0x80014d04                __lwp_thread_resettimeslice
 .text.__lwp_thread_tickle_timeslice
                0x80014df4       0xcc c:/devkitPro/libogc/lib/wii\libogc.a(lwp_threads.o)
                0x80014df4                __lwp_thread_tickle_timeslice
 .text.__lwp_thread_setstate
                0x80014ec0      0x158 c:/devkitPro/libogc/lib/wii\libogc.a(lwp_threads.o)
                0x80014ec0                __lwp_thread_setstate
 .text.__lwp_thread_clearstate
                0x80015018       0xf0 c:/devkitPro/libogc/lib/wii\libogc.a(lwp_threads.o)
                0x80015018                __lwp_thread_clearstate
 .text.__lwp_thread_delayended
                0x80015108       0x48 c:/devkitPro/libogc/lib/wii\libogc.a(lwp_threads.o)
                0x80015108                __lwp_thread_delayended
 .text.__lwp_thread_settransient
                0x80015150       0xbc c:/devkitPro/libogc/lib/wii\libogc.a(lwp_threads.o)
                0x80015150                __lwp_thread_settransient
 .text.__lwp_thread_changepriority
                0x8001520c      0x1fc c:/devkitPro/libogc/lib/wii\libogc.a(lwp_threads.o)
                0x8001520c                __lwp_thread_changepriority
 .text.__lwp_thread_ready
                0x80015408       0xf8 c:/devkitPro/libogc/lib/wii\libogc.a(lwp_threads.o)
                0x80015408                __lwp_thread_ready
 .text.__lwp_thread_init
                0x80015500      0x16c c:/devkitPro/libogc/lib/wii\libogc.a(lwp_threads.o)
                0x80015500                __lwp_thread_init
 .text.__lwp_thread_close
                0x8001566c      0x138 c:/devkitPro/libogc/lib/wii\libogc.a(lwp_threads.o)
                0x8001566c                __lwp_thread_close
 .text.__lwp_thread_closeall
                0x800157a4       0xc0 c:/devkitPro/libogc/lib/wii\libogc.a(lwp_threads.o)
                0x800157a4                __lwp_thread_closeall
 .text.__lwp_thread_exit
                0x80015864       0x5c c:/devkitPro/libogc/lib/wii\libogc.a(lwp_threads.o)
                0x80015864                __lwp_thread_exit
 .text.__lwp_thread_handler
                0x800158c0       0x74 c:/devkitPro/libogc/lib/wii\libogc.a(lwp_threads.o)
 .text.__lwp_thread_start
                0x80015934       0xcc c:/devkitPro/libogc/lib/wii\libogc.a(lwp_threads.o)
                0x80015934                __lwp_thread_start
 .text.__lwp_thread_startmultitasking
                0x80015a00       0xb0 c:/devkitPro/libogc/lib/wii\libogc.a(lwp_threads.o)
                0x80015a00                __lwp_thread_startmultitasking
 .text.__lwp_thread_stopmultitasking
                0x80015ab0       0x58 c:/devkitPro/libogc/lib/wii\libogc.a(lwp_threads.o)
                0x80015ab0                __lwp_thread_stopmultitasking
 .text.__lwp_thread_coreinit
                0x80015b08       0xb0 c:/devkitPro/libogc/lib/wii\libogc.a(lwp_threads.o)
                0x80015b08                __lwp_thread_coreinit
 .text.idle_func
                0x80015bb8        0x4 c:/devkitPro/libogc/lib/wii\libogc.a(lwp.o)
 .text.__lwp_sysinit
                0x80015bbc      0x118 c:/devkitPro/libogc/lib/wii\libogc.a(lwp.o)
                0x80015bbc                __lwp_sysinit
 .text.LWP_InitQueue
                0x80015cd4      0x14c c:/devkitPro/libogc/lib/wii\libogc.a(lwp.o)
                0x80015cd4                LWP_InitQueue
 .text.LWP_CloseQueue
                0x80015e20       0xd8 c:/devkitPro/libogc/lib/wii\libogc.a(lwp.o)
                0x80015e20                LWP_CloseQueue
 .text.LWP_ThreadSleep
                0x80015ef8       0xfc c:/devkitPro/libogc/lib/wii\libogc.a(lwp.o)
                0x80015ef8                LWP_ThreadSleep
 .text.LWP_ThreadBroadcast
                0x80015ff4       0x8c c:/devkitPro/libogc/lib/wii\libogc.a(lwp.o)
                0x80015ff4                LWP_ThreadBroadcast
 .text.LWP_ThreadSignal
                0x80016080       0x74 c:/devkitPro/libogc/lib/wii\libogc.a(lwp.o)
                0x80016080                LWP_ThreadSignal
 .text.__lwp_stack_allocate
                0x800160f4       0x84 c:/devkitPro/libogc/lib/wii\libogc.a(lwp_stack.o)
                0x800160f4                __lwp_stack_allocate
 .text.__lwp_stack_free
                0x80016178       0x1c c:/devkitPro/libogc/lib/wii\libogc.a(lwp_stack.o)
                0x80016178                __lwp_stack_free
 .text.__lwp_wd_settimer.isra.3
                0x80016194       0xd0 c:/devkitPro/libogc/lib/wii\libogc.a(lwp_watchdog.o)
 .text.__lwp_watchdog_init
                0x80016264       0x2c c:/devkitPro/libogc/lib/wii\libogc.a(lwp_watchdog.o)
                0x80016264                __lwp_watchdog_init
 .text.__lwp_wd_insert
                0x80016290      0x1e8 c:/devkitPro/libogc/lib/wii\libogc.a(lwp_watchdog.o)
                0x80016290                __lwp_wd_insert
 .text.__lwp_wd_remove
                0x80016478      0x100 c:/devkitPro/libogc/lib/wii\libogc.a(lwp_watchdog.o)
                0x80016478                __lwp_wd_remove
 .text.__lwp_wd_tickle
                0x80016578      0x11c c:/devkitPro/libogc/lib/wii\libogc.a(lwp_watchdog.o)
                0x80016578                __lwp_wd_tickle
 .text.__lwp_wkspace_init
                0x80016694       0xc8 c:/devkitPro/libogc/lib/wii\libogc.a(lwp_wkspace.o)
                0x80016694                __lwp_wkspace_init
 .text.__lwp_objmgr_initinfo
                0x8001675c      0x1a4 c:/devkitPro/libogc/lib/wii\libogc.a(lwp_objmgr.o)
                0x8001675c                __lwp_objmgr_initinfo
 .text.__lwp_objmgr_getisrdisable
                0x80016900       0x68 c:/devkitPro/libogc/lib/wii\libogc.a(lwp_objmgr.o)
                0x80016900                __lwp_objmgr_getisrdisable
 .text.__lwp_objmgr_getnoprotection
                0x80016968       0x24 c:/devkitPro/libogc/lib/wii\libogc.a(lwp_objmgr.o)
                0x80016968                __lwp_objmgr_getnoprotection
 .text.__lwp_objmgr_get
                0x8001698c       0x70 c:/devkitPro/libogc/lib/wii\libogc.a(lwp_objmgr.o)
                0x8001698c                __lwp_objmgr_get
 .text.__lwp_objmgr_allocate
                0x800169fc       0x78 c:/devkitPro/libogc/lib/wii\libogc.a(lwp_objmgr.o)
                0x800169fc                __lwp_objmgr_allocate
 .text.__lwp_objmgr_free
                0x80016a74       0x60 c:/devkitPro/libogc/lib/wii\libogc.a(lwp_objmgr.o)
                0x80016a74                __lwp_objmgr_free
 .text.__lwp_heap_init
                0x80016ad4       0xa8 c:/devkitPro/libogc/lib/wii\libogc.a(lwp_heap.o)
                0x80016ad4                __lwp_heap_init
 .text.__lwp_heap_allocate
                0x80016b7c      0x180 c:/devkitPro/libogc/lib/wii\libogc.a(lwp_heap.o)
                0x80016b7c                __lwp_heap_allocate
 .text.__lwp_heap_free
                0x80016cfc      0x1a0 c:/devkitPro/libogc/lib/wii\libogc.a(lwp_heap.o)
                0x80016cfc                __lwp_heap_free
 .text.__SetInterrupts
                0x80016e9c      0x2a0 c:/devkitPro/libogc/lib/wii\libogc.a(irq.o)
 .text.c_irqdispatcher
                0x8001713c      0x284 c:/devkitPro/libogc/lib/wii\libogc.a(irq.o)
                0x8001713c                c_irqdispatcher
 .text.__UnmaskIrq
                0x800173c0       0x8c c:/devkitPro/libogc/lib/wii\libogc.a(irq.o)
                0x800173c0                __UnmaskIrq
 .text.__MaskIrq
                0x8001744c       0x8c c:/devkitPro/libogc/lib/wii\libogc.a(irq.o)
                0x8001744c                __MaskIrq
 .text.__irq_init
                0x800174d8       0x98 c:/devkitPro/libogc/lib/wii\libogc.a(irq.o)
                0x800174d8                __irq_init
 .text.IRQ_Request
                0x80017570       0x54 c:/devkitPro/libogc/lib/wii\libogc.a(irq.o)
                0x80017570                IRQ_Request
 .text.IRQ_GetHandler
                0x800175c4       0x48 c:/devkitPro/libogc/lib/wii\libogc.a(irq.o)
                0x800175c4                IRQ_GetHandler
 .text.IRQ_Disable
                0x8001760c       0x24 c:/devkitPro/libogc/lib/wii\libogc.a(irq.o)
                0x8001760c                IRQ_Disable
 .text.IRQ_Restore
                0x80017630       0x1c c:/devkitPro/libogc/lib/wii\libogc.a(irq.o)
                0x80017630                IRQ_Restore
 .text.__VISendI2CData.constprop.3
                0x8001764c      0x4a4 c:/devkitPro/libogc/lib/wii\libogc.a(video.o)
 .text.__VIWriteI2CRegister16
                0x80017af0       0x44 c:/devkitPro/libogc/lib/wii\libogc.a(video.o)
 .text.__VIWriteI2CRegister8
                0x80017b34       0x38 c:/devkitPro/libogc/lib/wii\libogc.a(video.o)
 .text.__VISetYUVSEL
                0x80017b6c       0x68 c:/devkitPro/libogc/lib/wii\libogc.a(video.o)
 .text.VIDEO_Configure
                0x80017bd4      0x7d8 c:/devkitPro/libogc/lib/wii\libogc.a(video.o)
                0x80017bd4                VIDEO_Configure
 .text.VIDEO_WaitVSync
                0x800183ac       0x7c c:/devkitPro/libogc/lib/wii\libogc.a(video.o)
                0x800183ac                VIDEO_WaitVSync
 .text.VIDEO_SetFramebuffer
                0x80018428      0x228 c:/devkitPro/libogc/lib/wii\libogc.a(video.o)
                0x80018428                VIDEO_SetFramebuffer
 .text.VIDEO_SetNextFramebuffer
                0x80018650      0x1d4 c:/devkitPro/libogc/lib/wii\libogc.a(video.o)
                0x80018650                VIDEO_SetNextFramebuffer
 .text.VIDEO_Flush
                0x80018824      0x110 c:/devkitPro/libogc/lib/wii\libogc.a(video.o)
                0x80018824                VIDEO_Flush
 .text.VIDEO_SetBlack
                0x80018934      0x160 c:/devkitPro/libogc/lib/wii\libogc.a(video.o)
                0x80018934                VIDEO_SetBlack
 .text.VIDEO_GetCurrentTvMode
                0x80018a94       0x80 c:/devkitPro/libogc/lib/wii\libogc.a(video.o)
                0x80018a94                VIDEO_GetCurrentTvMode
 .text.__VIRetraceHandler
                0x80018b14      0x2c0 c:/devkitPro/libogc/lib/wii\libogc.a(video.o)
 .text.__VISetupEncoder
                0x80018dd4      0x208 c:/devkitPro/libogc/lib/wii\libogc.a(video.o)
 .text.VIDEO_Init
                0x80018fdc      0x410 c:/devkitPro/libogc/lib/wii\libogc.a(video.o)
                0x80018fdc                VIDEO_Init
 .text.VIDEO_GetPreferredMode
                0x800193ec      0x108 c:/devkitPro/libogc/lib/wii\libogc.a(video.o)
                0x800193ec                VIDEO_GetPreferredMode
 .text.VIDEO_GetCurrentLine
                0x800194f4       0xa4 c:/devkitPro/libogc/lib/wii\libogc.a(video.o)
                0x800194f4                VIDEO_GetCurrentLine
 .text.VIDEO_GetFrameBufferSize
                0x80019598       0x30 c:/devkitPro/libogc/lib/wii\libogc.a(video.o)
                0x80019598                VIDEO_GetFrameBufferSize
 .text.__call_resetfuncs
                0x800195c8       0xbc c:/devkitPro/libogc/lib/wii\libogc.a(system.o)
 .text.__MEMInterruptHandler
                0x80019684       0x14 c:/devkitPro/libogc/lib/wii\libogc.a(system.o)
 .text.__POWDefaultHandler
                0x80019698        0x4 c:/devkitPro/libogc/lib/wii\libogc.a(system.o)
 .text.__sram_write
                0x8001969c      0x114 c:/devkitPro/libogc/lib/wii\libogc.a(system.o)
 .text.__unlocksram
                0x800197b0      0x150 c:/devkitPro/libogc/lib/wii\libogc.a(system.o)
 .text.__sram_writecallback
                0x80019900       0x54 c:/devkitPro/libogc/lib/wii\libogc.a(system.o)
 .text.__mem_onreset
                0x80019954       0x48 c:/devkitPro/libogc/lib/wii\libogc.a(system.o)
 .text.__sys_alarmhandler
                0x8001999c       0xec c:/devkitPro/libogc/lib/wii\libogc.a(system.o)
 .text.__STMEventHandler
                0x80019a88       0xec c:/devkitPro/libogc/lib/wii\libogc.a(system.o)
 .text.__sram_read.constprop.10
                0x80019b74      0x124 c:/devkitPro/libogc/lib/wii\libogc.a(system.o)
 .text.__RSWDefaultHandler
                0x80019c98        0x4 c:/devkitPro/libogc/lib/wii\libogc.a(system.o)
 .text.__SYS_GetIPCBufferLo
                0x80019c9c        0x8 c:/devkitPro/libogc/lib/wii\libogc.a(system.o)
                0x80019c9c                __SYS_GetIPCBufferLo
 .text.__SYS_GetIPCBufferHi
                0x80019ca4        0x8 c:/devkitPro/libogc/lib/wii\libogc.a(system.o)
                0x80019ca4                __SYS_GetIPCBufferHi
 .text.__SYS_DoPowerCB
                0x80019cac       0x78 c:/devkitPro/libogc/lib/wii\libogc.a(system.o)
                0x80019cac                __SYS_DoPowerCB
 .text.__SYS_PreInit
                0x80019d24        0x4 c:/devkitPro/libogc/lib/wii\libogc.a(system.o)
                0x80019d24                __SYS_PreInit
 .text.SYS_PreMain
                0x80019d28       0x54 c:/devkitPro/libogc/lib/wii\libogc.a(system.o)
                0x80019d28                SYS_PreMain
 .text.SYS_ResetButtonDown
                0x80019d7c       0x18 c:/devkitPro/libogc/lib/wii\libogc.a(system.o)
                0x80019d7c                SYS_ResetButtonDown
 .text.SYS_ResetSystem
                0x80019d94      0x20c c:/devkitPro/libogc/lib/wii\libogc.a(system.o)
                0x80019d94                SYS_ResetSystem
 .text.__reload
                0x80019fa0       0x80 c:/devkitPro/libogc/lib/wii\libogc.a(system.o)
                0x80019fa0                __reload
 .text.__libogc_exit
                0x8001a020       0x88 c:/devkitPro/libogc/lib/wii\libogc.a(system.o)
                0x8001a020                __libogc_exit
 .text.SYS_RegisterResetFunc
                0x8001a0a8       0x80 c:/devkitPro/libogc/lib/wii\libogc.a(system.o)
                0x8001a0a8                SYS_RegisterResetFunc
 .text.SYS_Init
                0x8001a128      0x6a8 c:/devkitPro/libogc/lib/wii\libogc.a(system.o)
                0x8001a128                SYS_Init
 .text.SYS_SetArena1Lo
                0x8001a7d0       0x3c c:/devkitPro/libogc/lib/wii\libogc.a(system.o)
                0x8001a7d0                SYS_SetArena1Lo
 .text.SYS_GetArena1Lo
                0x8001a80c       0x3c c:/devkitPro/libogc/lib/wii\libogc.a(system.o)
                0x8001a80c                SYS_GetArena1Lo
 .text.SYS_GetArena1Hi
                0x8001a848       0x3c c:/devkitPro/libogc/lib/wii\libogc.a(system.o)
                0x8001a848                SYS_GetArena1Hi
 .text.SYS_SetArena2Lo
                0x8001a884       0x3c c:/devkitPro/libogc/lib/wii\libogc.a(system.o)
                0x8001a884                SYS_SetArena2Lo
 .text.SYS_GetArena2Lo
                0x8001a8c0       0x3c c:/devkitPro/libogc/lib/wii\libogc.a(system.o)
                0x8001a8c0                SYS_GetArena2Lo
 .text.SYS_SetArena2Hi
                0x8001a8fc       0x3c c:/devkitPro/libogc/lib/wii\libogc.a(system.o)
                0x8001a8fc                SYS_SetArena2Hi
 .text.SYS_GetArena2Hi
                0x8001a938       0x3c c:/devkitPro/libogc/lib/wii\libogc.a(system.o)
                0x8001a938                SYS_GetArena2Hi
 .text.SYS_AllocateFramebuffer
                0x8001a974       0x28 c:/devkitPro/libogc/lib/wii\libogc.a(system.o)
                0x8001a974                SYS_AllocateFramebuffer
 .text.SYS_CreateAlarm
                0x8001a99c      0x10c c:/devkitPro/libogc/lib/wii\libogc.a(system.o)
                0x8001a99c                SYS_CreateAlarm
 .text.SYS_SetAlarm
                0x8001aaa8      0x194 c:/devkitPro/libogc/lib/wii\libogc.a(system.o)
                0x8001aaa8                SYS_SetAlarm
 .text.SYS_SetPeriodicAlarm
                0x8001ac3c      0x1f4 c:/devkitPro/libogc/lib/wii\libogc.a(system.o)
                0x8001ac3c                SYS_SetPeriodicAlarm
 .text.SYS_RemoveAlarm
                0x8001ae30      0x110 c:/devkitPro/libogc/lib/wii\libogc.a(system.o)
                0x8001ae30                SYS_RemoveAlarm
 .text.SYS_CancelAlarm
                0x8001af40       0xc0 c:/devkitPro/libogc/lib/wii\libogc.a(system.o)
                0x8001af40                SYS_CancelAlarm
 .text.SYS_SetWirelessID
                0x8001b000       0x90 c:/devkitPro/libogc/lib/wii\libogc.a(system.o)
                0x8001b000                SYS_SetWirelessID
 .text.SYS_GetWirelessID
                0x8001b090       0xa4 c:/devkitPro/libogc/lib/wii\libogc.a(system.o)
                0x8001b090                SYS_GetWirelessID
 .text.SYS_GetHollywoodRevision
                0x8001b134       0x3c c:/devkitPro/libogc/lib/wii\libogc.a(system.o)
                0x8001b134                SYS_GetHollywoodRevision
 .text.__lwp_cond_init
                0x8001b170       0x14 c:/devkitPro/libogc/lib/wii\libogc.a(cond.o)
                0x8001b170                __lwp_cond_init
 .text.__decrementer_init
                0x8001b184        0x4 c:/devkitPro/libogc/lib/wii\libogc.a(decrementer.o)
                0x8001b184                __decrementer_init
 .text.c_decrementer_handler
                0x8001b188        0xc c:/devkitPro/libogc/lib/wii\libogc.a(decrementer.o)
                0x8001b188                c_decrementer_handler
 .text.__lwp_mqbox_init
                0x8001b194       0x14 c:/devkitPro/libogc/lib/wii\libogc.a(message.o)
                0x8001b194                __lwp_mqbox_init
 .text.__si_transfer
                0x8001b1a8      0x180 c:/devkitPro/libogc/lib/wii\libogc.a(si.o)
 .text.__si_alarmhandler
                0x8001b328       0xb4 c:/devkitPro/libogc/lib/wii\libogc.a(si.o)
 .text.__si_completetransfer
                0x8001b3dc      0x1b8 c:/devkitPro/libogc/lib/wii\libogc.a(si.o)
 .text.__si_transfernext
                0x8001b594       0xe4 c:/devkitPro/libogc/lib/wii\libogc.a(si.o)
 .text.SI_Busy  0x8001b678       0x18 c:/devkitPro/libogc/lib/wii\libogc.a(si.o)
                0x8001b678                SI_Busy
 .text.SI_IsChanBusy
                0x8001b690       0x38 c:/devkitPro/libogc/lib/wii\libogc.a(si.o)
                0x8001b690                SI_IsChanBusy
 .text.SI_SetXY
                0x8001b6c8       0x68 c:/devkitPro/libogc/lib/wii\libogc.a(si.o)
                0x8001b6c8                SI_SetXY
 .text.SI_EnablePolling
                0x8001b730       0x7c c:/devkitPro/libogc/lib/wii\libogc.a(si.o)
                0x8001b730                SI_EnablePolling
 .text.SI_DisablePolling
                0x8001b7ac       0x5c c:/devkitPro/libogc/lib/wii\libogc.a(si.o)
                0x8001b7ac                SI_DisablePolling
 .text.SI_SetSamplingRate
                0x8001b808       0xe8 c:/devkitPro/libogc/lib/wii\libogc.a(si.o)
                0x8001b808                SI_SetSamplingRate
 .text.SI_RefreshSamplingRate
                0x8001b8f0        0x8 c:/devkitPro/libogc/lib/wii\libogc.a(si.o)
                0x8001b8f0                SI_RefreshSamplingRate
 .text.SI_GetStatus
                0x8001b8f8       0x80 c:/devkitPro/libogc/lib/wii\libogc.a(si.o)
                0x8001b8f8                SI_GetStatus
 .text.SI_GetResponseRaw
                0x8001b978       0x98 c:/devkitPro/libogc/lib/wii\libogc.a(si.o)
                0x8001b978                SI_GetResponseRaw
 .text.SI_GetResponse
                0x8001ba10       0xbc c:/devkitPro/libogc/lib/wii\libogc.a(si.o)
                0x8001ba10                SI_GetResponse
 .text.SI_SetCommand
                0x8001bacc       0x10 c:/devkitPro/libogc/lib/wii\libogc.a(si.o)
                0x8001bacc                SI_SetCommand
 .text.SI_Transfer
                0x8001badc      0x244 c:/devkitPro/libogc/lib/wii\libogc.a(si.o)
                0x8001badc                SI_Transfer
 .text.__si_gettypecallback
                0x8001bd20      0x2b8 c:/devkitPro/libogc/lib/wii\libogc.a(si.o)
 .text.__si_interrupthandler
                0x8001bfd8      0x248 c:/devkitPro/libogc/lib/wii\libogc.a(si.o)
 .text.SI_GetType
                0x8001c220      0x1dc c:/devkitPro/libogc/lib/wii\libogc.a(si.o)
                0x8001c220                SI_GetType
 .text.SI_GetTypeAsync
                0x8001c3fc      0x140 c:/devkitPro/libogc/lib/wii\libogc.a(si.o)
                0x8001c3fc                SI_GetTypeAsync
 .text.SI_EnablePollingInterrupt
                0x8001c53c       0xb0 c:/devkitPro/libogc/lib/wii\libogc.a(si.o)
                0x8001c53c                SI_EnablePollingInterrupt
 .text.SI_UnregisterPollingHandler
                0x8001c5ec       0xec c:/devkitPro/libogc/lib/wii\libogc.a(si.o)
                0x8001c5ec                SI_UnregisterPollingHandler
 .text.__si_init
                0x8001c6d8       0xf8 c:/devkitPro/libogc/lib/wii\libogc.a(si.o)
                0x8001c6d8                __si_init
 .text.__ipc_sendrequest
                0x8001c7d0       0xf4 c:/devkitPro/libogc/lib/wii\libogc.a(ipc.o)
 .text.__ipc_syncrequest
                0x8001c8c4       0xe4 c:/devkitPro/libogc/lib/wii\libogc.a(ipc.o)
 .text.iosFree.part.0
                0x8001c9a8       0x20 c:/devkitPro/libogc/lib/wii\libogc.a(ipc.o)
 .text.__ipc_interrupthandler
                0x8001c9c8      0x2f0 c:/devkitPro/libogc/lib/wii\libogc.a(ipc.o)
 .text.__ios_ioctlvformat_parse
                0x8001ccb8      0x7ac c:/devkitPro/libogc/lib/wii\libogc.a(ipc.o)
 .text.__ioctlvfmtCB
                0x8001d464      0x130 c:/devkitPro/libogc/lib/wii\libogc.a(ipc.o)
 .text.__ipc_asyncrequest
                0x8001d594      0x130 c:/devkitPro/libogc/lib/wii\libogc.a(ipc.o)
 .text.__IPC_Init.part.2
                0x8001d6c4       0x3c c:/devkitPro/libogc/lib/wii\libogc.a(ipc.o)
 .text.iosCreateHeap
                0x8001d700      0x144 c:/devkitPro/libogc/lib/wii\libogc.a(ipc.o)
                0x8001d700                iosCreateHeap
 .text.iosAlloc
                0x8001d844       0x30 c:/devkitPro/libogc/lib/wii\libogc.a(ipc.o)
                0x8001d844                iosAlloc
 .text.iosFree  0x8001d874        0xc c:/devkitPro/libogc/lib/wii\libogc.a(ipc.o)
                0x8001d874                iosFree
 .text.__IPC_ClntInit
                0x8001d880       0xa4 c:/devkitPro/libogc/lib/wii\libogc.a(ipc.o)
                0x8001d880                __IPC_ClntInit
 .text.IOS_Open
                0x8001d924       0xf8 c:/devkitPro/libogc/lib/wii\libogc.a(ipc.o)
                0x8001d924                IOS_Open
 .text.IOS_Close
                0x8001da1c       0xb8 c:/devkitPro/libogc/lib/wii\libogc.a(ipc.o)
                0x8001da1c                IOS_Close
 .text.IOS_CloseAsync
                0x8001dad4       0xb4 c:/devkitPro/libogc/lib/wii\libogc.a(ipc.o)
                0x8001dad4                IOS_CloseAsync
 .text.IOS_Read
                0x8001db88       0xf4 c:/devkitPro/libogc/lib/wii\libogc.a(ipc.o)
                0x8001db88                IOS_Read
 .text.IOS_Write
                0x8001dc7c       0xf4 c:/devkitPro/libogc/lib/wii\libogc.a(ipc.o)
                0x8001dc7c                IOS_Write
 .text.IOS_Ioctl
                0x8001dd70      0x140 c:/devkitPro/libogc/lib/wii\libogc.a(ipc.o)
                0x8001dd70                IOS_Ioctl
 .text.IOS_IoctlAsync
                0x8001deb0      0x148 c:/devkitPro/libogc/lib/wii\libogc.a(ipc.o)
                0x8001deb0                IOS_IoctlAsync
 .text.IOS_Ioctlv
                0x8001dff8      0x1d4 c:/devkitPro/libogc/lib/wii\libogc.a(ipc.o)
                0x8001dff8                IOS_Ioctlv
 .text.IOS_IoctlvAsync
                0x8001e1cc      0x1dc c:/devkitPro/libogc/lib/wii\libogc.a(ipc.o)
                0x8001e1cc                IOS_IoctlvAsync
 .text.IOS_IoctlvFormat
                0x8001e3a8      0x170 c:/devkitPro/libogc/lib/wii\libogc.a(ipc.o)
                0x8001e3a8                IOS_IoctlvFormat
 .text.IOS_IoctlvReboot
                0x8001e518      0x1d8 c:/devkitPro/libogc/lib/wii\libogc.a(ipc.o)
                0x8001e518                IOS_IoctlvReboot
 .text.__time_exi_unlock
                0x8001e6f0       0x28 c:/devkitPro/libogc/lib/wii\libogc.a(timesupp.o)
 .text.__getrtc
                0x8001e718      0x110 c:/devkitPro/libogc/lib/wii\libogc.a(timesupp.o)